05-25 18:07:48.562  5418  5538 I [SC]DataMigrationEventOperator: Handle migration event : NONE , obj : Bundle[{link_feature=LinkFeature{runtimeFeatureName='com.samsung.android.scloud.app.datamigrator.resolver.OneDriveRuntimeFeature', partnerPkgName='com.microsoft.skydrive', partnerAppStore=PlayStore, isAppStoreAvailable=true, hasLinkGuideTip=false, hasLinkErrorTip=false, galleryDashboardType=Disable, galleryViewMoreOperation=Disable, hasGalleryRoamingMenu=true, hasGalleryRecentContentMenu=false, gallerySyncMode=Disable, showChinaClient=false, hasHiddenLinkErrorTip=false}, state_update_type=APP_CREATED, link_migration_result=null, link_context=LinkContext{contextType=CACHED, linkType=OneDrive, linkStatusInfo=LinkStatusInfo{linkState=None, isNewUser=true}, isTriggeredDevice=false, linkPolicy=LinkPolicy{policyData=Bundle[{IS_LINK_START_SUPPORTED=false, IsChinaDevice=false, IS_SEP_LITE_DEVICE=true, IsChinaAccount=false}]}}}]
05-25 18:07:48.564  5418  5418 I [SC]DataMigrationEventOperator: Getter handled immediately : Operation GET_LINK_CONTEXT
05-25 18:07:48.565  5418  5418 I [SC]DataMigrationEventOperator: Getter handled immediately : Operation GET_LINK_FEATURE
05-25 18:07:48.568  5418  5569 I [SC]RequestObject: New request object created : 0, UPDATE_STATUS
05-25 18:07:48.571  5418  5569 I [SC]TipsOperator: handled: REQUEST_UPDATE_TIPS_CONFIGURATION
05-25 18:07:48.572 13777 13777 I GOS:GameServiceReceiver: action : com.samsung.android.intent.action.PACKAGE_INSTALL_STARTED
05-25 18:07:48.573 13777 13777 I GOS:GameServiceReceiver:  PkgInstallStarted for com.nassdk.careeriest UserID : 0
05-25 18:07:48.574  5418  5817 I [SC]TipsProvider: call : UPDATE_STATUS
05-25 18:07:48.577  5418  5563 I [SC]SyncSettingOperator: handled: REQUEST_UPDATE_SYNC_LIST
05-25 18:07:48.582 13983  5820 I FILP/FilterInstaller: uninstallFilters
05-25 18:07:48.591 22453 22541 I Rubin   : [129158] RunestoneLogUtil.getAppVersion(RunestoneLogUtil.java:43) : com.nassdk.careeriest is not exist
05-25 18:07:48.595  4671  4671 E audit   : type=1400 audit(1653491268.589:209644): avc:  denied  { getattr } for  pid=522 comm="DetectPable" path="/proc/fb" dev="proc" ino=4026532038 scontext=u:r:shell:s0 tcontext=u:object_r:proc_fb:s0 tclass=file permissive=0 SEPF_SM-M317F_11_0010 audit_filtered
05-25 18:07:48.595  4671  4671 E audit   : type=1300 audit(1653491268.589:209644): arch=c00000b7 syscall=79 success=no exit=-13 a0=9 a1=7d853f0cf8 a2=7d853f0d00 a3=100 items=0 ppid=520 pid=522 auid=4294967295 uid=2000 gid=2000 euid=2000 suid=2000 fsuid=2000 egid=2000 sgid=2000 fsgid=2000 tty=pts1 ses=4294967295 comm="DetectPable" exe="/data/local/tmp/perfd/transport" subj=u:r:shell:s0 key=(null)
05-25 18:07:48.595  4671  4671 E audit   : type=1327 audit(1653491268.589:209644): proctitle=2F646174612F6C6F63616C2F746D702F70657266642F7472616E73706F7274002D636F6E6669675F66696C653D2F646174612F6C6F63616C2F746D702F70657266642F6461656D6F6E2E636F6E666967
05-25 18:07:48.596  4671  4671 E audit   : type=1400 audit(1653491268.589:209645): avc:  denied  { getattr } for  pid=522 comm="DetectPable" path="/proc/keys" dev="proc" ino=4026532571 scontext=u:r:shell:s0 tcontext=u:object_r:proc_keys:s0 tclass=file permissive=0 SEPF_SM-M317F_11_0010 audit_filtered
05-25 18:07:48.598 13983  5820 I FILP/FilterInstaller: removeFromFS : com.nassdk.careeriest, cursor size : 0
05-25 18:07:48.599 13983  5820 I FILP/FilterProvider: delete match : 1000
05-25 18:07:48.600 13983  5820 I FILP/FilterInstaller: Delete DB result : com.nassdk.careeriest, 0
05-25 18:07:48.630  5418  5538 I [SC]TipsOperator: type  TIPS STATUS = FINISHED, RESULT = SUCCESS
05-25 18:07:48.631  5418  5569 I [SC]TipsOperator: Handle tips event - STATUS : FINISHED, RESULT : SUCCESS, MSG : 600205301
05-25 18:07:48.641  5120 10517 D MotionRecognitionService: values = 30.0
05-25 18:07:48.641  5120 10517 D MotionRecognitionService: onReceive lux: 30.0  action:
05-25 18:07:48.641  5120 10517 D MotionRecognitionService: Inject brightness form Cam 30.0
05-25 18:07:48.641  5120 10517 D MotionRecognitionService: Inject calibrated lux
05-25 18:07:48.642  4717  4717 I SensorsHub: AutoBrightnessSensor::inject_sensor_data: cam_lux 30
05-25 18:07:48.693   522   534 D StudioTransport: Running '/system/bin/cmd activity profile start --sampling 1 com.samsung.android.mobileservice /data/local/tmp/profileable_reporter.tmp 2>/dev/null'
05-25 18:07:48.747  5825  5827 I cmd     : oneway function results will be dropped but finished with status OK and parcel size 4
05-25 18:07:48.752   522   534 D StudioTransport: Running '/system/bin/cmd activity profile start --sampling 1 com.sec.android.app.soundalive /data/local/tmp/profileable_reporter.tmp 2>/dev/null'
05-25 18:07:48.809  5829  5831 I cmd     : oneway function results will be dropped but finished with status OK and parcel size 4
05-25 18:07:48.814   522   534 D StudioTransport: Running '/system/bin/cmd activity profile start --sampling 1 com.sec.unifiedwfc /data/local/tmp/profileable_reporter.tmp 2>/dev/null'
05-25 18:07:48.842  5120 10517 D MotionRecognitionService: values = 30.0
05-25 18:07:48.842  5120 10517 D MotionRecognitionService: onReceive lux: 30.0  action:
05-25 18:07:48.842  5120 10517 D MotionRecognitionService: Inject brightness form Cam 30.0
05-25 18:07:48.842  5120 10517 D MotionRecognitionService: Inject calibrated lux
05-25 18:07:48.843  4717  4717 I SensorsHub: AutoBrightnessSensor::inject_sensor_data: cam_lux 30
05-25 18:07:48.878  5833  5835 I cmd     : oneway function results will be dropped but finished with status OK and parcel size 4
05-25 18:07:48.977  4467  4522 I gle.android.tt: Waiting for a blocking GC ProfileSaver
05-25 18:07:49.018  4467  4522 I gle.android.tt: WaitForGcToComplete blocked ProfileSaver on RunEmptyCheckpoint for 41.273ms
05-25 18:07:49.043  5120 10517 D MotionRecognitionService: values = 30.0
05-25 18:07:49.043  5120 10517 D MotionRecognitionService: onReceive lux: 30.0  action:
05-25 18:07:49.043  5120 10517 D MotionRecognitionService: Inject brightness form Cam 30.0
05-25 18:07:49.043  5120 10517 D MotionRecognitionService: Inject calibrated lux
05-25 18:07:49.043  4717  4717 I SensorsHub: AutoBrightnessSensor::inject_sensor_data: cam_lux 30
05-25 18:07:49.243  5120 10517 D MotionRecognitionService: values = 30.0
05-25 18:07:49.243  5120 10517 D MotionRecognitionService: onReceive lux: 30.0  action:
05-25 18:07:49.243  5120 10517 D MotionRecognitionService: Inject brightness form Cam 30.0
05-25 18:07:49.244  5120 10517 D MotionRecognitionService: Inject calibrated lux
05-25 18:07:49.245  4717  4717 I SensorsHub: AutoBrightnessSensor::inject_sensor_data: cam_lux 30
05-25 18:07:49.444  5120 10517 D MotionRecognitionService: values = 30.0
05-25 18:07:49.444  5120 10517 D MotionRecognitionService: onReceive lux: 30.0  action:
05-25 18:07:49.445  5120 10517 D MotionRecognitionService: Inject brightness form Cam 30.0
05-25 18:07:49.445  5120 10517 D MotionRecognitionService: Inject calibrated lux
05-25 18:07:49.447  4717  4717 I SensorsHub: AutoBrightnessSensor::inject_sensor_data: cam_lux 30
05-25 18:07:49.573  4944  5103 I System.out: (HTTPLog)-Static: isSBSettingEnabled false
05-25 18:07:49.573  4944  5103 I System.out: (HTTPLog)-Static: isSBSettingEnabled false
05-25 18:07:49.575  4694  4801 E Netd    : getNetworkForDns: getNetId from enterpriseCtrl is netid 0
05-25 18:07:49.582  4695  4695 I Zygote  : Process 26078 exited due to signal 9 (Killed)
05-25 18:07:49.584  5120  5200 I libprocessgroup: Successfully killed process cgroup uid 10192 pid 26078 in 59ms
05-25 18:07:49.593  4840 20730 I CameraService: UidPolicy: No processes running for a uid=10192 disabled=0
05-25 18:07:49.646  5120 10517 D MotionRecognitionService: values = 30.0
05-25 18:07:49.646  5120 10517 D MotionRecognitionService: onReceive lux: 30.0  action:
05-25 18:07:49.646  5120 10517 D MotionRecognitionService: Inject brightness form Cam 30.0
05-25 18:07:49.646  5120 10517 D MotionRecognitionService: Inject calibrated lux
05-25 18:07:49.646  4717  4717 I SensorsHub: AutoBrightnessSensor::inject_sensor_data: cam_lux 30
05-25 18:07:49.814  4824  4880 I facebook.syste: WaitForGcToComplete blocked RunEmptyCheckpoint on ProfileSaver for 8.664ms
05-25 18:07:49.846  5120 10517 D MotionRecognitionService: values = 30.0
05-25 18:07:49.846  5120 10517 D MotionRecognitionService: onReceive lux: 30.0  action:
05-25 18:07:49.846  5120 10517 D MotionRecognitionService: Inject brightness form Cam 30.0
05-25 18:07:49.846  5120 10517 D MotionRecognitionService: Inject calibrated lux
05-25 18:07:49.848  4717  4717 I SensorsHub: AutoBrightnessSensor::inject_sensor_data: cam_lux 30
05-25 18:07:49.908  4671  4671 E audit   : type=1400 audit(1653491269.901:209692): avc:  denied  { getattr } for  pid=522 comm="DetectPable" path="/proc/fb" dev="proc" ino=4026532038 scontext=u:r:shell:s0 tcontext=u:object_r:proc_fb:s0 tclass=file permissive=0 SEPF_SM-M317F_11_0010 audit_filtered
05-25 18:07:49.908  4671  4671 E audit   : type=1300 audit(1653491269.901:209692): arch=c00000b7 syscall=79 success=no exit=-13 a0=9 a1=7d853f5f78 a2=7d853f5f80 a3=100 items=0 ppid=520 pid=522 auid=4294967295 uid=2000 gid=2000 euid=2000 suid=2000 fsuid=2000 egid=2000 sgid=2000 fsgid=2000 tty=pts1 ses=4294967295 comm="DetectPable" exe="/data/local/tmp/perfd/transport" subj=u:r:shell:s0 key=(null)
05-25 18:07:49.909  4671  4671 E audit   : type=1327 audit(1653491269.901:209692): proctitle=2F646174612F6C6F63616C2F746D702F70657266642F7472616E73706F7274002D636F6E6669675F66696C653D2F646174612F6C6F63616C2F746D702F70657266642F6461656D6F6E2E636F6E666967
05-25 18:07:49.910  4671  4671 E audit   : type=1400 audit(1653491269.905:209693): avc:  denied  { getattr } for  pid=522 comm="DetectPable" path="/proc/keys" dev="proc" ino=4026532571 scontext=u:r:shell:s0 tcontext=u:object_r:proc_keys:s0 tclass=file permissive=0 SEPF_SM-M317F_11_0010 audit_filtered
05-25 18:07:50.046  5120 10517 D MotionRecognitionService: values = 30.0
05-25 18:07:50.046  5120 10517 D MotionRecognitionService: onReceive lux: 30.0  action:
05-25 18:07:50.046  5120 10517 D MotionRecognitionService: Inject brightness form Cam 30.0
05-25 18:07:50.047  5120 10517 D MotionRecognitionService: Inject calibrated lux
05-25 18:07:50.048  4717  4717 I SensorsHub: AutoBrightnessSensor::inject_sensor_data: cam_lux 30
05-25 18:07:50.058  4944  4997 I rosoft.skydriv: Waiting for a blocking GC ProfileSaver
05-25 18:07:50.148  4944  4997 I rosoft.skydriv: WaitForGcToComplete blocked ProfileSaver on ClassLinker for 90.045ms
05-25 18:07:50.169  4944  4977 I rosoft.skydriv: WaitForGcToComplete blocked RunEmptyCheckpoint on ProfileSaver for 20.287ms
05-25 18:07:50.189  5120  5366 D InputReader: Btn_touch(7): value=1 when=939958.684959
05-25 18:07:50.189  5120  5366 I InputReader: Touch event's action is 0x0 (id=2, t=0) [pCnt=1, s=0.38666 ] when=939958.684959
05-25 18:07:50.190  5120  5365 I InputDispatcher: Delivering touch to (9548): action: 0x4, f=0x0, d=0, 'fca2f6e', t=1
05-25 18:07:50.190  5120  5365 I InputDispatcher: Delivering touch to (9788): action: 0x0, f=0x0, d=0, 'f5f141e', t=1
05-25 18:07:50.191  9788  9788 I ViewRootImpl@2ff126d[LauncherActivity]: ViewPostIme pointer 0
05-25 18:07:50.191  9788  9788 W BaseDragLayer: dispatchTouchEvent, ACTION_DOWN - mTouchDispatchState = 9
05-25 18:07:50.191  9788  9788 W StatusBarController: onControllerInterceptTouchEvent return false by setting value
05-25 18:07:50.191  9788  9788 W BaseDragLayer: findActiveController return false mTouchDispatchState = 9
05-25 18:07:50.192  9788  9788 W RecentsAnimationDeviceState: isInSwipeUpTouchRegion = false
05-25 18:07:50.194  9788  9788 W TouchInteractionService: onInputEvent, inputConsumer = com.android.quickstep.-$$Lambda$InputConsumer$pgTpBxbssXPLgozwhOXQifnNImE@df1277d
05-25 18:07:50.208  4695  4695 I Zygote  : Process 18946 exited due to signal 9 (Killed)
05-25 18:07:50.212  5120  5200 I libprocessgroup: Successfully killed process cgroup uid 10203 pid 18946 in 73ms
05-25 18:07:50.213  4840 20730 I CameraService: UidPolicy: No processes running for a uid=10203 disabled=0
05-25 18:07:50.221  9788  9788 W StatusBarController: onControllerInterceptTouchEvent return false by setting value
05-25 18:07:50.221  9788  9788 W BaseDragLayer: findActiveController return false mTouchDispatchState = 9
05-25 18:07:50.230  9788  9788 W AppsTransitionController: locate app failed, bundle: null
05-25 18:07:50.233  9788  9788 I CapturedBlur: takeScreenShot() shouldTakeScreenshot: false
05-25 18:07:50.233  9788  9788 I StateManager: onStateTransitionStart mState = AllApps
05-25 18:07:50.234  9788  9788 I Launcher.AppsPagedView: setLayout(), l: 38, r: 38, b: 108, spacing: 39
05-25 18:07:50.234  9788  9788 W HsDeviceProfile: getDrawablePaddingSizeRatio : 0.3
05-25 18:07:50.235  9788  9788 W HsDeviceProfile: mFixedLargeSize: 2274, iconSizePx: 154, iconTextSizePx: 37, fontScale: 1.1, fontSize : 3, iconDrawablePaddingPx: 6, isLandscape: false, invIconSizeRatio home: 6.8
05-25 18:07:50.235  9788  9788 W HsDeviceProfile: invIconSizeRatio apps: 6.8
05-25 18:07:50.236  9788  9880 I Launcher.BaseIconFactory: mIconBitmapSize = 161, fillResIconDpi: 640
05-25 18:07:50.243  9788  9788 I Launcher: onStateSetEnd for widget host, state : AllApps
05-25 18:07:50.243  9788  9788 I LauncherRecentsView: onStateTransitionStart AllApps
05-25 18:07:50.243  9788  9788 I RecentsView: setOverviewStateEnabled false
05-25 18:07:50.244  9788  9788 I LiveIconViewUpdater: onUpdateLiveIcon 68
05-25 18:07:50.244  9788  9788 E libprocessgroup: set_timerslack_ns write failed: Operation not permitted
05-25 18:07:50.245  9788  9788 I LiveIconViewUpdater: onUpdateLiveIcon 71
05-25 18:07:50.245  9788  9788 I BaseDragLayer: founded touch controller : com.android.launcher3.uioverrides.touchcontrollers.NoButtonNavbarToOverviewTouchController@4d15afb
05-25 18:07:50.246  9788  9788 I BaseDragLayer: activeController - com.android.launcher3.uioverrides.touchcontrollers.NoButtonNavbarToOverviewTouchController
05-25 18:07:50.247  5120 10517 D MotionRecognitionService: values = 30.0
05-25 18:07:50.247  5120 10517 D MotionRecognitionService: onReceive lux: 30.0  action:
05-25 18:07:50.248  5120 10517 D MotionRecognitionService: Inject brightness form Cam 30.0
05-25 18:07:50.248  5120 10517 D MotionRecognitionService: Inject calibrated lux
05-25 18:07:50.248  4717  4717 I SensorsHub: AutoBrightnessSensor::inject_sensor_data: cam_lux 30
05-25 18:07:50.251  9788  9788 I BadgeRenderer: Invalid count : 0
05-25 18:07:50.251  9788  9788 I BadgeRenderer: Invalid count : 0
05-25 18:07:50.251  9788  9788 I BadgeRenderer: Invalid count : 0
05-25 18:07:50.251  9788  9788 I BadgeRenderer: Invalid count : 0
05-25 18:07:50.251  9788  9788 I BadgeRenderer: Invalid count : 0
05-25 18:07:50.251  9788  9788 I BadgeRenderer: Invalid count : 0
05-25 18:07:50.252  9788  9788 I BadgeRenderer: Invalid count : 0
05-25 18:07:50.252  9788  9788 I BadgeRenderer: Invalid count : 0
05-25 18:07:50.252  9788  9788 I BadgeRenderer: Invalid count : 0
05-25 18:07:50.272  9788  9788 I SPayUpdater: updateSpayHandler, show = false, currentDefaultPage = false
05-25 18:07:50.273  9788  9788 E libprocessgroup: set_timerslack_ns write failed: Operation not permitted
05-25 18:07:50.305  5120  5366 D InputReader: Btn_touch(7): value=0 when=939958.800459
05-25 18:07:50.305  5120  5366 I InputReader: Touch event's action is 0x1 (id=2, t=0) [pCnt=1, s=] when=939958.800459
05-25 18:07:50.305  5120  5365 I InputDispatcher: Delivering touch to (9788): action: 0x1, f=0x0, d=0, 'f5f141e', t=1
05-25 18:07:50.311  5120  5120 I SemDvfsHyPerManager: acquire hyper - GESTURE_DETECTED/5120@28, type = -999
05-25 18:07:50.311  4722  4794 I HYPER-HAL: [RequestManager.cpp]acquire(): Acquired ID : 13253554  [5120 / 28]    HINT : GESTURE_DETECTED    list : [TIMEOUT / 1297]
05-25 18:07:50.312  5120  5120 I SemDvfsHyPerManager: acquire hyper - GESTURE_DETECTED/5120@28, type = -999
05-25 18:07:50.312  4722  4794 I HYPER-HAL: [ResourceManager.cpp]updateResource(): [CPUMinFreq] UpdateResource Request ID : 13253554    Value : 936000
05-25 18:07:50.312  4722  4794 I HYPER-HAL: [RequestManager.cpp]acquire(): Acquired ID : 13253554  [5120 / 28]    HINT : GESTURE_DETECTED    list : [TIMEOUT / 1297]
05-25 18:07:50.312  4722  4794 I HYPER-HAL: [ResourceManager.cpp]updateResource(): [CPUMinFreq] UpdateResource Request ID : 13253554    Value : 936000
05-25 18:07:50.320  9788  9788 I ViewRootImpl@2ff126d[LauncherActivity]: ViewPostIme pointer 1
05-25 18:07:50.321  9788  9788 W FlingAndHoldTouchController: onDragEnd, isPaused = false, handlingOverviewAnim = false
05-25 18:07:50.321  9788  9788 W PortraitStatesTouchCtrl: updateSwipeCompleteAnimation, isFling = true, targetState = AllApps
05-25 18:07:50.321  9788  9788 I StateManager: onStateTransitionStart mState = AllApps
05-25 18:07:50.321  9788  9788 I Launcher.AppsPagedView: setLayout(), l: 38, r: 38, b: 108, spacing: 39
05-25 18:07:50.322  9788  9788 W HsDeviceProfile: getDrawablePaddingSizeRatio : 0.3
05-25 18:07:50.322  9788  9788 W HsDeviceProfile: mFixedLargeSize: 2274, iconSizePx: 154, iconTextSizePx: 37, fontScale: 1.1, fontSize : 3, iconDrawablePaddingPx: 6, isLandscape: false, invIconSizeRatio home: 6.8
05-25 18:07:50.322  9788  9788 W HsDeviceProfile: invIconSizeRatio apps: 6.8
05-25 18:07:50.323  9788  9880 I Launcher.BaseIconFactory: mIconBitmapSize = 161, fillResIconDpi: 640
05-25 18:07:50.332  9788  9788 I Launcher: onStateSetEnd for widget host, state : AllApps
05-25 18:07:50.333  9788  9788 I LauncherRecentsView: onStateTransitionStart AllApps
05-25 18:07:50.333  9788  9788 I RecentsView: setOverviewStateEnabled false
05-25 18:07:50.333  9788  9788 I BlurOperator: progress = 1.0, mBlurProgress = 0.0, forced = true, mForced = false
05-25 18:07:50.333  9788  9788 I BlurOperator: mSetTime = 1653490213924, currentTimeMs = 1653491270333
05-25 18:07:50.333  9788  9788 I BlurOperator: blurAmount = 0.125, mBgBlurAmount = 0.125, show = true, mPreBlur = 0.0, mDuration = 139
05-25 18:07:50.333  9788  9788 W TouchInteractionService: reset
05-25 18:07:50.337  9788  9788 I BadgeRenderer: Invalid count : 0
05-25 18:07:50.337  9788  9788 I BadgeRenderer: Invalid count : 0
05-25 18:07:50.338  9788  9788 I BadgeRenderer: Invalid count : 0
05-25 18:07:50.338  9788  9788 I BadgeRenderer: Invalid count : 0
05-25 18:07:50.338  9788  9788 I BadgeRenderer: Invalid count : 0
05-25 18:07:50.338  9788  9788 I BadgeRenderer: Invalid count : 0
05-25 18:07:50.338  9788  9788 I BadgeRenderer: Invalid count : 0
05-25 18:07:50.338  9788  9788 I BadgeRenderer: Invalid count : 0
05-25 18:07:50.338  9788  9788 I BadgeRenderer: Invalid count : 0
05-25 18:07:50.448  5120 10517 D MotionRecognitionService: values = 30.0
05-25 18:07:50.448  5120 10517 D MotionRecognitionService: onReceive lux: 30.0  action:
05-25 18:07:50.448  5120 10517 D MotionRecognitionService: Inject brightness form Cam 30.0
05-25 18:07:50.448  5120 10517 D MotionRecognitionService: Inject calibrated lux
05-25 18:07:50.449  4717  4717 I SensorsHub: AutoBrightnessSensor::inject_sensor_data: cam_lux 30
05-25 18:07:50.483  9788  9788 I RecentsView: Skip loading task enabled : false  changeId : -1
05-25 18:07:50.484  9788  9788 I LauncherRecentsView: onStateTransitionComplete AllApps
05-25 18:07:50.490  9788  9788 I StateManager: goToStateAnimated mStateChanged is false
05-25 18:07:50.492  9788  9788 I StateManager: End animation. mStateChanged is changed to False
05-25 18:07:50.493  9788  9788 I ASCTouchController: clearState
05-25 18:07:50.498  9788  9788 W PortraitStatesTouchCtrl: onSwipeInteractionCompleted, targetState = AllApps
05-25 18:07:50.501  9788  9788 I SPayUpdater: updateSpayHandler, show = false, currentDefaultPage = false
05-25 18:07:50.501  9788  9788 I InputMethodManager: startInputInner - mService.startInputOrWindowGainedFocus
05-25 18:07:50.502  5120 11274 D InputMethodManagerService: mSecureKeypadEnabled = false
05-25 18:07:50.502  5120 11274 D InputMethodManagerService: mDesktopModeManager null!
05-25 18:07:50.502  5120 11274 V InputMethodManagerService: getDisplayIdOfInputMethodWindowToBeAdded : 0
05-25 18:07:50.503  5120 11274 D InputMethodManagerService: checkDisplayOfStartInputAndUpdateKeyboard display Id 0last 0
05-25 18:07:50.503  5120 11274 D InputTransport: Input channel constructed: 'ClientS', fd=1355
05-25 18:07:50.503  5120 11274 D InputTransport: Input channel destroyed: 'ClientS', fd=1355
05-25 18:07:50.504  1524  1524 I HBD     : HoneyBoardService onFinishInput
05-25 18:07:50.505  1524  1524 I HBD     : a IC have been unbinded,  InputConnectionWrapper{idHash=#cadb9c5 mMissingMethods=}
05-25 18:07:50.505  1524  1524 I HBD     : HoneyBoardService [PF_CL][onFinishInput]  443153 ns
05-25 18:07:50.505  1524  1524 I HBD     : HoneyBoardService [IMI] onStartInput - caller pid : 9788 , caller uid : 10125
05-25 18:07:50.505  1524  1524 I HBD     : i updateConfigs
05-25 18:07:50.505  1524  1524 I HBD     : i isEnabledNightMode : false
05-25 18:07:50.505  1524  1524 I HBD     : a IC have been binded, InputConnectionWrapper{idHash=#cadb9c5 mMissingMethods=}
05-25 18:07:50.505  1524  1524 I HBD     : h [EditorInputType]setPrivateImeOptionsToTable privateImeOptions ( null )
05-25 18:07:50.505  1524  1524 I HBD     : b incognitoMode : false
05-25 18:07:50.505  1524  1524 I HBD     : a needOff = true , isForceOff = false, isNullInputClass : true
05-25 18:07:50.506  1524  1524 I HBD     : h getDefaultInputRange : UNKNOWN
05-25 18:07:50.506  1524  1524 I HBD     : h getDefaultInputRange : UNKNOWN
05-25 18:07:50.506  1524  1524 I HBD     : h getDefaultInputRange : UNKNOWN
05-25 18:07:50.506  5120 11274 D SdpManagerService: Not an enterprise user : 0
05-25 18:07:50.507  5120 11274 D SdpManagerService: Not an enterprise user : 0
05-25 18:07:50.508  1524  1524 I HBD     : h getDefaultInputRange : UNKNOWN
05-25 18:07:50.508  1524  1524 I HBD     : a currentState : 0
05-25 18:07:50.509  1524  1524 I HBD     : h load selected json info : {"version":"1.0","currentLanguageOrder":0,"selected":[{"activeOptionList":["auto_replace","auto_spacing"],"engName":"Russian","id":3342336,"inputType":"qwerty","isUsed":true},{"activeOptionList":["auto_replace","auto_spacing"],"engName":"English","id":65537,"inputType":"qwerty","isUsed":true}]}
05-25 18:07:50.510  1524  1524 I HBD     : a [UpdatePolicy] [post] a: 0 cl: 3342336 kit: [0/0] vt: 0 ir: 1
05-25 18:07:50.511  1524  1524 I HBD     : HoneyBoardService [PF_OP][onStartInput]  6070307 ns
05-25 18:07:50.562  4749  4749 I SurfaceFlinger: SFWD update time=939959057906073
05-25 18:07:50.648  5120 10517 D MotionRecognitionService: values = 30.0
05-25 18:07:50.648  5120 10517 D MotionRecognitionService: onReceive lux: 30.0  action:
05-25 18:07:50.648  5120 10517 D MotionRecognitionService: Inject brightness form Cam 30.0
05-25 18:07:50.648  5120 10517 D MotionRecognitionService: Inject calibrated lux
05-25 18:07:50.649  4717  4717 I SensorsHub: AutoBrightnessSensor::inject_sensor_data: cam_lux 30
05-25 18:07:50.848  5120 10517 D MotionRecognitionService: values = 30.0
05-25 18:07:50.848  5120 10517 D MotionRecognitionService: onReceive lux: 30.0  action:
05-25 18:07:50.848  5120 10517 D MotionRecognitionService: Inject brightness form Cam 30.0
05-25 18:07:50.848  5120 10517 D MotionRecognitionService: Inject calibrated lux
05-25 18:07:50.849  4717  4717 I SensorsHub: AutoBrightnessSensor::inject_sensor_data: cam_lux 30
05-25 18:07:50.917  4944  5844 I System.out: (HTTPLog)-Static: isSBSettingEnabled false
05-25 18:07:50.918  4944  5844 I System.out: (HTTPLog)-Static: isSBSettingEnabled false
05-25 18:07:50.919  4694  4801 E Netd    : getNetworkForDns: getNetId from enterpriseCtrl is netid 0
05-25 18:07:51.049  5120 10517 D MotionRecognitionService: values = 30.0
05-25 18:07:51.049  5120 10517 D MotionRecognitionService: onReceive lux: 30.0  action:
05-25 18:07:51.049  5120 10517 D MotionRecognitionService: Inject brightness form Cam 30.0
05-25 18:07:51.049  5120 10517 D MotionRecognitionService: Inject calibrated lux
05-25 18:07:51.050  4717  4717 I SensorsHub: AutoBrightnessSensor::inject_sensor_data: cam_lux 30
05-25 18:07:51.054  4671  4671 E audit   : type=1400 audit(1653491271.049:209740): avc:  denied  { getattr } for  pid=522 comm="DetectPable" path="/proc/fb" dev="proc" ino=4026532038 scontext=u:r:shell:s0 tcontext=u:object_r:proc_fb:s0 tclass=file permissive=0 SEPF_SM-M317F_11_0010 audit_filtered
05-25 18:07:51.054  4671  4671 E audit   : type=1300 audit(1653491271.049:209740): arch=c00000b7 syscall=79 success=no exit=-13 a0=9 a1=7d853f0e38 a2=7d853f0e40 a3=100 items=0 ppid=520 pid=522 auid=4294967295 uid=2000 gid=2000 euid=2000 suid=2000 fsuid=2000 egid=2000 sgid=2000 fsgid=2000 tty=pts1 ses=4294967295 comm="DetectPable" exe="/data/local/tmp/perfd/transport" subj=u:r:shell:s0 key=(null)
05-25 18:07:51.055  4671  4671 E audit   : type=1327 audit(1653491271.049:209740): proctitle=2F646174612F6C6F63616C2F746D702F70657266642F7472616E73706F7274002D636F6E6669675F66696C653D2F646174612F6C6F63616C2F746D702F70657266642F6461656D6F6E2E636F6E666967
05-25 18:07:51.055  4671  4671 E audit   : type=1400 audit(1653491271.049:209741): avc:  denied  { getattr } for  pid=522 comm="DetectPable" path="/proc/keys" dev="proc" ino=4026532571 scontext=u:r:shell:s0 tcontext=u:object_r:proc_keys:s0 tclass=file permissive=0 SEPF_SM-M317F_11_0010 audit_filtered
05-25 18:07:51.096  5120 11274 I system_server: oneway function results will be dropped but finished with status OK and parcel size 4
05-25 18:07:51.096  4742  5083 D NativeSemDvfsManager: release():: mIsAcquired = 1 , mName =   , mTagName : AudioFlinger
05-25 18:07:51.096  4742  5083 E NativeCustomFrequencyManager: [NativeCFMS] BpCustomFrequencyManager::release()
05-25 18:07:51.096  5120 11274 I system_server: oneway function results will be dropped but finished with status OK and parcel size 4
05-25 18:07:51.097  4722  4794 I HYPER-HAL: [ResourceManager.cpp]removeResource(): [CPUMinFreq] RemoveResource Request ID : 16489153
05-25 18:07:51.098  4722  4794 I HYPER-HAL: [RequestManager.cpp]releaseLocked(): Released ID : 16489153
05-25 18:07:51.250  5120 10517 D MotionRecognitionService: values = 30.0
05-25 18:07:51.250  5120 10517 D MotionRecognitionService: onReceive lux: 30.0  action:
05-25 18:07:51.251  5120 10517 D MotionRecognitionService: Inject brightness form Cam 30.0
05-25 18:07:51.251  5120 10517 D MotionRecognitionService: Inject calibrated lux
05-25 18:07:51.253  4717  4717 I SensorsHub: AutoBrightnessSensor::inject_sensor_data: cam_lux 30
05-25 18:07:51.452  5120 10517 D MotionRecognitionService: values = 30.0
05-25 18:07:51.453  5120 10517 D MotionRecognitionService: onReceive lux: 30.0  action:
05-25 18:07:51.453  5120 10517 D MotionRecognitionService: Inject brightness form Cam 30.0
05-25 18:07:51.453  5120 10517 D MotionRecognitionService: Inject calibrated lux
05-25 18:07:51.454  4717  4717 I SensorsHub: AutoBrightnessSensor::inject_sensor_data: cam_lux 30
05-25 18:07:51.610  4722  5842 I HYPER-HAL: [ResourceManager.cpp]removeResource(): [CPUMinFreq] RemoveResource Request ID : 13253554
05-25 18:07:51.611  4722  5842 I HYPER-HAL: [RequestManager.cpp]releaseLocked(): Released ID : 13253554
05-25 18:07:51.654  5120 10517 D MotionRecognitionService: values = 30.0
05-25 18:07:51.654  5120 10517 D MotionRecognitionService: onReceive lux: 30.0  action:
05-25 18:07:51.654  5120 10517 D MotionRecognitionService: Inject brightness form Cam 30.0
05-25 18:07:51.654  5120 10517 D MotionRecognitionService: Inject calibrated lux
05-25 18:07:51.657  4717  4717 I SensorsHub: AutoBrightnessSensor::inject_sensor_data: cam_lux 30
05-25 18:07:51.751  5334  5416 I ung.gpuwatchap: Waiting for a blocking GC ProfileSaver
05-25 18:07:51.777  5334  5416 I ung.gpuwatchap: WaitForGcToComplete blocked ProfileSaver on RunEmptyCheckpoint for 26.752ms
05-25 18:07:51.855  5120 10517 D MotionRecognitionService: values = 30.0
05-25 18:07:51.855  5120 10517 D MotionRecognitionService: onReceive lux: 30.0  action:
05-25 18:07:51.855  5120 10517 D MotionRecognitionService: Inject brightness form Cam 30.0
05-25 18:07:51.856  5120 10517 D MotionRecognitionService: Inject calibrated lux
05-25 18:07:51.863  4717  4717 I SensorsHub: AutoBrightnessSensor::inject_sensor_data: cam_lux 30
05-25 18:07:51.882  5418  5460 I .android.sclou: Waiting for a blocking GC ProfileSaver
05-25 18:07:51.934  5418  5460 I .android.sclou: WaitForGcToComplete blocked ProfileSaver on ClassLinker for 52.657ms
05-25 18:07:51.949  5418  5443 I .android.sclou: WaitForGcToComplete blocked RunEmptyCheckpoint on ProfileSaver for 14.118ms
05-25 18:07:52.057  5120 10517 D MotionRecognitionService: values = 30.0
05-25 18:07:52.057  5120 10517 D MotionRecognitionService: onReceive lux: 30.0  action:
05-25 18:07:52.057  5120 10517 D MotionRecognitionService: Inject brightness form Cam 30.0
05-25 18:07:52.057  5120 10517 D MotionRecognitionService: Inject calibrated lux
05-25 18:07:52.060  4717  4717 I SensorsHub: AutoBrightnessSensor::inject_sensor_data: cam_lux 30
05-25 18:07:52.109  5482  5527 I .osp.app.signi: Waiting for a blocking GC ProfileSaver
05-25 18:07:52.159  5482  5527 I .osp.app.signi: WaitForGcToComplete blocked ProfileSaver on ClassLinker for 49.648ms
05-25 18:07:52.174  5482  5505 I .osp.app.signi: WaitForGcToComplete blocked RunEmptyCheckpoint on ProfileSaver for 15.257ms
05-25 18:07:52.195  4671  4671 E audit   : type=1400 audit(1653491272.189:209788): avc:  denied  { getattr } for  pid=522 comm="DetectPable" path="/proc/fb" dev="proc" ino=4026532038 scontext=u:r:shell:s0 tcontext=u:object_r:proc_fb:s0 tclass=file permissive=0 SEPF_SM-M317F_11_0010 audit_filtered
05-25 18:07:52.195  4671  4671 E audit   : type=1300 audit(1653491272.189:209788): arch=c00000b7 syscall=79 success=no exit=-13 a0=9 a1=7d853e6cf8 a2=7d853e6d00 a3=100 items=0 ppid=520 pid=522 auid=4294967295 uid=2000 gid=2000 euid=2000 suid=2000 fsuid=2000 egid=2000 sgid=2000 fsgid=2000 tty=pts1 ses=4294967295 comm="DetectPable" exe="/data/local/tmp/perfd/transport" subj=u:r:shell:s0 key=(null)
05-25 18:07:52.195  4671  4671 E audit   : type=1327 audit(1653491272.189:209788): proctitle=2F646174612F6C6F63616C2F746D702F70657266642F7472616E73706F7274002D636F6E6669675F66696C653D2F646174612F6C6F63616C2F746D702F70657266642F6461656D6F6E2E636F6E666967
05-25 18:07:52.195  4671  4671 E audit   : type=1400 audit(1653491272.189:209789): avc:  denied  { getattr } for  pid=522 comm="DetectPable" path="/proc/keys" dev="proc" ino=4026532571 scontext=u:r:shell:s0 tcontext=u:object_r:proc_keys:s0 tclass=file permissive=0 SEPF_SM-M317F_11_0010 audit_filtered
05-25 18:07:52.244 10519 10554 I CameraLightSensor_Service: MSG_SERVICE_CAMERA_LOOP
05-25 18:07:52.247 10519 10554 I CameraLightSensor_Service: startBackgroundThread : mBackgroundHandler is set
05-25 18:07:52.249 10519 10554 I CameraManager: registerAvailabilityCallback: Is device callback = false
05-25 18:07:52.249 10519 10554 I CameraManagerGlobal: postSingleUpdate device: camera id 0 status STATUS_PRESENT
05-25 18:07:52.249 10519 10554 I CameraManagerGlobal: postSingleUpdate device: camera id 1 status STATUS_PRESENT
05-25 18:07:52.249 10519  5850 I CameraLightSensor_Service: Camera 1 is available
05-25 18:07:52.249 10519  5850 I CameraLightSensor_Service: Camera open callback start
05-25 18:07:52.250 10519 10554 I CameraManagerGlobal: postSingleUpdate device: camera id 2 status STATUS_PRESENT
05-25 18:07:52.250 10519 10554 I CameraManagerGlobal: postSingleUpdate device: camera id 3 status STATUS_PRESENT
05-25 18:07:52.255  4840 20730 I CameraService: CameraService::connect call (PID -1 "com.samsung.adaptivebrightnessgo", camera ID 1) for HAL version default and Camera API version 2
05-25 18:07:52.255  4840 20730 I CameraService: UidPolicy: isUidActive, uid = 5021
05-25 18:07:52.256  4840 20730 I CameraService: this is a adaptive brightness service.
05-25 18:07:52.256  4840 20730 I CameraService: CameraService::validateClientPermissionsLocked is ok : calling pid 10519, calling uid 5021, client com.samsung.adaptivebrightnessgo , cameraservice pid=4840, device user 0, currently allowed device users: 0
05-25 18:07:52.256  4840 20730 I CameraService: CameraService::handleEvictionsLocked
05-25 18:07:52.257  4840 20730 I CameraService: this is a adaptive brightness service.
05-25 18:07:52.257  4840 20730 I CameraService: wouldEvictLocked: current cost=0, cost=51, total cost=51, max cost=100, returnIncompatibleClients=false
05-25 18:07:52.257  4840 20730 I CameraService: wouldEvictLocked: owner=10519, priority-score=999, highestPriorityOwner=10519, highestPriority-score=999
05-25 18:07:52.257  4840 20730 I CameraFlashlight: prepareDeviceOpen: prepare for device open(cameraId=1)
05-25 18:07:52.258  4840 20730 D Camera3-RequestInjector: RequestInjector[1] Mapper created
05-25 18:07:52.258  4840 20730 I Camera2ClientBase: Camera 1: Opened. Client: com.samsung.adaptivebrightnessgo (PID 10519, UID 5021)
05-25 18:07:52.258  5120 10517 D MotionRecognitionService: values = 30.0
05-25 18:07:52.258  4840 20730 I CameraDeviceClient: CameraDeviceClient 1: Opened
05-25 18:07:52.258  5120 10517 D MotionRecognitionService: onReceive lux: 30.0  action:
05-25 18:07:52.258  5120 10517 D MotionRecognitionService: Inject brightness form Cam 30.0
05-25 18:07:52.258  5120 10517 D MotionRecognitionService: Inject calibrated lux
05-25 18:07:52.259  4717  4717 I SensorsHub: AutoBrightnessSensor::inject_sensor_data: cam_lux 30
05-25 18:07:52.261  4840 20730 I CameraService: service.camera.client set to com.samsung.adaptivebrightnessgo
05-25 18:07:52.261  4840 20730 I CameraService: startCameraOps: Start camera ops, package name = com.samsung.adaptivebrightnessgo, client UID = 5021
05-25 18:07:52.261  4840 20730 I CameraService: this is a adaptive brightness service.
05-25 18:07:52.266  4840 20730 I CameraService: Drop checking dpm for package com.samsung.adaptivebrightnessgo(pid 10519)
05-25 18:07:52.266  4840 20730 I CameraService: Drop updateStatus callbak for package com.samsung.adaptivebrightnessgo(pid 10519)
05-25 18:07:52.266  4840 20730 I CameraService: updateProxyDeviceState: notifyCameraState for Camera ID 1,  newState 0, facing 1, clientName com.samsung.adaptivebrightnessgo, apiLevel 2
05-25 18:07:52.267  5120  9383 I AudioManager: setParameters keyValuePairs = cameraFacing=front
05-25 18:07:52.267  5120 11274 I CameraManagerGlobal: Camera 1 facing CAMERA_FACING_FRONT state now CAMERA_STATE_OPEN for client com.samsung.adaptivebrightnessgo API Level 2
05-25 18:07:52.267  4840 20730 D Camera3-Device: CameraPerf: initialize E
05-25 18:07:52.267  4840 20730 D Camera3-Device: initialize: mInterfaceLock.lock()
05-25 18:07:52.267  4840 20730 D CameraProviderManager: CameraPerf: openSession E
05-25 18:07:52.268  9548  9597 I CameraManagerGlobal: Camera 1 facing CAMERA_FACING_FRONT state now CAMERA_STATE_OPEN for client com.samsung.adaptivebrightnessgo API Level 2
05-25 18:07:52.268 10866 10678 I CameraManagerGlobal: Camera 1 facing CAMERA_FACING_FRONT state now CAMERA_STATE_OPEN for client com.samsung.adaptivebrightnessgo API Level 2
05-25 18:07:52.268  4725  4725 I SehCamDev@5.0-impl: [CAMKPI] camera3->open : E
05-25 18:07:52.268 10519 13987 I CameraManagerGlobal: Camera 1 facing CAMERA_FACING_FRONT state now CAMERA_STATE_OPEN for client com.samsung.adaptivebrightnessgo API Level 2
05-25 18:07:52.269 10866 10678 I CameraManagerGlobal: onCameraDeviceStateChangedLocked: post device state update
05-25 18:07:52.269  4725  4725 I ExynosCameraInterface: INFO(HAL3_camera_device_open[67]):camera(1) master(1), slave(-1) camInfoIndex(1) in ======
05-25 18:07:52.269  4725  4725 I ExynosCameraInterface: [m_checkAndSetMultiDeviceCamId : 763] camera (1) is opened at idx (0, 0)
05-25 18:07:52.269 10866 10678 I CameraManagerGlobal: onCameraDeviceStateChangedLocked: post device state update
05-25 18:07:52.269  4725  4725 E ExynosCamera: Build Date is (Oct 19 2021) (10:44:08)
05-25 18:07:52.269  4725  4725 I ExynosCamera: [CAM(1)][]-(m_init[97]):CameraId_0 (1)
05-25 18:07:52.269  4725  4725 I ExynosCamera: [CAM(1)][Front_0]-(m_init[110]):Single cameara enabled! CameraId (1) m_scenario(0) sensorType(1)
05-25 18:07:52.269  4725  4725 I ExynosCameraSec: [CAM(1)][Front_0]-(m_vendorSpecificPreConstructor[56]):-IN-
05-25 18:07:52.269  4725  4725 I SecCameraUtil: INFO(isEEprom[225]): SAMSUNG_EEPROM_FRONT is not defined
05-25 18:07:52.269  4725  4725 I ExynosCameraSec: [CAM(1)][Front_0]-(m_vendorSpecificPreConstructor[60]):-OUT-
05-25 18:07:52.269  4725  4725 I ExynosCameraSensorInfo: [CAM_ID(1)]-INFO(createExynosCameraSensorInfo[611]):sensorId 121 name IMX616
05-25 18:07:52.269  4725  4725 I SecCameraUtil: INFO(checkFpsProperty[72]): set cam_fps property (0).
05-25 18:07:52.269  4725  4725 I ExynosCameraConfigurationsSec: [CAM(1)][Front_0]-(checkCountryCodeProperty[1342]):countryCode Property - (RU)
05-25 18:07:52.269  4701  5089 D audio_hw_primary: device-adev_set_parameters: enter with key(cameraFacing=front)
05-25 18:07:52.269  4725  4725 I ExynosCameraConfigurations: [CAM(1)][Front_0]-(setDefaultCameraInfo[148]):
05-25 18:07:52.269  4725  4725 I ExynosCameraSensorInfo: [CAM_ID(1)]-INFO(createExynosCameraSensorInfo[611]):sensorId 121 name IMX616
05-25 18:07:52.270  4725  4725 I SecCameraUtil: INFO(checkBinningProperty[89]): set cam_binning property 0
05-25 18:07:52.270  4725  4725 I ExynosCameraParameters: [CAM(1)][Front_0]-(setDefaultCameraInfo[139]):
05-25 18:07:52.270  4725  4725 I ExynosCamera: [CAM(1)][Front_0]-(m_createIonAllocator[4762]):try(1) to create IonAllocator
05-25 18:07:52.270  4725  4725 I ExynosCamera: [CAM(1)][Front_0]-(m_initMultiCam[366]):-IN-
05-25 18:07:52.270  4725  4725 I ExynosCamera: [CAM(1)][Front_0]-(m_initMultiCam[442]):-OUT-
05-25 18:07:52.271  4725  4725 I ExynosCameraSec: [CAM(1)][Front_0]-(m_vendorSpecificConstructor[67]):-IN-
05-25 18:07:52.271  4725  4725 I ExynosCameraSec: [CAM(1)][Front_0]-(m_vendorSpecificConstructor[127]):-OUT-
05-25 18:07:52.271  4725  4725 I ExynosCameraInterface: INFO(HAL3_camera_device_open[134]):camera(1) out from new g_cam_device3[1]->priv()
05-25 18:07:52.271  4840 20730 I CameraProviderManager: Camera device device@3.5/legacy/1 torch status is now NOT_AVAILABLE
05-25 18:07:52.271  4840 20730 I CameraService: onTorchStatusChangedLocked: Torch status changed for cameraId=1, newStatus=0
05-25 18:07:52.271  4840 20730 E CameraService: onTorchStatusChangedLocked: cannot get torch status of camera 1: No such file or directory (-2)
05-25 18:07:52.272  9548 10628 D onCameraDeviceStateChanged: onCameraDeviceStateChanged1 1 0 com.samsung.adaptivebrightnessgo
05-25 18:07:52.272  4725  4725 I ExynosCameraInterface: INFO(HAL3_camera_device_open[237]):camera(1) out =====
05-25 18:07:52.272  4725  4725 I ExynosCameraInterface: DEBUG:duration time(    3 msec):(HAL3_camera_device_open)
05-25 18:07:52.272  4725  4725 I SehCamDev@5.0-impl: [CAMKPI] camera3->open : X
05-25 18:07:52.273  4725  4725 I ExynosCameraInterface: INFO(HAL3_camera_device_initialize[384]):in =====
05-25 18:07:52.273  4725  4725 E ExynosCameraInterface: INFO(HAL3_camera_device_initialize[390]): dual cam_state[0](3)
05-25 18:07:52.273  4725  4725 I ExynosCameraInterface: INFO(HAL3_camera_device_initialize[400]):out =====
05-25 18:07:52.273  4725  4725 I ExynosCameraInterface: DEBUG:duration time(    0 msec):(HAL3_camera_device_initialize)
05-25 18:07:52.274  4725  4725 E FMQ     : grantorIdx must be less than 3
05-25 18:07:52.275  4725  4725 E FMQ     : grantorIdx must be less than 3
05-25 18:07:52.276  4840 20730 D CameraProviderManager: CameraPerf: openSession X (8ms)
05-25 18:07:52.277  4840 20730 E FMQ     : grantorIdx must be less than 3
05-25 18:07:52.277  4840 20730 E FMQ     : grantorIdx must be less than 3
05-25 18:07:52.278  4840 20730 D Camera3-Device: CameraPerf: initialize X (10ms)
05-25 18:07:52.278  4840 20730 D Camera3-Device: CameraPerf: initializeCommonLocked: E
05-25 18:07:52.278  4840 20730 I Camera3-Status: addComponent: Adding new component 0 - InFlightStatus
05-25 18:07:52.278  4840 20730 I Camera3-Status: addComponent: Adding new component 1 - RequestThread
05-25 18:07:52.279  4840 20730 D Camera3-Device: CameraPerf: initializeCommonLocked: X (0ms)
05-25 18:07:52.279  4840  5854 I Camera3-Device: Watchdog...
05-25 18:07:52.279  4840 20730 E Camera2-FrameProcessorBase: FrameProcessorBase: created
05-25 18:07:52.280  4840 20730 E Camera2-FrameProcessorBase: registerListener: Registering listener for frame id range 0 - 2147483647
05-25 18:07:52.280  4840 20730 I CameraService: CameraService::finishConnectLocked E
05-25 18:07:52.280  4840 20730 I CameraService: wouldEvictLocked: current cost=0, cost=51, total cost=51, max cost=100, returnIncompatibleClients=false
05-25 18:07:52.280  4840 20730 I CameraService: wouldEvictLocked: owner=10519, priority-score=999, highestPriorityOwner=10519, highestPriority-score=999
05-25 18:07:52.280  4840 20730 I CameraService: this is a adaptive brightness service.
05-25 18:07:52.281  4840 20730 I CameraService: addAndEvict: push the client(owner 10519, priorityScore 999, state 6) to mClients
05-25 18:07:52.281  4840 20730 I CameraService: CameraService::finishConnectLocked X
05-25 18:07:52.281  4840 20730 I CameraDeviceClient: notifyAppPackageName
05-25 18:07:52.281  4840 20730 D Camera3-Device: CameraPerf: setParameters E
05-25 18:07:52.281  4725  4725 I ExynosCameraInterface: DEBUG(HAL3_camera_device_set_parameters[516]):
05-25 18:07:52.282  4725  4725 I ExynosCameraSec: [CAM(1)][Front_0]-(setParameters[1481]):
05-25 18:07:52.282  4725  4725 I ExynosCameraConfigurationsSec: [CAM(1)][Front_0]-(checkClientPackageName[1493]):packageName (com.samsung.adaptivebrightnessgo) cameraClient (0)
05-25 18:07:52.282  4725  4725 I ExynosCameraInterface: DEBUG:duration time(    1 msec):(HAL3_camera_device_set_parameters)
05-25 18:07:52.282  4840 20730 D Camera3-Device: CameraPerf: setParameters X (0ms)
05-25 18:07:52.282  4840 20730 I CameraService: Notified package name to HAL.
05-25 18:07:52.283 10519  5850 I CameraLightSensor_Service: Camera open callback finish
05-25 18:07:52.283 10519  5850 I CameraLightSensor_Service: Camera acquired, time = 9417458818
05-25 18:07:52.283  4840 20730 D Camera3-Device: CameraPerf: constructDefaultRequestSettings templateId: 1 E
05-25 18:07:52.283  4725  4725 I ExynosCameraInterface: INFO(HAL3_camera_device_construct_default_request_settings[446]):in =====
05-25 18:07:52.284  4725  4725 I ExynosCameraMetadataConverter: [CAM(1)][]-(constructDefaultRequestSettings[95]):Type(1)
05-25 18:07:52.284  4725  4725 I ExynosCameraMetadataConverter: [CAM(1)][]-(constructDefaultRequestSettings[124]):type is ANDROID_CONTROL_CAPTURE_INTENT_PREVIEW
05-25 18:07:52.284  4725  4725 I ExynosCameraMetadataConverter: [CAM(1)][]-(constructDefaultRequestSettings[478]):Registered default request template(1)
05-25 18:07:52.284  4725  4725 I ExynosCamera: [CAM(1)][Front_0]-(construct_default_request_settings[1172]):out
05-25 18:07:52.284  4725  4725 I ExynosCameraInterface: INFO(HAL3_camera_device_construct_default_request_settings[455]):out =====
05-25 18:07:52.284  4725  4725 I ExynosCameraInterface: DEBUG:duration time(    1 msec):(HAL3_camera_device_construct_default_request_settings)
05-25 18:07:52.284  4840 20730 D Camera3-Device: CameraPerf: constructDefaultRequestSettings X (0ms)
05-25 18:07:52.285  4840 20730 D Camera3-Device: CameraPerf: setParameters E
05-25 18:07:52.286  4725  4725 I ExynosCameraInterface: DEBUG(HAL3_camera_device_set_parameters[516]):
05-25 18:07:52.286  4725  4725 I ExynosCameraSec: [CAM(1)][Front_0]-(setParameters[1481]):
05-25 18:07:52.286  4725  4725 I ExynosCameraConfigurationsSec: [CAM(1)][Front_0]-(m_checkDeviceSwitching[1525]):device-switching is NULL
05-25 18:07:52.286  4725  4725 I ExynosCameraConfigurationsSec: [CAM(1)][Front_0]-(m_checkShootingMode[1771]):shootingmode 30
05-25 18:07:52.286  4725  4725 I ExynosCameraConfigurationsSec: [CAM(1)][Front_0]-(m_checkVtMode[1735]):newVTMode (-1)
05-25 18:07:52.286  4725  4725 I ExynosCameraInterface: DEBUG:duration time(    0 msec):(HAL3_camera_device_set_parameters)
05-25 18:07:52.287  4840 20730 D Camera3-Device: CameraPerf: setParameters X (1ms)
05-25 18:07:52.287  4840 20730 D Camera3-Device: waitUntilDrained: mInterfaceLock.unlock()
05-25 18:07:52.287  4725  5856 I ExynosCameraSec: [CAM(1)][Front_0]-(m_fastenPreviewFactoryThreadFunc[30939]):
05-25 18:07:52.289  4840 20730 D CameraDeviceClient: createStream E
05-25 18:07:52.289  4840 20730 D CameraDeviceClient: createSurfaceFromGbp E: cameraId=1, isStreamInfoValid=0, option=0
05-25 18:07:52.289  4725  5856 I ExynosCameraFrameFactoryPreview: [CAM(1)][Front_0]-(create[43]):
05-25 18:07:52.290  4725  5856 I ExynosCameraFrameFactoryBase: [CAM(1)][Front_0]-(create[37]):
05-25 18:07:52.290  4725  5856 I ExynosCameraFrameFactoryPreviewSec: [CAM(1)][Front_0]-(m_setupConfig[256]):
05-25 18:07:52.290  4725  5856 I ExynosCameraFrameFactoryPreview: [CAM(1)][Front_0]-(m_setDeviceInfo[731]):
05-25 18:07:52.290  4840 20730 W CameraDeviceClient: createSurfaceFromGbp: Camera 1 with consumer usage flag: 256: Forcing asynchronous mode for stream
05-25 18:07:52.290  4840 20730 D CameraDeviceClient: createSurfaceFromGbp: consumer usage flag: 256, useAsync: 1
05-25 18:07:52.290  4725  5856 I ExynosCameraFrameFactoryPreviewSec: [CAM(1)][Front_0]-(m_constructPipes[340]):
05-25 18:07:52.291  4840 20730 D CameraDeviceClient: createSurfaceFromGbp: width=1, height=1, format=1, dataSpace=0
05-25 18:07:52.291  4840 20730 W CameraDeviceClient: createSurfaceFromGbp: Camera 1: Overriding format 0x1 to IMPLEMENTATION_DEFINED
05-25 18:07:52.291  4840 20730 D CameraDeviceClient: roundBufferDimensionNearest  inWidth=1 inHeight=1, outWidth=176 outHeight=144 X
05-25 18:07:52.291  4840 20730 D CameraDeviceClient: createSurfaceFromGbp X
05-25 18:07:52.292  4725  5856 E libacryl: Failed to get G2D command version [Invalid argument]
05-25 18:07:52.292  4725  5856 I libacryl: G2D API Version 0
05-25 18:07:52.292  4725  5856 I ExynosCameraFrameFactoryPreviewSec: [CAM(1)][Front_0]-(m_constructPipes[564]):pipe ids for preview
05-25 18:07:52.292  4725  5856 I ExynosCameraFrameFactoryPreviewSec: [CAM(1)][Front_0]-(m_constructPipes[567]):m_pipes[0] : PipeId(0)
05-25 18:07:52.292  4725  5856 I ExynosCameraFrameFactoryPreviewSec: [CAM(1)][Front_0]-(m_constructPipes[567]):m_pipes[6] : PipeId(6)
05-25 18:07:52.292  4725  5856 I ExynosCameraFrameFactoryPreviewSec: [CAM(1)][Front_0]-(m_constructPipes[567]):m_pipes[11] : PipeId(11)
05-25 18:07:52.292  4725  5856 I ExynosCameraFrameFactoryPreviewSec: [CAM(1)][Front_0]-(m_constructPipes[567]):m_pipes[26] : PipeId(26)
05-25 18:07:52.292  4725  5856 I ExynosCameraFrameFactoryPreviewSec: [CAM(1)][Front_0]-(m_constructPipes[567]):m_pipes[33] : PipeId(33)
05-25 18:07:52.292  4725  5856 I ExynosCameraFrameFactoryPreviewSec: [CAM(1)][Front_0]-(m_constructPipes[567]):m_pipes[41] : PipeId(41)
05-25 18:07:52.292  4725  5856 I ExynosCameraFrameFactoryPreviewSec: [CAM(1)][Front_0]-(m_constructPipes[567]):m_pipes[42] : PipeId(42)
05-25 18:07:52.292  4725  5856 I ExynosCameraFrameFactoryPreviewSec: [CAM(1)][Front_0]-(m_constructPipes[567]):m_pipes[43] : PipeId(43)
05-25 18:07:52.292  4725  5856 I ExynosCameraFrameFactoryPreviewSec: [CAM(1)][Front_0]-(m_constructPipes[567]):m_pipes[44] : PipeId(44)
05-25 18:07:52.292  4725  5856 I ExynosCameraFrameFactoryPreviewSec: [CAM(1)][Front_0]-(m_constructPipes[567]):m_pipes[54] : PipeId(54)
05-25 18:07:52.293  4725  5856 I ExynosCameraFrameFactoryPreviewSec: [CAM(1)][Front_0]-(m_constructPipes[567]):m_pipes[55] : PipeId(55)
05-25 18:07:52.293  4725  5856 I ExynosCameraFrameFactoryPreviewSec: [CAM(1)][Front_0]-(m_constructPipes[567]):m_pipes[56] : PipeId(56)
05-25 18:07:52.293  4725  5856 I ExynosCameraFrameFactoryPreviewSec: [CAM(1)][Front_0]-(m_constructPipes[567]):m_pipes[57] : PipeId(57)
05-25 18:07:52.293  4725  5856 I ExynosCameraMCPipe: [CAM(1)][PIPE_FLITE]-(m_preCreate[1446]):m_preCreate() is succeed, Pipe(0), prepare(0)
05-25 18:07:52.293  4725  5856 I ExynosCameraMCPipe: [CAM(1)][PIPE_FLITE]-(m_postCreate[1471]):m_postCreate() is succeed, Pipe(0)
05-25 18:07:52.293  4840 20730 D Camera3-Device: createStream: mInterfaceLock.lock()
05-25 18:07:52.293  4840 20730 D Camera3-Device: Camera 1: Creating new stream 0: 176 x 144, format 34, dataspace 0 rotation 0 consumer usage 0, isShared 0, physicalCameraId
05-25 18:07:52.293  4840 20730 D Camera3-Device: createStream: mInterfaceLock.unlock()
05-25 18:07:52.293  4840 20730 D CameraDeviceClient: createStream: Camera 1: Successfully created a new stream ID 0 for output surface (176 x 144) with format 0x22.
05-25 18:07:52.293  4840 20730 D Camera3-Device: setStreamTransform: mInterfaceLock.lock()
05-25 18:07:52.294  4840 20730 D Camera3-OutputStream: setTransformLocked: option(0) ,transform(13)
05-25 18:07:52.294  4840 20730 D CameraDeviceClient: createStream X
05-25 18:07:52.295  4944  5242 V FA      : Inactivity, disconnecting from the service
05-25 18:07:52.297  4840 20730 D Camera3-Device: filterParamsAndConfigureLocked : operatingMode=0
05-25 18:07:52.297  4840 20730 D Camera3-Device: CameraPerf: configureStreamsLocked: Camera 1: Starting stream configuration
05-25 18:07:52.298  4725  4725 I SehCamDevSession@5.0-impl: [CAMKPI] camera3->configure_streams : E
05-25 18:07:52.298  4725  4725 I ExynosCameraInterface: INFO(HAL3_camera_device_configure_streams[414]):in =====
05-25 18:07:52.298  4725  4725 I ExynosCameraSec: [CAM(1)][Front_0]-(configureStreams[7683]):In
05-25 18:07:52.298  4725  4725 I ExynosCameraSec: [CAM(1)][Front_0]-(configureStreams[7712]):m_firstPreviewTimer start
05-25 18:07:52.298  4725  4725 I ExynosCameraMetadataConverterVendor: [CAM(1)][]-(setVendorPreSessionParams[6330]):UNI_HAL_MODE (0)
