05-25 18:07:44.198 20356 20424 I System.out: (HTTPLog)-Static: isSBSettingEnabled false
05-25 18:07:44.201 20356 20424 I System.out: (HTTPLog)-Static: isSBSettingEnabled false
05-25 18:07:44.204  4694  4801 E Netd    : getNetworkForDns: getNetId from enterpriseCtrl is netid 0
05-25 18:07:44.213  4467  4559 I SP      : Syncing en-us (43) with slices: [{en-us-x-multi-r43, m:*:*:*}, {en-us-x-multi-seanet-r43, m:*:*:*}], metadata: false
05-25 18:07:44.227  4456  4456 E SQLiteDatabase: Failed to open database '/data/user/0/com.facebook.appmanager/databases/androidx.work.workdb'.
05-25 18:07:44.227  4456  4456 E SQLiteDatabase: android.database.sqlite.SQLiteCantOpenDatabaseException: Cannot open database '/data/user/0/com.facebook.appmanager/databases/androidx.work.workdb': File /data/user/0/com.facebook.appmanager/databases/androidx.work.workdb doesn't exist
05-25 18:07:44.227  4456  4456 E SQLiteDatabase: 	at android.database.sqlite.SQLiteConnection.open(SQLiteConnection.java:365)
05-25 18:07:44.227  4456  4456 E SQLiteDatabase: 	at android.database.sqlite.SQLiteConnection.open(SQLiteConnection.java:226)
05-25 18:07:44.227  4456  4456 E SQLiteDatabase: 	at android.database.sqlite.SQLiteConnectionPool.openConnectionLocked(SQLiteConnectionPool.java:737)
05-25 18:07:44.227  4456  4456 E SQLiteDatabase: 	at android.database.sqlite.SQLiteConnectionPool.open(SQLiteConnectionPool.java:284)
05-25 18:07:44.227  4456  4456 E SQLiteDatabase: 	at android.database.sqlite.SQLiteConnectionPool.open(SQLiteConnectionPool.java:251)
05-25 18:07:44.227  4456  4456 E SQLiteDatabase: 	at android.database.sqlite.SQLiteDatabase.openInner(SQLiteDatabase.java:1392)
05-25 18:07:44.227  4456  4456 E SQLiteDatabase: 	at android.database.sqlite.SQLiteDatabase.open(SQLiteDatabase.java:1337)
05-25 18:07:44.227  4456  4456 E SQLiteDatabase: 	at android.database.sqlite.SQLiteDatabase.openDatabase(SQLiteDatabase.java:1007)
05-25 18:07:44.227  4456  4456 E SQLiteDatabase: 	at android.database.sqlite.SQLiteDatabase.openDatabase(SQLiteDatabase.java:946)
05-25 18:07:44.227  4456  4456 E SQLiteDatabase: 	at com.facebook.oxygen.common.androidx.workmanager.initializer.b.a(WorkManagerDatabase.java:20)
05-25 18:07:44.227  4456  4456 E SQLiteDatabase: 	at com.facebook.oxygen.appmanager.app.d.b(AppManagerApplicationImpl.java:19)
05-25 18:07:44.227  4456  4456 E SQLiteDatabase: 	at com.facebook.oxygen.common.d.b.d.onCreate(OxpDelegatingApplication.java:69)
05-25 18:07:44.227  4456  4456 E SQLiteDatabase: 	at android.app.Instrumentation.callApplicationOnCreate(Instrumentation.java:1192)
05-25 18:07:44.227  4456  4456 E SQLiteDatabase: 	at android.app.ActivityThread.handleBindApplication(ActivityThread.java:7573)
05-25 18:07:44.227  4456  4456 E SQLiteDatabase: 	at android.app.ActivityThread.access$1400(ActivityThread.java:301)
05-25 18:07:44.227  4456  4456 E SQLiteDatabase: 	at android.app.ActivityThread$H.handleMessage(ActivityThread.java:2166)
05-25 18:07:44.227  4456  4456 E SQLiteDatabase: 	at android.os.Handler.dispatchMessage(Handler.java:106)
05-25 18:07:44.227  4456  4456 E SQLiteDatabase: 	at android.os.Looper.loop(Looper.java:246)
05-25 18:07:44.227  4456  4456 E SQLiteDatabase: 	at android.app.ActivityThread.main(ActivityThread.java:8633)
05-25 18:07:44.227  4456  4456 E SQLiteDatabase: 	at java.lang.reflect.Method.invoke(Native Method)
05-25 18:07:44.227  4456  4456 E SQLiteDatabase: 	at com.android.internal.os.RuntimeInit$MethodAndArgsCaller.run(RuntimeInit.java:602)
05-25 18:07:44.227  4456  4456 E SQLiteDatabase: 	at com.android.internal.os.ZygoteInit.main(ZygoteInit.java:1130)
05-25 18:07:44.227  4456  4456 E SQLiteDatabase: Caused by: android.database.sqlite.SQLiteCantOpenDatabaseException: unknown error (code 1550 SQLITE_CANTOPEN_ENOENT[1550]): Could not open database
05-25 18:07:44.227  4456  4456 E SQLiteDatabase: 	at android.database.sqlite.SQLiteConnection.nativeOpen(Native Method)
05-25 18:07:44.227  4456  4456 E SQLiteDatabase: 	at android.database.sqlite.SQLiteConnection.open(SQLiteConnection.java:337)
05-25 18:07:44.227  4456  4456 E SQLiteDatabase: 	... 21 more
05-25 18:07:44.265  5120 10517 D MotionRecognitionService: values = 50.0
05-25 18:07:44.265  5120 10517 D MotionRecognitionService: onReceive lux: 50.0  action:
05-25 18:07:44.265  5120 10517 D MotionRecognitionService: Inject brightness form Cam 50.0
05-25 18:07:44.265  5120 10517 D MotionRecognitionService: Inject calibrated lux
05-25 18:07:44.268  4717  4717 I SensorsHub: AutoBrightnessSensor::inject_sensor_data: cam_lux 50
05-25 18:07:44.273  4695  4695 D Zygote  : Forked child process 4590
05-25 18:07:44.319  4590  4590 E ier.carrierwif: Not starting debugger since process cannot load the jdwp agent.
05-25 18:07:44.322 11107  4427 I Finsky  : [129765] jkm.e(3): Task 7 requested foreground
05-25 18:07:44.324 11107  4427 I Finsky  : [129765] jkm.e(8): Not entering foreground
05-25 18:07:44.334  4590  4590 D ActivityThread: setConscryptValidator
05-25 18:07:44.334  4590  4590 D ActivityThread: setConscryptValidator - put
05-25 18:07:44.365  4671  4671 E audit   : type=1400 audit(1653491264.357:209500): avc:  denied  { getattr } for  pid=522 comm="DetectPable" path="/proc/fb" dev="proc" ino=4026532038 scontext=u:r:shell:s0 tcontext=u:object_r:proc_fb:s0 tclass=file permissive=0 SEPF_SM-M317F_11_0010 audit_filtered
05-25 18:07:44.365  4671  4671 E audit   : type=1300 audit(1653491264.357:209500): arch=c00000b7 syscall=79 success=no exit=-13 a0=9 a1=7d853ea678 a2=7d853ea680 a3=100 items=0 ppid=520 pid=522 auid=4294967295 uid=2000 gid=2000 euid=2000 suid=2000 fsuid=2000 egid=2000 sgid=2000 fsgid=2000 tty=pts1 ses=4294967295 comm="DetectPable" exe="/data/local/tmp/perfd/transport" subj=u:r:shell:s0 key=(null)
05-25 18:07:44.365  4671  4671 E audit   : type=1327 audit(1653491264.357:209500): proctitle=2F646174612F6C6F63616C2F746D702F70657266642F7472616E73706F7274002D636F6E6669675F66696C653D2F646174612F6C6F63616C2F746D702F70657266642F6461656D6F6E2E636F6E666967
05-25 18:07:44.365  4671  4671 E audit   : type=1400 audit(1653491264.357:209501): avc:  denied  { getattr } for  pid=522 comm="DetectPable" path="/proc/keys" dev="proc" ino=4026532571 scontext=u:r:shell:s0 tcontext=u:object_r:proc_keys:s0 tclass=file permissive=0 SEPF_SM-M317F_11_0010 audit_filtered
05-25 18:07:44.385  4467  4528 I VoiceLanguageHelper: #initializeLanguages
05-25 18:07:44.395  4692  4698 E statsd  : Predicate 5980654721335871649 dropping data for dimension key (10)0x2010101->10208[I] (10)0x30000->WorkManager:TikTokListenableWorker startWork -> com.google.apps.tiktok.sync.impl.workmanager.SyncWorker startWork() -> com.google.apps.tiktok.sync.impl.workmanager.SyncWorker startWork() -> NoAccountWorkerFactory startWork()[S]
05-25 18:07:44.399  4692  4698 E statsd  : Predicate 5980654721335871649 dropping data for dimension key (10)0x2010101->10208[I] (10)0x30000->WorkManager:TikTokListenableWorker startWork -> com.google.apps.tiktok.sync.impl.workmanager.SyncWorker startWork() -> com.google.apps.tiktok.sync.impl.workmanager.SyncWorker startWork() -> NoAccountWorkerFactory startWork()[S]
05-25 18:07:44.400  4467  4557 I LPAutoUpdateSynclet: #sync
05-25 18:07:44.429  4590  4590 D NetworkSecurityConfig: No Network Security Config specified, using platform default
05-25 18:07:44.433   522   534 D StudioTransport: Running '/system/bin/cmd activity profile start --sampling 1 com.android.vpndialogs /data/local/tmp/profileable_reporter.tmp 2>/dev/null'
05-25 18:07:44.441  4590  4590 D NetworkSecurityConfig: No Network Security Config specified, using platform default
05-25 18:07:44.462  4692  4698 E statsd  : Predicate 5980654721335871649 dropping data for dimension key (10)0x2010101->10208[I] (10)0x30000->WorkManager:TikTokListenableWorker startWork -> com.google.apps.tiktok.sync.impl.workmanager.SyncWorker startWork() -> com.google.apps.tiktok.sync.impl.workmanager.SyncWorker startWork() -> NoAccountWorkerFactory startWork()[S]
05-25 18:07:44.465  5120 10517 D MotionRecognitionService: values = 50.0
05-25 18:07:44.465  5120 10517 D MotionRecognitionService: onReceive lux: 50.0  action:
05-25 18:07:44.465  5120 10517 D MotionRecognitionService: Inject brightness form Cam 50.0
05-25 18:07:44.465  5120 10517 D MotionRecognitionService: Inject calibrated lux
05-25 18:07:44.466  4717  4717 I SensorsHub: AutoBrightnessSensor::inject_sensor_data: cam_lux 50
05-25 18:07:44.479  4467  4528 I WM-WorkerWrapper: Worker result SUCCESS for Work [ id=9ed8130c-f53f-4607-aa80-e9bd0653b843, tags={ com.google.apps.tiktok.contrib.work.TikTokListenableWorker, TikTokWorker#com.google.apps.tiktok.sync.impl.workmanager.SyncWorker } ]
05-25 18:07:44.485  4643  4652 I cmd     : oneway function results will be dropped but finished with status OK and parcel size 4
05-25 18:07:44.489  4467  4645 I LPDownloadSettingsState: Defaulting LP download condition to WIFI_ONLY as user has not edited settings.
05-25 18:07:44.490   522   534 D StudioTransport: Running '/system/bin/cmd activity profile start --sampling 1 com.facebook.appmanager /data/local/tmp/profileable_reporter.tmp 2>/dev/null'
05-25 18:07:44.500  4467  4663 I DefaultLPManager: #getAvailablePackages
05-25 18:07:44.501  4467  4663 I ecy     : #getDownloadableLanguagePacks
05-25 18:07:44.502  4467  4663 W SystemLPSourceImpl: #getAvailablePackages: Note there is not reason to call this method, as getInstalledPackages() returns the same LanguagePacks for this impl.
05-25 18:07:44.503  4467  4663 I DefaultLPManager: #getInstalledPackages
05-25 18:07:44.504  4467  4663 I ecy     : #getInstalledPackages
05-25 18:07:44.505  4467  4663 I DefaultLPManager: #getInstalledPackages
05-25 18:07:44.506  4467  4663 I ecy     : #getInstalledPackages
05-25 18:07:44.508  4467  4663 I DefaultLPManager: #getRequestedPackages
05-25 18:07:44.509  4467  4663 I ZipLPPopulator: #addNewFileGroups
05-25 18:07:44.509  4467  4663 I ecy     : #getDownloadableLanguagePacks
05-25 18:07:44.511  4467  4663 W SystemLPSourceImpl: #getRequestedPackages: There is not reason to call this method, as the result is always empty.
05-25 18:07:44.511  4467  4663 I DefaultLPManager: #getAvailablePackages
05-25 18:07:44.512  4467  4663 I ecy     : #getDownloadableLanguagePacks
05-25 18:07:44.512  4467  4663 W SystemLPSourceImpl: #getAvailablePackages: Note there is not reason to call this method, as getInstalledPackages() returns the same LanguagePacks for this impl.
05-25 18:07:44.514  4467  4557 I SystemLPSourceImpl: Parsed system partition LanguagePack metadata file: /product/usr/srec/en-US/metadata
05-25 18:07:44.516  4467  4669 I LPRequestState: [ZipfileRequests] #resolveDesiredLanguagePacks
05-25 18:07:44.517  4467  4669 I ecy     : #getPendingPackages
05-25 18:07:44.517  4467  4668 I LPRequestState: [ManagerRequests] #resolveDesiredLanguagePacks
05-25 18:07:44.518  4467  4557 I SystemLPSourceImpl: Parsed system partition LanguagePack metadata file: /product/usr/srec/en-US/metadata
05-25 18:07:44.520  4467  4557 I SystemLPSourceImpl: Parsed system partition LanguagePack metadata file: /product/usr/srec/en-US/metadata
05-25 18:07:44.522  4467  4558 I SystemLPSourceImpl: Parsed system partition LanguagePack metadata file: /product/usr/srec/en-US/metadata
05-25 18:07:44.533  4692  4698 E statsd  : Predicate 5980654721335871649 dropping data for dimension key (10)0x2010101->10208[I] (10)0x30000->WorkManager:TikTokListenableWorker startWork -> com.google.apps.tiktok.sync.impl.workmanager.SyncWorker startWork() -> com.google.apps.tiktok.sync.impl.workmanager.SyncWorker startWork() -> NoAccountWorkerFactory startWork()[S]
05-25 18:07:44.535  4695  4695 D Zygote  : Forked child process 4676
05-25 18:07:44.544  4694  4801 E Netd    : getNetworkForDns: getNetId from enterpriseCtrl is netid 0
05-25 18:07:44.568  4467  4559 I SP      : Sync for en-us succeeded in 376 ms: no changes
05-25 18:07:44.570  4467  4559 I SP      : GC for 'en-us' (10) with ttl of 0 ms took 1 ms (0/1/0)
05-25 18:07:44.571  4467  4553 I VoiceDataDownloader: Superpack download completed.
05-25 18:07:44.571  4467  4553 I VoiceDataDownloader: Download default Success true
05-25 18:07:44.573   522   534 D StudioTransport: Running '/system/bin/cmd activity profile start --sampling 1 com.google.android.tts /data/local/tmp/profileable_reporter.tmp 2>/dev/null'
05-25 18:07:44.575  4676  4676 E oid.documentsu: Not starting debugger since process cannot load the jdwp agent.
05-25 18:07:44.581  4676  4676 D ActivityThread: setConscryptValidator
05-25 18:07:44.581  4676  4676 D ActivityThread: setConscryptValidator - put
05-25 18:07:44.590  5120  9618 D PackageManager: setEnabledSetting : userId = 0 packageName = com.google.android.tts cmp = androidx.work.impl.background.systemalarm.RescheduleReceiver newState = 1 callingPackage = 10208/com.google.android.tts
05-25 18:07:44.598  4456  4631 D CompatibilityChangeReporter: Compat change id reported: 147600208; UID 10136; state: ENABLED
05-25 18:07:44.612  4467  4663 I LanguagePackMaintenance: Background downloading 0 packs, for an ideal set of 0 total packs
05-25 18:07:44.613  4467  4668 I LPRequestState: [ManagerRequests] #resolveUnusedLanguagePacks
05-25 18:07:44.613  4467  4668 I LPRequestState: [ManagerRequests] #resolveDesiredLanguagePacks
05-25 18:07:44.614  4467  4669 I LPRequestState: [ManagerRequests] #resolveUnusedLanguagePacks
05-25 18:07:44.614  4467  4669 I LPRequestState: [ManagerRequests] #resolveDesiredLanguagePacks
05-25 18:07:44.615  4467  4669 I LanguagePackMaintenance: Background deleting 0 stale packs
05-25 18:07:44.615  4467  4669 I LanguagePackMaintenance: Background LanguagePack updates finished successfully
05-25 18:07:44.628  4787  4808 I cmd     : oneway function results will be dropped but finished with status OK and parcel size 4
05-25 18:07:44.644   522   534 D StudioTransport: Running '/system/bin/cmd activity profile start --sampling 1 com.google.android.apps.carrier.carrierwifi /data/local/tmp/profileable_reporter.tmp 2>/dev/null'
05-25 18:07:44.651  4676  4676 W oid.documentsu: JIT profile information will not be recorded: profile file does not exist.
05-25 18:07:44.666  5120 10517 D MotionRecognitionService: values = 50.0
05-25 18:07:44.666  5120 10517 D MotionRecognitionService: onReceive lux: 50.0  action:
05-25 18:07:44.666  5120 10517 D MotionRecognitionService: Inject brightness form Cam 50.0
05-25 18:07:44.666  5120 10517 D MotionRecognitionService: Inject calibrated lux
05-25 18:07:44.667  4717  4717 I SensorsHub: AutoBrightnessSensor::inject_sensor_data: cam_lux 50
05-25 18:07:44.672  4676  4676 D NetworkSecurityConfig: No Network Security Config specified, using platform default
05-25 18:07:44.680  4695  4695 D Zygote  : Forked child process 4824
05-25 18:07:44.683  4676  4676 D NetworkSecurityConfig: No Network Security Config specified, using platform default
05-25 18:07:44.700  5120 10582 D PackageManager: setEnabledSetting : userId = 0 packageName = com.google.android.tts cmp = androidx.work.impl.background.systemalarm.RescheduleReceiver newState = 1 callingPackage = 10208/com.google.android.tts
05-25 18:07:44.710  4676  4871 W ThemeOverlayManager: Skip enabled overlay package:com.google.android.overlay.modules.documentsui, user:UserHandle{0}
05-25 18:07:44.717  4824  4824 E facebook.syste: Not starting debugger since process cannot load the jdwp agent.
05-25 18:07:44.728  4824  4824 D ActivityThread: setConscryptValidator
05-25 18:07:44.729  4824  4824 D ActivityThread: setConscryptValidator - put
05-25 18:07:44.780  4824  4824 D NetworkSecurityConfig: Using Network Security Config from resource fb_network_security_config debugBuild: false
05-25 18:07:44.800  4824  4824 D NetworkSecurityConfig: Using Network Security Config from resource fb_network_security_config debugBuild: false
05-25 18:07:44.837  4676  4676 D DocumentsApplication: OverlayManager.setEnabled() result: false
05-25 18:07:44.866  5120 10517 D MotionRecognitionService: values = 50.0
05-25 18:07:44.866  5120 10517 D MotionRecognitionService: onReceive lux: 50.0  action:
05-25 18:07:44.866  5120 10517 D MotionRecognitionService: Inject brightness form Cam 50.0
05-25 18:07:44.867  5120 10517 D MotionRecognitionService: Inject calibrated lux
05-25 18:07:44.867  4717  4717 I SensorsHub: AutoBrightnessSensor::inject_sensor_data: cam_lux 50
05-25 18:07:44.927  4695  4695 D Zygote  : Forked child process 4944
05-25 18:07:44.940 10757 14735 I MediaProvider: Begin Intent { act=android.intent.action.PACKAGE_FULLY_REMOVED dat=package:com.nassdk.careeriest flg=0x5000010 cmp=com.google.android.providers.media.module/com.android.providers.media.MediaService (has extras) }
05-25 18:07:44.946 32571  1141 D NEMO    : In Service::changeState(): got RECONNECT_TIMEOUT
05-25 18:07:44.947 32571  1141 D NEMO    : In Service: state=RECONNECTING
05-25 18:07:44.948 32571 32571 D NEMO    : SyncController::handleMessage: got status update from service: RECONNECTING
05-25 18:07:44.951 10757 14735 D MediaProvider: Deleted 0 Android/media items belonging to com.nassdk.careeriest on /data/user/0/com.google.android.providers.media.module/databases/external.db
05-25 18:07:44.953 32571  1141 D NEMO    : In Service Main: got RECONNECT request.
05-25 18:07:44.953 32571  1141 D NEMO    : In Service::getActiveSiteSettings(): automatic_reconnect mode for site vpnm is enabled
05-25 18:07:44.955 32571  1142 D NEMO    : D 18:07:44.954   32571 stop: called
05-25 18:07:44.957  4694  4801 E Netd    : getNetworkForDns: getNetId from enterpriseCtrl is netid 0
05-25 18:07:44.957  4695  4695 D Zygote  : Forked child process 4952
05-25 18:07:44.958 10757 14735 I MediaProvider: End Intent { act=android.intent.action.PACKAGE_FULLY_REMOVED dat=package:com.nassdk.careeriest flg=0x5000010 cmp=com.google.android.providers.media.module/com.android.providers.media.MediaService (has extras) }
05-25 18:07:44.962  5120 11274 D NetdEventListenerService: DNS Requested by : 868, 10828
05-25 18:07:44.962 32571  1142 D NEMO    : D 18:07:44.962 aff8cc0 ccchl_set: set 'host' '195.238.73.134'
05-25 18:07:44.965 32571  1142 D NEMO    : D 18:07:44.964 4021cc0 ccchl_connect: called
05-25 18:07:44.965 32571  1142 D NEMO    : D 18:07:44.964 4021cc0 ccc_destroy: called
05-25 18:07:44.966 32571  1142 D NEMO    : D 18:07:44.964 4021cc0 ===hello===
05-25 18:07:44.966 32571  1142 D NEMO    : D 18:07:44.964 4021cc0 tcp_connect: host 195.238.73.134
05-25 18:07:44.966 32571  1142 D NEMO    : D 18:07:44.964 4021cc0 tcp_connect: peer 195.238.73.134
05-25 18:07:44.967  5120 11274 D PackageManager: setEnabledSetting : userId = 0 packageName = com.facebook.appmanager cmp = com.facebook.oxygen.appmanager.nekodirect.NekoDirectProvider newState = 2 callingPackage = 10136/com.facebook.appmanager
05-25 18:07:44.967 32571  1142 D NEMO    : D 18:07:44.965 4021cc0 tcp_connect: AF_INET (47873)
05-25 18:07:44.971  4944  4944 E rosoft.skydriv: Not starting debugger since process cannot load the jdwp agent.
05-25 18:07:44.975  4694  4806 E Netd    : getNetworkForDns: getNetId from enterpriseCtrl is netid 0
05-25 18:07:44.975 32571  1142 D NEMO    : D 18:07:44.975 4021cc0 tcp_connect: connecting to 195.238.73.134 (6)
05-25 18:07:44.977 32571  1142 D NEMO    : D 18:07:44.976 4021cc0 tcp_connect: connect() -1 Operation now in progress (115)
05-25 18:07:44.978 32571  1142 D NEMO    : D 18:07:44.976 4021cc0 tcp_connect: select on 6
05-25 18:07:44.980  4952  4952 E oid.dynamicloc: Not starting debugger since process cannot load the jdwp agent.
05-25 18:07:44.982  4944  4944 D ActivityThread: setConscryptValidator
05-25 18:07:44.982  4944  4944 D ActivityThread: setConscryptValidator - put
05-25 18:07:44.988  4952  4952 D ActivityThread: setConscryptValidator
05-25 18:07:44.988  4952  4952 D ActivityThread: setConscryptValidator - put
05-25 18:07:45.003  5120  9383 D PackageManager: setEnabledSetting : userId = 0 packageName = com.facebook.appmanager cmp = com.facebook.oxygen.appmanager.firstparty.tos.ShouldAcceptTos newState = 1 callingPackage = 10136/com.facebook.appmanager
05-25 18:07:45.009  5120  9383 D PackageManager: setEnabledSetting : userId = 0 packageName = com.facebook.appmanager cmp = com.facebook.oxygen.appmanager.firstparty.tos.ShouldShowTos newState = 1 callingPackage = 10136/com.facebook.appmanager
05-25 18:07:45.013  5120 11324 D PackageManager: setEnabledSetting : userId = 0 packageName = com.facebook.appmanager cmp = com.facebook.oxygen.appmanager.firstparty.tos.ShouldShowExplicitTos newState = 1 callingPackage = 10136/com.facebook.appmanager
05-25 18:07:45.015  5120  9383 D PackageManager: setEnabledSetting : userId = 0 packageName = com.facebook.appmanager cmp = com.facebook.oxygen.appmanager.modules.api.ModulesApiProvider newState = 2 callingPackage = 10136/com.facebook.appmanager
05-25 18:07:45.022  5120 11324 D PackageManager: setEnabledSetting : userId = 0 packageName = com.facebook.appmanager cmp = com.facebook.oxygen.appmanager.webinstall.WebInstallDeepLinkActivity newState = 2 callingPackage = 10136/com.facebook.appmanager
05-25 18:07:45.024  5120 11324 D PackageManager: setEnabledSetting : userId = 0 packageName = com.facebook.appmanager cmp = com.facebook.oxygen.appmanager.webinstall.WebInstallAppLinkActivity newState = 2 callingPackage = 10136/com.facebook.appmanager
05-25 18:07:45.025  5120 11324 D PackageManager: setEnabledSetting : userId = 0 packageName = com.facebook.appmanager cmp = com.facebook.oxygen.appmanager.webinstall.WebInstallAppLinkActivityV2 newState = 2 callingPackage = 10136/com.facebook.appmanager
05-25 18:07:45.031  4952  4952 I oid.dynamicloc: The ClassLoaderContext is a special shared library.
05-25 18:07:45.038  5120 11324 D PackageManager: setEnabledSetting : userId = 0 packageName = com.facebook.appmanager cmp = com.facebook.oxygen.appmanager.webinstall.WebInstallActivity newState = 2 callingPackage = 10136/com.facebook.appmanager
05-25 18:07:45.064  4944  4944 D NetworkSecurityConfig: Using Network Security Config from resource network_security_config debugBuild: false
05-25 18:07:45.067  5120 10517 D MotionRecognitionService: values = 50.0
05-25 18:07:45.067  5120 10517 D MotionRecognitionService: onReceive lux: 50.0  action:
05-25 18:07:45.067  5120 10517 D MotionRecognitionService: Inject brightness form Cam 50.0
05-25 18:07:45.067  5120 10517 D MotionRecognitionService: Inject calibrated lux
05-25 18:07:45.068  4717  4717 I SensorsHub: AutoBrightnessSensor::inject_sensor_data: cam_lux 50
05-25 18:07:45.074  5120 11324 D PackageManager: setEnabledSetting : userId = 0 packageName = com.facebook.appmanager cmp = com.facebook.oxygen.appmanager.webinstall.WebInstallAppLinkActivityV2 newState = 2 callingPackage = 10136/com.facebook.appmanager
05-25 18:07:45.074  4944  4944 D NetworkSecurityConfig: Using Network Security Config from resource network_security_config debugBuild: false
05-25 18:07:45.077 32571  1142 D NEMO    : D 18:07:45.075 4021cc0 tcp_connect: after select on 6 (1)
05-25 18:07:45.077 32571  1142 D NEMO    : D 18:07:45.075 4021cc0 tcp_connect: local 192.168.0.104
05-25 18:07:45.091  5120 11324 D PackageManager: setEnabledSetting : userId = 0 packageName = com.facebook.appmanager cmp = com.facebook.oxygen.appmanager.webinstall.WebInstallAppLinkFbliteActivity newState = 2 callingPackage = 10136/com.facebook.appmanager
05-25 18:07:45.096  4944  4944 I MAMInfo : MAMInfo initialized. Debug=false, Agent=PRODUCTION, ManagedDialogDisabled=false, PolicyRequired=false, MultiIdentityEnabled=true, FullBackupContent=true, DataExtractionRules=true, UseDefaultEnrollment=false, ExceptionOnInit=false, Debuggable=false, IsolatedProcessesAllowed=false
05-25 18:07:45.117  4944  4944 I MultiDex: VM with version 2.1.0 has multidex support
05-25 18:07:45.117  4944  4944 I MultiDex: Installing application
05-25 18:07:45.117  4944  4944 I MultiDex: VM has multidex support, MultiDex support library is disabled.
05-25 18:07:45.153  5120 11324 D PackageManager: setEnabledSetting : userId = 0 packageName = com.facebook.appmanager cmp = com.facebook.oxygen.appmanager.webinstall.WebInstallAppLinkFB4AActivity newState = 2 callingPackage = 10136/com.facebook.appmanager
05-25 18:07:45.160  4952  4952 I FirebaseInitProvider: FirebaseApp initialization successful
05-25 18:07:45.160 32571  1142 D NEMO    : D 18:07:45.159 4021cc0 ccc_get_gw_cert: Enter
05-25 18:07:45.166 32571  1142 D NEMO    : D 18:07:45.159 4021cc0 ccc_get_gw_cert: ccc->server_b64_der = 'MIIGRzCCBS+gAwIBAgIRALsEhH6gWPsVYeuALvdtYG4wDQYJKoZIhvcNAQELBQAwgY8xCzAJBgNVBAYTAkdCMRswGQYDVQQIExJHcmVhdGVyIE1hbmNoZXN0ZXIxEDAOBgNVBAcTB1NhbGZvcmQxGDAWBgNVBAoTD1NlY3RpZ28gTGltaXRlZDE3MDUGA1UEAxMuU2VjdGlnbyBSU0EgRG9tYWluIFZhbGlkYXRpb24gU2VjdXJlIFNlcnZlciBDQTAeFw0yMTA5MTAwMDAwMDBaFw0yMjEwMTEyMzU5NTlaMB0xGzAZBgNVBAMTEnZwbm0ucmFpZmZlaXNlbi5ydTCCASIwDQYJKoZIhvcNAQEBBQADggEPADCCAQoCggEBAK0sbK0wpRmzqMz/4OROPIaJZbNXM/W+PwAG7mdtvr0pLYtehnLISCGBieThVy4YXC0fKj1j1EUbYnWoUpcZ2HrrG+U71M6lo2tyBsDVSbp1l/aQBAWP9yGW15bt8Mv9HbIjpNXucIcsWcyZaG4YLjxJtAv7d57QhM9wZUDI3vQXqyuxG9KP6aU893zbOJxzvWTCPS1s72sz8quat27GDNiNxSkCUEYszaZVeSJMyWlLwyUVjxaRuyDqvWteUya8LkxU0FTC/ga+rRUGSGigAdKc+k9g/n+fihX8atfLxK9XoMDEG02qCg9/8pi7fj6fnuMCaZsAeawxVw3sNIfLwYkCAwEAAaOCAw0wggMJMB8GA1UdIwQYMBaAFI2MXsRUrYrhd+mb+ZsF4bgBjWHhMB0GA1UdDgQWBBRSLOaGacMP/PMO346OFWTmpmKY8DAOBgNVHQ8BAf8EBAMCBaAwDAYDVR0TAQH/BAIwADAdBgNVHSUEFjAUBggrBgEFBQcDAQYIKwYBBQUHAwIwSQYDVR0gBEIwQDA0BgsrBgEEAbIxAQICBzAlMCMGCCsGAQUFBwIBFhdodHRwczovL...
05-25 18:07:45.169  4952  4952 I DymLock|330152|ReferenceUtil: isTestMode() false
05-25 18:07:45.170  4952  4952 I DymLock|330152|DynamicLockProvider: onCreate() DI
05-25 18:07:45.204  5120  9618 D PackageManager: setEnabledSetting : userId = 0 packageName = com.facebook.appmanager cmp = com.facebook.oxygen.appmanager.webinstall.WebInstallAppLinkInstagramActivity newState = 2 callingPackage = 10136/com.facebook.appmanager
05-25 18:07:45.206  4944  5010 I System.out: (HTTPLog)-Static: isSBSettingEnabled false
05-25 18:07:45.207  4944  5010 I System.out: (HTTPLog)-Static: isSBSettingEnabled false
05-25 18:07:45.210  4694  4801 E Netd    : getNetworkForDns: getNetId from enterpriseCtrl is netid 0
05-25 18:07:45.212  4952  5011 I DymLock|330152|SettingsHelperDLS: readSettingsDB()
05-25 18:07:45.220  4952  4952 I DymLock|330152|InternalCallHandler: registerNotifierHandler() handler [b.e.a.a.g.b.f@9566c7b]
05-25 18:07:45.224  4952  4952 I DymLock|330152|FreshPackDataSource: new FreshPackDataSource
05-25 18:07:45.226  4952  4952 I DymLock|330152|ReferenceUtil: isTestMode() false
05-25 18:07:45.227  4952  4952 I DymLock|330152|ReferenceUtil: isUpdateTestMode() false
05-25 18:07:45.232  4952  4952 I DymLock|330152|DymBus: subscribe : com.samsung.android.dynamiclock.data.wallpaper.source.settings.dls.FreshPackWallpaperDataSource@9d55557
05-25 18:07:45.238  4952  4952 I DymLock|330152|WallpaperDataSource: new WallpaperDataSource
05-25 18:07:45.242  4952  4952 I DymLock|330152|LockWallpaperDataSource: new LockWallpaperDataSource
05-25 18:07:45.245  4952  4952 I DymLock|330152|DynamicLockInjector: init()
05-25 18:07:45.251  4952  5011 E DymLock|330152|SettingsHelperDLS: Exception occurred
05-25 18:07:45.252  4952  5011 I DymLock|330152|SettingsHelperDLS: readSettingsDB() elapsed= 39
05-25 18:07:45.252  4952  5011 I DymLock|330152|SettingsHelperDLS: registerSettingsObserver()
05-25 18:07:45.258  5120  9383 D PackageManager: setEnabledSetting : userId = 0 packageName = com.facebook.appmanager cmp = com.facebook.oxygen.appmanager.webinstall.WebInstallAppLinkMessengerActivity newState = 2 callingPackage = 10136/com.facebook.appmanager
05-25 18:07:45.262  4952  4952 E DymLock|330152|DynamicLockInjector: [class b.e.a.a.d.d.d.l] is not injectable yet
05-25 18:07:45.262  4952  4952 E DymLock|330152|DynamicLockInjector: [class b.e.a.a.d.d.c.U] is not injectable yet
05-25 18:07:45.263  4952  4952 E DymLock|330152|DynamicLockInjector: [class b.e.a.a.h.s.b] is not injectable yet
05-25 18:07:45.265  4952  4952 I DymLock|330152|AnalyticsBase: initialize: id[4F5-399-564949], version[3.0]
05-25 18:07:45.268  5120 10517 D MotionRecognitionService: values = 50.0
05-25 18:07:45.269  5120 10517 D MotionRecognitionService: onReceive lux: 50.0  action:
05-25 18:07:45.269  5120 10517 D MotionRecognitionService: Inject brightness form Cam 50.0
05-25 18:07:45.269  5120 10517 D MotionRecognitionService: Inject calibrated lux
05-25 18:07:45.270  4717  4717 I SensorsHub: AutoBrightnessSensor::inject_sensor_data: cam_lux 50
05-25 18:07:45.281  4952  5011 I DymLock|330152|SettingsHelperDLS: registerSettingsObserver() elapsed= 29
05-25 18:07:45.282  4952  5004 I FA      : Collection disabled with firebase_analytics_collection_deactivated=1
05-25 18:07:45.283  4952  5004 I FA      : App measurement is starting up, version: 12451
05-25 18:07:45.284  4952  5004 I FA      : To enable debug logging run: adb shell setprop log.tag.FA VERBOSE
05-25 18:07:45.284  4952  5004 I FA      : To enable faster debug mode event logging run:
05-25 18:07:45.284  4952  5004 I FA      :   adb shell setprop debug.firebase.analytics.app com.samsung.android.dynamiclock
05-25 18:07:45.301  5120  9383 D PackageManager: setEnabledSetting : userId = 0 packageName = com.facebook.appmanager cmp = com.facebook.oxygen.appmanager.webinstall.WebInstallAppLinkFbliteLoggedOutActivity newState = 2 callingPackage = 10136/com.facebook.appmanager
05-25 18:07:45.311  4944  4944 I TetheringManager: registerTetheringEventCallback:com.microsoft.skydrive
05-25 18:07:45.313  4944  4944 D ConnectivityManager: ConnectivityManager() mContext=android.app.ContextImpl@e00b0cf getOpPackageName()=com.microsoft.skydrive getBasePackageName()=com.microsoft.skydrive getPackageName()=com.microsoft.skydrive
05-25 18:07:45.319  4944  4944 D OneDSChannel: Initializing OneDSChannel
05-25 18:07:45.327  5120  9383 D PackageManager: setEnabledSetting : userId = 0 packageName = com.facebook.appmanager cmp = com.facebook.oxygen.appmanager.webinstall.WebInstallAppLinkFB4ALoggedOutActivity newState = 2 callingPackage = 10136/com.facebook.appmanager
05-25 18:07:45.359  5120  9402 D WifiNetworkFactory: got request NetworkRequest [ TRACK_DEFAULT id=12618, [ Capabilities: INTERNET&NOT_RESTRICTED&TRUSTED Uid: 10099 AdministratorUids: [] RequestorUid: 10099 RequestorPackageName: com.microsoft.skydrive] ] with score 101 and providerId -2
05-25 18:07:45.359  5120  9402 D UntrustedWifiNetworkFactory: got request NetworkRequest [ TRACK_DEFAULT id=12618, [ Capabilities: INTERNET&NOT_RESTRICTED&TRUSTED Uid: 10099 AdministratorUids: [] RequestorUid: 10099 RequestorPackageName: com.microsoft.skydrive] ] with score 101 and providerId -2
05-25 18:07:45.359  5120  9476 D Ethernet: got request NetworkRequest [ TRACK_DEFAULT id=12618, [ Capabilities: INTERNET&NOT_RESTRICTED&TRUSTED Uid: 10099 AdministratorUids: [] RequestorUid: 10099 RequestorPackageName: com.microsoft.skydrive] ] with score 101 and providerId -2
05-25 18:07:45.360  9988  9988 D PhoneSwitcherNetworkRequstListener: got request NetworkRequest [ TRACK_DEFAULT id=12618, [ Capabilities: INTERNET&NOT_RESTRICTED&TRUSTED Uid: 10099 AdministratorUids: [] RequestorUid: 10099 RequestorPackageName: com.microsoft.skydrive] ] with score 101 and providerId -2
05-25 18:07:45.362  5120  9383 D PackageManager: setEnabledSetting : userId = 0 packageName = com.facebook.appmanager cmp = com.facebook.oxygen.appmanager.webinstall.WebInstallAppLinkInstagramLoggedOutActivity newState = 2 callingPackage = 10136/com.facebook.appmanager
05-25 18:07:45.363  4944  4944 D OneDSManager: OneDS initialized: offline room connected
05-25 18:07:45.364 32571  1142 D NEMO    : D 18:07:45.363 4021cc0 compare_version: '1' '835000022'
05-25 18:07:45.364 32571  1142 D NEMO    : D 18:07:45.363 4021cc0 hello: 0. vpn (Standard)
05-25 18:07:45.365 32571  4968 D NEMO    : Entering connect_cb()
05-25 18:07:45.366 32571  4968 D NEMO    : connect_cb(): connected=0
05-25 18:07:45.366 32571  4968 D NEMO    : In Service::connect_cb()
05-25 18:07:45.366 32571  4968 D NEMO    : In Service::changeState(): got ERROR
05-25 18:07:45.366 32571  4968 D NEMO    : In Service: state=RECONNECT_WAIT
05-25 18:07:45.366 32571  4968 D NEMO    : In service: scheduled reconnect try in 10 seconds
05-25 18:07:45.366 32571 32571 D NEMO    : SyncController::handleMessage: got status update from service: RECONNECTING
05-25 18:07:45.367 32571  1142 E NEMO    : E 18:07:45.365 4021cc0 iterate: we are in SSL, we do not have credentials or snx_cookie so we fail the connect flow
05-25 18:07:45.367 32571  1142 E NEMO    : E 18:07:45.365 4021cc0 ccchl_connect: iterate failed
05-25 18:07:45.381 32571  4968 D NEMO    : In Service Main::connect_cb(): finished handling RECONNECT request due to error = Unknown
05-25 18:07:45.381 32571  4968 D NEMO    : In Service::connect_cb() Main: recovering SyncController messenger from mRegisteredStatusListener
05-25 18:07:45.381 32571 32571 D NEMO    : SyncController::handleMessage: got msg from service: type = CONNECT
05-25 18:07:45.381 32571 32571 W NEMO    : SyncController::handleMessage: no listener registered to handle the reply
05-25 18:07:45.382  4952  4952 I DIAGMON_SDK[605031][4F5-399-564949] : generated SR object
05-25 18:07:45.390  4944  4944 W SQLiteCompatibilityWalFlags: Cannot read global setting sqlite_compatibility_wal_flags - Application state not available
05-25 18:07:45.392  4952  4952 I DymLock|330152|LogginBus: subscribe : com.samsung.android.dynamiclock.domain.analytics.LoggingReceiver@f7884f8
05-25 18:07:45.393  5120  9383 D PackageManager: setEnabledSetting : userId = 0 packageName = com.facebook.appmanager cmp = com.facebook.oxygen.appmanager.webinstall.WebInstallAppLinkMessengerLoggedOutActivity newState = 2 callingPackage = 10136/com.facebook.appmanager
05-25 18:07:45.411 10848 10894 I DMASA[D][4F5-399-564949] : [DiagmonProvider]Received msg based on provider : request_deviceid / request_deviceid
05-25 18:07:45.414 10848 10894 I DMASA[D]: [DiagmonProvider]Signature Check Success
05-25 18:07:45.415 10848 10894 I DMASA[D][4F5-399-564949] : [DiagmonProvider]Action : Request deviceID
05-25 18:07:45.417 10848 10894 W DMASA[D][4F5-399-564949] : [DiagmonProvider]DeviceId failed : user binary or info null
05-25 18:07:45.420  4952  4952 I DymLock|330152|LockScreenStories.LssMetaDataProvider: onCreate()
05-25 18:07:45.431  4952  5026 I DIAGMON_SDK[605031][4F5-399-564949] : Agreement value: D
05-25 18:07:45.432  4952  5026 I DIAGMON_SDK[605031][4F5-399-564949] : Request Service Registration
05-25 18:07:45.434 10848 10894 I DMASA[D][4F5-399-564949] : [DiagmonProvider]Received msg based on provider : registration / register_service
05-25 18:07:45.436 10848 10894 I DMASA[D]: [DiagmonProvider]Signature Check Success
05-25 18:07:45.437 10848 10894 I DMASA[D][4F5-399-564949] : [DiagmonProvider]Action : Register service
05-25 18:07:45.439 10848 10894 I DMASA[D][4F5-399-564949] : [DiagmonProvider]Service Agree: true
05-25 18:07:45.440 10848 10894 I DMASA[D][4F5-399-564949] : [DiagmonProvider]Device ID is null or empty
05-25 18:07:45.441 10848 10894 I DMASA[D][4F5-399-564949] : [DiagmonProvider]Tracking ID is null or empty
05-25 18:07:45.443  5120 11274 D PackageManager: setEnabledSetting : userId = 0 packageName = com.facebook.appmanager cmp = com.facebook.oxygen.appmanager.webinstall.WebInstallAppLinkFbliteRestrictedActivity newState = 2 callingPackage = 10136/com.facebook.appmanager
05-25 18:07:45.443 10848 10894 I DMASA[D][4F5-399-564949] : [DiagmonProvider]SERVICE INFO already registered to server [4F5-399-564949]
05-25 18:07:45.444  4944  4944 D MsPdf   : Initializing Partner Channel
05-25 18:07:45.445  4944  4944 D VisualSearch: Initializing Partner Channel
05-25 18:07:45.445  4944  4944 D SeshTelemetry: Initializing Partner Channel
05-25 18:07:45.449  4944  4944 W System  : ClassLoader referenced unknown path:
05-25 18:07:45.449  5120 11274 D PackageManager: setEnabledSetting : userId = 0 packageName = com.facebook.appmanager cmp = com.facebook.oxygen.appmanager.webinstall.WebInstallAppLinkFB4ARestrictedActivity newState = 2 callingPackage = 10136/com.facebook.appmanager
05-25 18:07:45.450  4952  5026 I DIAGMON_SDK[605031][4F5-399-564949] : Results : Success
05-25 18:07:45.468  4952  4952 I DymLock|330152|ReferenceUtil: isTestMode() false
05-25 18:07:45.469  5120 10517 D MotionRecognitionService: values = 50.0
05-25 18:07:45.469  5120 10517 D MotionRecognitionService: onReceive lux: 50.0  action:
05-25 18:07:45.469  5120 10517 D MotionRecognitionService: Inject brightness form Cam 50.0
05-25 18:07:45.469  5120 10517 D MotionRecognitionService: Inject calibrated lux
05-25 18:07:45.469  5120  9383 D PackageManager: setEnabledSetting : userId = 0 packageName = com.facebook.appmanager cmp = com.facebook.oxygen.appmanager.webinstall.WebInstallAppLinkInstagramRestrictedActivity newState = 2 callingPackage = 10136/com.facebook.appmanager
05-25 18:07:45.470  4944  4944 I QtCore  : Start
05-25 18:07:45.470  4717  4717 I SensorsHub: AutoBrightnessSensor::inject_sensor_data: cam_lux 50
05-25 18:07:45.470  4952  4952 E DymLock|330152|DynamicLockInjector: [class b.e.a.a.d.d.d.l] is not injectable yet
05-25 18:07:45.471  4952  4952 E DymLock|330152|DynamicLockInjector: [class b.e.a.a.d.d.c.U] is not injectable yet
05-25 18:07:45.471  4952  4952 E DymLock|330152|DynamicLockInjector: [class b.e.a.a.h.s.b] is not injectable yet
05-25 18:07:45.472  4944  4944 W linker  : Warning: "/data/app/~~dFwNc68N8A-PZNRO-FDgBA==/com.microsoft.skydrive-3-WxNsY_IXRCkJLxUOjk1A==/lib/arm64/libQt5AndroidExtras.so" has unsupported flags DT_FLAGS_1=0x80 (ignoring unsupported flags)
05-25 18:07:45.476  4944  4944 W linker  : Warning: "/data/app/~~dFwNc68N8A-PZNRO-FDgBA==/com.microsoft.skydrive-3-WxNsY_IXRCkJLxUOjk1A==/lib/arm64/libQt5Sql.so" has unsupported flags DT_FLAGS_1=0x80 (ignoring unsupported flags)
05-25 18:07:45.476  4952  4952 I DymLock|330152|DynamicLockApp: onCreate()
05-25 18:07:45.479  4952  4952 I DymLock|330152|PackageRemoveReceiver: onReceive() action:android.intent.action.PACKAGE_FULLY_REMOVED
05-25 18:07:45.483  4952  5032 I DymLock|330152|FreshPackDataSource: appInstanceCreated
05-25 18:07:45.484  4952  5032 I DymLock|330152|AnalyticsBase: initialize: id[4F5-399-564949], version[3.0]
05-25 18:07:45.484  4944  4944 W linker  : Warning: "/data/app/~~dFwNc68N8A-PZNRO-FDgBA==/com.microsoft.skydrive-3-WxNsY_IXRCkJLxUOjk1A==/lib/arm64/libQt5Network.so" has unsupported flags DT_FLAGS_1=0x80 (ignoring unsupported flags)
05-25 18:07:45.491  4944  4944 W linker  : Warning: "/data/app/~~dFwNc68N8A-PZNRO-FDgBA==/com.microsoft.skydrive-3-WxNsY_IXRCkJLxUOjk1A==/lib/arm64/libQt5Xml.so" has unsupported flags DT_FLAGS_1=0x80 (ignoring unsupported flags)
05-25 18:07:45.495  4944  4944 W linker  : Warning: "/data/app/~~dFwNc68N8A-PZNRO-FDgBA==/com.microsoft.skydrive-3-WxNsY_IXRCkJLxUOjk1A==/lib/arm64/libQt5Concurrent.so" has unsupported flags DT_FLAGS_1=0x80 (ignoring unsupported flags)
05-25 18:07:45.503  5120  9383 D PackageManager: setEnabledSetting : userId = 0 packageName = com.facebook.appmanager cmp = com.facebook.oxygen.appmanager.webinstall.WebInstallAppLinkMessengerRestrictedActivity newState = 2 callingPackage = 10136/com.facebook.appmanager
05-25 18:07:45.510  4695  4695 D Zygote  : Forked child process 5036
05-25 18:07:45.548  5036  5036 E .android.fores: Not starting debugger since process cannot load the jdwp agent.
05-25 18:07:45.560  4952  5033 I DymLock|330152|PreferenceDbDataSource: getInt() key[pref_dls_state] value[2]
05-25 18:07:45.562  5036  5036 D ActivityThread: setConscryptValidator
05-25 18:07:45.562  4749  4749 I SurfaceFlinger: SFWD update time=939954057871115
05-25 18:07:45.562  4952  5059 I DymLock|330152|FreshPackInstallManager: cancelUpdateJob()
05-25 18:07:45.563  4952  5059 I DymLock|330152|JobIdManager: get Job Id : 65538, objectId : 2
05-25 18:07:45.563  5036  5036 D ActivityThread: setConscryptValidator - put
05-25 18:07:45.574  4952  5059 I DymLock|330152|FreshPackInstallManager: cancelPendingJob() jobId[65538] in pending [false]
05-25 18:07:45.576  4456  4579 W System.err: android.content.pm.PackageManager$NameNotFoundException: com.nassdk.benchmark
05-25 18:07:45.576  4456  4579 W System.err: 	at android.app.ApplicationPackageManager.getPackageInfoAsUser(ApplicationPackageManager.java:278)
05-25 18:07:45.576  4456  4579 W System.err: 	at android.app.ApplicationPackageManager.getPackageInfo(ApplicationPackageManager.java:250)
05-25 18:07:45.577  4456  4579 W System.err: 	at com.facebook.oxygen.appmanager.ui.offline.b.a_(OfflineInstallJobCleanup.java:26)
05-25 18:07:45.577  4456  4579 W System.err: 	at com.facebook.oxygen.common.packages.b.c.a(DeltaPackageListenerDispatcher.java:46)
05-25 18:07:45.577  4456  4579 W System.err: 	at com.facebook.oxygen.common.packages.b.f.a(DeltaPackageTracker.java:84)
05-25 18:07:45.577  4456  4579 W System.err: 	at com.facebook.oxygen.common.packages.b.g.b(DeltaPackageWorker.java:99)
05-25 18:07:45.577  4456  4579 W System.err: 	at com.facebook.oxygen.common.packages.b.g.a(DeltaPackageWorker.java:82)
05-25 18:07:45.577  4456  4579 W System.err: 	at com.facebook.oxygen.common.jobqueue.a.c(JobQueueManager.java:278)
05-25 18:07:45.577  4456  4579 W System.err: 	at com.facebook.oxygen.common.jobqueue.a.b(JobQueueManager.java:255)
05-25 18:07:45.577  4456  4579 W System.err: 	at com.facebook.oxygen.common.jobqueue.JobQueueService.a(JobQueueService.java:82)
05-25 18:07:45.577  4456  4579 W System.err: 	at androidx.core.app.j$a.a(JobIntentService.java:393)
05-25 18:07:45.578  4456  4579 W System.err: 	at androidx.core.app.j$a.doInBackground(JobIntentService.java:383)
05-25 18:07:45.578  4456  4579 W System.err: 	at android.os.AsyncTask$3.call(AsyncTask.java:394)
05-25 18:07:45.578  4456  4579 W System.err: 	at java.util.concurrent.FutureTask.run(FutureTask.java:266)
05-25 18:07:45.578  4456  4579 W System.err: 	at java.util.concurrent.ThreadPoolExecutor.runWorker(ThreadPoolExecutor.java:1167)
05-25 18:07:45.578  4456  4579 W System.err: 	at java.util.concurrent.ThreadPoolExecutor$Worker.run(ThreadPoolExecutor.java:641)
05-25 18:07:45.578  4456  4579 W System.err: 	at java.lang.Thread.run(Thread.java:923)
05-25 18:07:45.589  4456  4579 W System.err: android.content.pm.PackageManager$NameNotFoundException: com.nassdk.careeriest
05-25 18:07:45.590  4456  4579 W System.err: 	at android.app.ApplicationPackageManager.getPackageInfoAsUser(ApplicationPackageManager.java:278)
05-25 18:07:45.590  4456  4579 W System.err: 	at android.app.ApplicationPackageManager.getPackageInfo(ApplicationPackageManager.java:250)
05-25 18:07:45.590  4456  4579 W System.err: 	at com.facebook.oxygen.appmanager.ui.offline.b.a_(OfflineInstallJobCleanup.java:26)
05-25 18:07:45.590  4456  4579 W System.err: 	at com.facebook.oxygen.common.packages.b.c.a(DeltaPackageListenerDispatcher.java:46)
05-25 18:07:45.590  4456  4579 W System.err: 	at com.facebook.oxygen.common.packages.b.f.a(DeltaPackageTracker.java:84)
05-25 18:07:45.590  4456  4579 W System.err: 	at com.facebook.oxygen.common.packages.b.g.b(DeltaPackageWorker.java:99)
05-25 18:07:45.590  4456  4579 W System.err: 	at com.facebook.oxygen.common.packages.b.g.a(DeltaPackageWorker.java:82)
05-25 18:07:45.590  4456  4579 W System.err: 	at com.facebook.oxygen.common.jobqueue.a.c(JobQueueManager.java:278)
05-25 18:07:45.590  4456  4579 W System.err: 	at com.facebook.oxygen.common.jobqueue.a.b(JobQueueManager.java:255)
05-25 18:07:45.590  4456  4579 W System.err: 	at com.facebook.oxygen.common.jobqueue.JobQueueService.a(JobQueueService.java:82)
05-25 18:07:45.590  4456  4579 W System.err: 	at androidx.core.app.j$a.a(JobIntentService.java:393)
05-25 18:07:45.590  4456  4579 W System.err: 	at androidx.core.app.j$a.doInBackground(JobIntentService.java:383)
05-25 18:07:45.590  4456  4579 W System.err: 	at android.os.AsyncTask$3.call(AsyncTask.java:394)
05-25 18:07:45.590  4456  4579 W System.err: 	at java.util.concurrent.FutureTask.run(FutureTask.java:266)
05-25 18:07:45.590  4456  4579 W System.err: 	at java.util.concurrent.ThreadPoolExecutor.runWorker(ThreadPoolExecutor.java:1167)
05-25 18:07:45.590  4456  4579 W System.err: 	at java.util.concurrent.ThreadPoolExecutor$Worker.run(ThreadPoolExecutor.java:641)
05-25 18:07:45.590  4456  4579 W System.err: 	at java.lang.Thread.run(Thread.java:923)
05-25 18:07:45.618 17733 17733 D BoundBrokerSvc: onBind: Intent { act=com.google.android.gms.measurement.START pkg=com.google.android.gms }
05-25 18:07:45.618 17733 17733 D BoundBrokerSvc: Loading bound service for intent: Intent { act=com.google.android.gms.measurement.START pkg=com.google.android.gms }
05-25 18:07:45.669  5120 10517 D MotionRecognitionService: values = 50.0
05-25 18:07:45.669  5120 10517 D MotionRecognitionService: onReceive lux: 50.0  action:
05-25 18:07:45.669  5120 10517 D MotionRecognitionService: Inject brightness form Cam 50.0
05-25 18:07:45.669  5120 10517 D MotionRecognitionService: Inject calibrated lux
05-25 18:07:45.670  4717  4717 I SensorsHub: AutoBrightnessSensor::inject_sensor_data: cam_lux 50
05-25 18:07:45.732  4671  4671 E audit   : type=1400 audit(1653491265.725:209548): avc:  denied  { getattr } for  pid=522 comm="DetectPable" path="/proc/fb" dev="proc" ino=4026532038 scontext=u:r:shell:s0 tcontext=u:object_r:proc_fb:s0 tclass=file permissive=0 SEPF_SM-M317F_11_0010 audit_filtered
05-25 18:07:45.732  4671  4671 E audit   : type=1300 audit(1653491265.725:209548): arch=c00000b7 syscall=79 success=no exit=-13 a0=9 a1=7d853f4df8 a2=7d853f4e00 a3=100 items=0 ppid=520 pid=522 auid=4294967295 uid=2000 gid=2000 euid=2000 suid=2000 fsuid=2000 egid=2000 sgid=2000 fsgid=2000 tty=pts1 ses=4294967295 comm="DetectPable" exe="/data/local/tmp/perfd/transport" subj=u:r:shell:s0 key=(null)
05-25 18:07:45.732  4671  4671 E audit   : type=1327 audit(1653491265.725:209548): proctitle=2F646174612F6C6F63616C2F746D702F70657266642F7472616E73706F7274002D636F6E6669675F66696C653D2F646174612F6C6F63616C2F746D702F70657266642F6461656D6F6E2E636F6E666967
05-25 18:07:45.733  4671  4671 E audit   : type=1400 audit(1653491265.725:209549): avc:  denied  { getattr } for  pid=522 comm="DetectPable" path="/proc/keys" dev="proc" ino=4026532571 scontext=u:r:shell:s0 tcontext=u:object_r:proc_keys:s0 tclass=file permissive=0 SEPF_SM-M317F_11_0010 audit_filtered
05-25 18:07:45.752  5036  5036 I DWBDwbUriMatcher: all 14 persistence tables built.
05-25 18:07:45.752  5036  5036 I DWBDwbContentProvider: onCreate
05-25 18:07:45.811  5036  5036 I DWBPackageUtils: app icon state false
05-25 18:07:45.811  5036  5036 E DWBShortcutHelper: App icon disabled, so return addDynamicShortcuts
05-25 18:07:45.814   522   534 D StudioTransport: Running '/system/bin/cmd activity profile start --sampling 1 com.google.android.documentsui /data/local/tmp/profileable_reporter.tmp 2>/dev/null'
05-25 18:07:45.827  5120  9383 D PackageManager: setEnabledSetting : userId = 0 packageName = com.samsung.android.forest cmp = androidx.work.impl.background.systemjob.SystemJobService newState = 1 callingPackage = 1000/com.samsung.android.forest
05-25 18:07:45.831  5036  5036 I TetheringManager: registerTetheringEventCallback:com.samsung.android.forest
05-25 18:07:45.836  5036  5036 I DWBSettingsSearchProvid: version : 310000009, lang : ru_RU
05-25 18:07:45.869  5079  5081 I cmd     : oneway function results will be dropped but finished with status OK and parcel size 4
05-25 18:07:45.870  5120 10517 D MotionRecognitionService: values = 50.0
05-25 18:07:45.870  5120 10517 D MotionRecognitionService: onReceive lux: 50.0  action:
05-25 18:07:45.870  5120 10517 D MotionRecognitionService: Inject brightness form Cam 50.0
05-25 18:07:45.870  5120 10517 D MotionRecognitionService: Inject calibrated lux
05-25 18:07:45.872  4717  4717 I SensorsHub: AutoBrightnessSensor::inject_sensor_data: cam_lux 50
05-25 18:07:45.883   522   534 D StudioTransport: Running '/system/bin/cmd activity profile start --sampling 1 com.facebook.system /data/local/tmp/profileable_reporter.tmp 2>/dev/null'
05-25 18:07:45.897  5036  5036 I DWBDigitalWellbeingAppl: onCreate called
05-25 18:07:45.944  5084  5090 I cmd     : oneway function results will be dropped but finished with status OK and parcel size 4
05-25 18:07:45.957   522   534 D StudioTransport: Running '/system/bin/cmd activity profile start --sampling 1 com.microsoft.skydrive /data/local/tmp/profileable_reporter.tmp 2>/dev/null'
05-25 18:07:45.983  5036  5036 I DWBAppTimerReceiver: android.intent.action.PACKAGE_FULLY_REMOVED received
05-25 18:07:46.014  5095  5100 I cmd     : oneway function results will be dropped but finished with status OK and parcel size 4
05-25 18:07:46.018   522   534 D StudioTransport: Running '/system/bin/cmd activity profile start --sampling 1 com.samsung.android.dynamiclock /data/local/tmp/profileable_reporter.tmp 2>/dev/null'
05-25 18:07:46.040  5036  5036 I DWBParentalUtils: isChild ? false
05-25 18:07:46.065  5104  5106 I cmd     : oneway function results will be dropped but finished with status OK and parcel size 4
05-25 18:07:46.070   522   534 D StudioTransport: Running '/system/bin/cmd activity profile start --sampling 1 com.samsung.android.forest /data/local/tmp/profileable_reporter.tmp 2>/dev/null'
05-25 18:07:46.071  5120 10517 D MotionRecognitionService: values = 50.0
05-25 18:07:46.071  5120 10517 D MotionRecognitionService: onReceive lux: 50.0  action:
05-25 18:07:46.071  5120 10517 D MotionRecognitionService: Inject brightness form Cam 50.0
05-25 18:07:46.071  5120 10517 D MotionRecognitionService: Inject calibrated lux
05-25 18:07:46.073  5036  5036 I DWBAppTimerManager: cancelAppTimer() appTimerEntity:null
05-25 18:07:46.073  4717  4717 I SensorsHub: AutoBrightnessSensor::inject_sensor_data: cam_lux 50
05-25 18:07:46.077  9788  9788 I AppTimerUpdater: AppTimer app list is changed
05-25 18:07:46.078  9788  9788 I AppTimerUpdater: updateIconsAndTitle(start) Ñ€ÑƒÑÑÐºÐ¸Ð¹
