05-25 18:07:47.835  5653  5653 I SEMS:Registration_13.0.4.16: [AgreementLog][main][MobileServiceAgreement] lateInit
05-25 18:07:47.835  5653  5741 I SEMS:SupportedService_13.0.4.16: [][RxCachedThreadScheduler-3][SettingPolicy] updateSettingValues: Setting {GlobalGroupSharingEos=null, CalendarCleanDuplicateInterval=null}
05-25 18:07:47.835  5653  5653 I SEMS:Registration_13.0.4.16: [AgreementLog][main][AgreementPao] getPreference : key = force_reagree_for_korea_model / defaultValue = true / ret = false
05-25 18:07:47.835  5653  5741 I SEMS:SupportedService_13.0.4.16: [][RxCachedThreadScheduler-3][MobileServiceSupportedService] load success
05-25 18:07:47.836  5653  5653 I SEMS:Registration_13.0.4.16: [ActivateLog][main][MobileServiceActivate] lateInit
05-25 18:07:47.836  5653  5738 I Policy_12.2.07: [RxCachedThreadScheduler-1][GetPolicyJobService] polling job service was already scheduled (from:86400000 to:86400000)
05-25 18:07:47.838  5120 10517 D MotionRecognitionService: values = 30.0
05-25 18:07:47.838  5120 10517 D MotionRecognitionService: onReceive lux: 30.0  action:
05-25 18:07:47.838  5120 10517 D MotionRecognitionService: Inject brightness form Cam 30.0
05-25 18:07:47.838  5120 10517 D MotionRecognitionService: Inject calibrated lux
05-25 18:07:47.839  5653  5653 I SEMS:Common_13.0.4.16: [CommonLog][main][LocalBroadcastUtil] register
05-25 18:07:47.839  5653  5653 I SEMS:Registration_13.0.4.16: [ActivateLog][main][ActivatePref] getCheckReActivationTime : 1653473806728
05-25 18:07:47.841  4717  4717 I SensorsHub: AutoBrightnessSensor::inject_sensor_data: cam_lux 30
05-25 18:07:47.842  5653  5653 I Policy_12.2.07: [main][GetServicePolicyUseCase] getServicePolicy
05-25 18:07:47.846  5482  5482 I SamsungAccount: [DbManagerV2] getUserID
05-25 18:07:47.846  5482  5482 I SamsungAccount: [DbManagerV2] getDataV02ForItems : USER_ID from Db
05-25 18:07:47.849  4867  4867 I keystore: !@ reading blob user_0/10100_USRPKEY_com+^osp+^app+^signin_samsung_account_key
05-25 18:07:47.851  4867  4867 I keystore: !@ reading blob user_0/10100_USRPKEY_com+^osp+^app+^signin_samsung_account_key
05-25 18:07:47.851  5653  5653 I SEMS:Social_13.0.4.16: [SLog][main][DateTakenMigrationTask] start checkAndRequestMigration : true
05-25 18:07:47.852  5653  5653 I SEMS:Social_13.0.4.16: [SLog][main][LastModifierMigrationTask] start checkAndRequestMigration : true
05-25 18:07:47.852  5653  5653 I SEMS:Common_13.0.4.16: [CommonLog][main][PeriodicJobUtil] scheduleJob
05-25 18:07:47.852  5653  5742 E SEMS:Social_13.0.4.16: [BLog][RxComputationThreadPool-1][ConditionRepositoryImpl] checkLegacy error
05-25 18:07:47.853  5653  5653 I SEMS:Common_13.0.4.16: [CommonLog][main][PeriodicJobUtil] job service was already scheduled : 21600000
05-25 18:07:47.853  5653  5653 I SEMS:SamsungAccount: [Auth/SS] init START
05-25 18:07:47.853  5653  5653 I SEMS:SamsungAccount: [Auth/SS] current binary is false
05-25 18:07:47.853  5653  5653 I SEMS:SamsungAccount: [Auth/AESCryptoBase] AESCrypto creator !!
05-25 18:07:47.853  5653  5653 I SEMS:Social_13.0.4.16: [][main][MobileServiceSocialApplication] init start
05-25 18:07:47.853  5653  5653 I SEMS:Registration_13.0.4.16: [PushLog][main][SmpManager] registerMessageCallback - 7
05-25 18:07:47.854  5653  5653 I SEMS:Registration_13.0.4.16: [PushLog][main][SmpManager] registerMessageCallback - 8
05-25 18:07:47.854  5653  5653 I SEMS:Social_13.0.4.16: [SLog][main][ShareCommonAPI] init
05-25 18:07:47.854  4867  4867 I keystore: !@ Start - USRPKEY_com.osp.app.signin_samsung_account_key from uid 10100 for uid 10100, isKnoxKey(0)
05-25 18:07:47.854  4867  4867 I keystore: !@ reading blob user_0/10100_USRPKEY_com+^osp+^app+^signin_samsung_account_key
05-25 18:07:47.854  5653  5742 I SEMS:Social_13.0.4.16: [BLog][RxComputationThreadPool-1][ContactObserver] schedule success
05-25 18:07:47.855  5653  5742 I SEMS:Registration_13.0.4.16: [PushLog][RxComputationThreadPool-1][SmpManager] registerMessageCallback - 9
05-25 18:07:47.855  4411  4411 W keymaster_tee: [WRN]begin req PARAMS: A32 B2 P64
05-25 18:07:47.857  5653  5653 I SEMS:Registration_13.0.4.16: [PushLog][main][SmpManager] registerMessageCallback - 12
05-25 18:07:47.859  5653  5653 I SEMS:Social_13.0.4.16: [FeedbackLog][main][MobileServiceFeedback] init
05-25 18:07:47.859  5653  5653 I SEMS:Social_13.0.4.16: [CLog][main][ObserverJobService] scheduleJob for calendar
05-25 18:07:47.861  5653  5653 I SEMS:Social_13.0.4.16: [CLog][main][ObserverJobService] scheduled: true
05-25 18:07:47.861  5653  5653 I SEMS:Social_13.0.4.16: [CLog][main][MigrationJobService] scheduleJob
05-25 18:07:47.864  5482  5482 I SamsungAccount: [EasySignUpMappingManager] needToCallMapping - result : false
05-25 18:07:47.864  5482  5482 I SamsungAccount: [TwoFactorStateUtil] initSettingAppSuggestion
05-25 18:07:47.865  5482  5482 I SamsungAccount: [OpenDBManager] queryOpenData(key= 2Factor_verification_is_on)
05-25 18:07:47.865  5482  5482 I SamsungAccount: [OpenContentProvider]  URI : content://com.msc.openprovider.openContentProvider/openData
05-25 18:07:47.865  4695  4695 I Zygote  : Process 17627 exited due to signal 9 (Killed)
05-25 18:07:47.867  5653  5653 I SEMS:Social_13.0.4.16: [CLog][main][MigrationJobService] scheduled: true
05-25 18:07:47.868  5653  5653 I SEMS:Social_13.0.4.16: [CLog][main][PeriodJobService] scheduleJob
05-25 18:07:47.868  5653  5653 I SEMS:Common_13.0.4.16: [CommonLog][main][PeriodicJobUtil] registerJob : DeleteDuplicate
05-25 18:07:47.868  5653  5653 I SEMS:Social_13.0.4.16: [][main][MobileServiceSocialApplication] init end
05-25 18:07:47.868  5653  5653 I SEMS:Common_13.0.4.16: [CommonLog][main][DeviceUtils] isShipBinary :true
05-25 18:07:47.868  5653  5653 I SEMS:GroupUi: [GroupUi][main] [MobileServiceGroupUiApplication] init application
05-25 18:07:47.870  5653  5653 I Policy_12.2.07: [main][GetServicePolicyUseCase] getServicePolicy
05-25 18:07:47.870  5482  5482 I SamsungAccount: [TwoFactorStateUtil] setSuggestionVisible - isInitialized : false, isVisible : false
05-25 18:07:47.872  5653  5653 I SEMS:Common_13.0.4.16: [CommonLog][main][CscUtil] getCountryCodeFromCSC : RU
05-25 18:07:47.872  5653  5653 I SEMS:Common_13.0.4.16: [CommonLog][main][CscUtil] isChinaCountryCode : false
05-25 18:07:47.872  5653  5653 I SEMS:Registration_13.0.4.16: [PushLog][main][SmpManager] setFirebaseAutoInitEnabled : setAutoInitEnabled = true
05-25 18:07:47.875  5653  5653 I SEMS:Common_13.0.4.16: [CommonLog][main][DeviceUtils] isSamsungAccountSignedIn : true
05-25 18:07:47.875  5653  5653 I SEMS:Common_13.0.4.16: [CommonLog][main][CommonPref] getBoolean - key : sa_reagree_state , value : false
05-25 18:07:47.875  5653  5653 I SEMS:Registration_13.0.4.16: [][main][CscChecker] MCC based : mcc = 250 / type = 0
05-25 18:07:47.876  5653  5653 I SEMS:Registration_13.0.4.16: [][main][CscChecker] MCC based : mcc = 250 / type = 0
05-25 18:07:47.876  5653  5653 I SEMS:Registration_13.0.4.16: [PushLog][main][SmpManager] init: request
05-25 18:07:47.876  5120  5200 I libprocessgroup: Successfully killed process cgroup uid 10207 pid 17627 in 0ms
05-25 18:07:47.876  5653  5653 I SmpLog  : [SMP] init. S:true, P:FCM_PRIMARY_MODE
05-25 18:07:47.882  5653  5741 I Policy_12.2.07: [RxCachedThreadScheduler-3][MobileServicePolicy] getServicePolicy success
05-25 18:07:47.883  5653  5748 I SmpLog  : [SMP] Test mode: false, v:3.2.6, com.samsung.android.mobileservice
05-25 18:07:47.884  5653  5748 I SmpLog  : [SMP] ptype:fcm, token:...-f (152), D:null, U:null, S:false, M:null, P:FCM_PRIMARY_MODE
05-25 18:07:47.885  5120 10582 D PackageManager: setEnabledSetting : userId = 0 packageName = com.samsung.android.mobileservice cmp = androidx.work.impl.background.systemjob.SystemJobService newState = 1 callingPackage = 10103/com.samsung.android.mobileservice
05-25 18:07:47.887  5120  9383 D PackageManager: setEnabledSetting : userId = 0 packageName = com.osp.app.signin cmp = com.samsung.android.samsungaccount.authentication.ui.twofactor.SettingAppSuggestionActivity newState = 2 callingPackage = 10100/com.osp.app.signin
05-25 18:07:47.887  5653  5739 I TetheringManager: registerTetheringEventCallback:com.samsung.android.mobileservice
05-25 18:07:47.887  5482  5482 I SamsungAccount: [SamsungService(Application)] onCreate END
05-25 18:07:47.889  5482  5482 I SamsungAccount: [AIDLRequestService] OnCreate Service
05-25 18:07:47.889  5482  5482 I SamsungAccount: [AIDLRequestService] OnBind
05-25 18:07:47.889  5482  5482 I SamsungAccount: [AIDLRequestService] [InAIDL] Service bound
05-25 18:07:47.890  4840  5789 I CameraService: UidPolicy: No processes running for a uid=10207 disabled=0
05-25 18:07:47.895  5653  5653 I SEMS:Social_13.0.4.16: [CLog][main][MigrationJobService] onStartJob
05-25 18:07:47.901  5653  5653 I SEMS:Social_13.0.4.16: [][main][PermissionManager] not granted permission : android.permission.READ_EXTERNAL_STORAGE
05-25 18:07:47.902  5653  5653 I SEMS:Social_13.0.4.16: [][main][PermissionManager] not granted permission : android.permission.ACCESS_MEDIA_LOCATION
05-25 18:07:47.902  5653  5739 I SEMS:Social_13.0.4.16: [BLog][RxCachedThreadScheduler-2][AccountBuddy] AccountBuddy init success
05-25 18:07:47.905  5653  5653 I SEMS:Social_13.0.4.16: [][main][PermissionManager] not granted permission : android.permission.WRITE_EXTERNAL_STORAGE
05-25 18:07:47.905  5653  5653 E SEMS:Social_13.0.4.16: [][main][PreConditionUtil] check permission false / startPermission : false
05-25 18:07:47.905  5653  5653 E SEMS:Social_13.0.4.16: [CLog][main][CalendarPrecondition] fail CONDITION_PERMISSION
05-25 18:07:47.909  5707  5707 I SoundAliveApplication: onCreate()
05-25 18:07:47.909  5707  5707 I SoundAliveApplication: getApplicationContext()
05-25 18:07:47.909  5707  5707 I SoundAliveApplication: Build.VERSION.SDK_INT : 30
05-25 18:07:47.909  5707  5707 I SoundAliveApplication: Build.VERSION.SEM_PLATFORM_INT : 120100
05-25 18:07:47.909  5707  5707 I SoundAliveApplication: The supported Features are : eq_custom,uhq_level,adapt,dvfs_700000
05-25 18:07:47.909  5707  5707 I SoundAliveApplication: Is EQ Support : true
05-25 18:07:47.909  5707  5707 I SoundAliveApplication: Is UHQ Switch Support : false
05-25 18:07:47.909  5707  5707 I SoundAliveApplication: Is UHQ Level Support : true
05-25 18:07:47.910  5707  5707 I SoundAliveApplication: Is Karaoke Support : false
05-25 18:07:47.910  5707  5707 I SoundAliveApplication: Is TubeAmp Support : false
05-25 18:07:47.910  5707  5707 I SoundAliveApplication: Is Concert Hall Support : false
05-25 18:07:47.910  5707  5707 I SoundAliveApplication: Is AdaptSound Support : true
05-25 18:07:47.910  5707  5707 I SoundAliveApplication: Is UHQ Upscaler Support : true
05-25 18:07:47.910  5707  5707 I SoundAliveApplication: Is UHQ Default set : true
05-25 18:07:47.916  5707  5707 I SoundAliveApplication: resetUnsupportedEffects
05-25 18:07:47.919  5707  5707 I SAq     : status_storage : 5
05-25 18:07:47.919  5707  5707 I SAq     : status_user : true
05-25 18:07:47.919  5707  5707 I SAq     : moving to decrypted-storage
05-25 18:07:47.919  5707  5707 I SAq     : moving shared-pref
05-25 18:07:47.921  5707  5707 I SAq     : PreferencesManager status_storage : 5
05-25 18:07:47.921  5707  5707 I SAq     : PreferencesManager status_user : true
05-25 18:07:47.927  5482  5590 D FA      : Connected to remote service
05-25 18:07:47.937  5482  5590 V FA      : Processing queued up service tasks: 2
05-25 18:07:47.941  5418  5751 I [SC][AUTH]SamsungAccountService: onServiceConnected.
05-25 18:07:47.958  5653  5741 I SEMS:SupportedService_13.0.4.16: [][RxCachedThreadScheduler-3][DclDataManager] loadDclProfile finished
05-25 18:07:47.971  5482  5745 I SamsungAccount: [OpenContentProvider]  URI : content://com.msc.openprovider.openContentProvider/tncRequest
05-25 18:07:47.971  5482  5745 I SamsungAccount: [AccountManagerUtil] isSamsungAccountSignedIn : true
05-25 18:07:47.972  5482  5745 I SamsungAccount: [SignatureCheckUtil] runCheckSignatureWithEmptyId
05-25 18:07:47.972  5482  5745 I SamsungAccount: [SignatureCheckUtil] runCheckSignatureAsync
05-25 18:07:47.972  5482  5745 I SamsungAccount: [SignaturePreconditionChecker] getSignatureResult - fromSesSdk : true
05-25 18:07:47.972  5482  5745 I SamsungAccount: [SignatureInfoDbHelper] getSignatureResult - [][android.scloud.]
05-25 18:07:47.974  5482  5745 I SamsungAccount: [SignatureInfoHelper] getClientIdFromMetaData : [10/c27bh]
05-25 18:07:47.974  5482  5745 I SamsungAccount: [SignatureInfoDbHelper] searchOnUser
05-25 18:07:47.993 17733  4369 V FA-SVC  : Saving default event parameters, appId, data size: com.osp.app.signin, 2
05-25 18:07:47.994  5482  5745 I SamsungAccount: [SignatureInfoDbHelper] searchOnUser - [10/c27bh][android.scloud.][64/d000f] => matched
05-25 18:07:47.995  5482  5745 I SamsungAccount: [SignatureInfoDbHelper] search - matched
05-25 18:07:47.995  5482  5745 I SamsungAccount: [SignatureCheckUtil] runCheckSignatureAsync(fromDb) - matched
05-25 18:07:48.015  5418  5751 I [SC][AUTH]AccountSupplier: isValidSamsungAccount: name: 0 email: 0
05-25 18:07:48.015  5707  5707 I SoundAliveApplication: reset setting-value for Tube-Amp
05-25 18:07:48.024  5707  5707 I SoundAliveApplication: sound assistant, NOT installed
05-25 18:07:48.025  5707  5707 I SoundAliveApplication: setConcertHallSupport : false
05-25 18:07:48.025  5707  5707 I SoundAliveApplication: mConcertHallSupport : false
05-25 18:07:48.025  5707  5707 I SoundAliveApplication: reset setting-value for Concert-Hall
05-25 18:07:48.025  5707  5707 I SoundAliveApplication: reset setting-value for Surround
05-25 18:07:48.025  5707  5707 I SoundAliveApplication: reset setting-value for Tube-Amp
05-25 18:07:48.032  5482  5745 I SamsungAccount: [OpenContentProvider]  URI : content://com.msc.openprovider.openContentProvider/tncRequest
05-25 18:07:48.032  5482  5745 I SamsungAccount: [AccountManagerUtil] isSamsungAccountSignedIn : true
05-25 18:07:48.033  5482  5745 I SamsungAccount: [SignatureCheckUtil] runCheckSignatureWithEmptyId
05-25 18:07:48.033  5482  5745 I SamsungAccount: [SignatureCheckUtil] runCheckSignatureAsync
05-25 18:07:48.033  5482  5745 I SamsungAccount: [SignaturePreconditionChecker] getSignatureResult - fromSesSdk : true
05-25 18:07:48.033  5482  5745 I SamsungAccount: [SignatureInfoDbHelper] getSignatureResult - [][android.scloud.]
05-25 18:07:48.033  5482  5745 I SamsungAccount: [SignatureInfoHelper] getClientIdFromMetaData : [10/c27bh]
05-25 18:07:48.034  5482  5745 I SamsungAccount: [SignatureInfoDbHelper] searchOnUser
05-25 18:07:48.038  5120 10517 D MotionRecognitionService: values = 30.0
05-25 18:07:48.038  5120 10517 D MotionRecognitionService: onReceive lux: 30.0  action:
05-25 18:07:48.038  5482  5745 I SamsungAccount: [SignatureInfoDbHelper] searchOnUser - [10/c27bh][android.scloud.][64/d000f] => matched
05-25 18:07:48.038  5482  5745 I SamsungAccount: [SignatureInfoDbHelper] search - matched
05-25 18:07:48.038  5120 10517 D MotionRecognitionService: Inject brightness form Cam 30.0
05-25 18:07:48.038  5120 10517 D MotionRecognitionService: Inject calibrated lux
05-25 18:07:48.038  5482  5745 I SamsungAccount: [SignatureCheckUtil] runCheckSignatureAsync(fromDb) - matched
05-25 18:07:48.039  4717  4717 I SensorsHub: AutoBrightnessSensor::inject_sensor_data: cam_lux 30
05-25 18:07:48.040  5707  5707 I SoundAliveApplication: sound assistant, NOT installed
05-25 18:07:48.040  5707  5707 I SoundAliveApplication: setConcertHallSupport : false
05-25 18:07:48.040  5707  5707 I SoundAliveApplication: mConcertHallSupport : false
05-25 18:07:48.040  5707  5707 I SoundAliveApplication: reset setting-value for Concert-Hall
05-25 18:07:48.040  5707  5707 I SoundAliveApplication: reset setting-value for Surround
05-25 18:07:48.041  5707  5707 I SoundAliveApplication: reset setting-value for Tube-Amp
05-25 18:07:48.041  5707  5707 I SoundAliveApplication: sound assistant, NOT installed
05-25 18:07:48.042  5707  5707 I SoundAliveApplication: setConcertHallSupport : false
05-25 18:07:48.042  5707  5707 I SoundAliveApplication: mConcertHallSupport : false
05-25 18:07:48.042  5707  5707 I SoundAliveApplication: reset setting-value for Concert-Hall
05-25 18:07:48.042  5707  5707 I SoundAliveApplication: reset setting-value for Surround
05-25 18:07:48.042  5707  5707 I SoundAliveApplication: reset setting-value for Tube-Amp
05-25 18:07:48.044  5707  5707 I SoundAliveApplication: sound assistant, NOT installed
05-25 18:07:48.044  5707  5707 I SoundAliveApplication: setConcertHallSupport : false
05-25 18:07:48.044  5707  5707 I SoundAliveApplication: mConcertHallSupport : false
05-25 18:07:48.044  5707  5707 I SoundAliveApplication: reset setting-value for Concert-Hall
05-25 18:07:48.045  5707  5707 I SoundAliveApplication: reset setting-value for Surround
05-25 18:07:48.045  5707  5707 I SoundAliveApplication: reset setting-value for Tube-Amp
05-25 18:07:48.046  5707  5707 I SoundAliveApplication: sound assistant, NOT installed
05-25 18:07:48.047  5707  5707 I SoundAliveApplication: setConcertHallSupport : false
05-25 18:07:48.047  5707  5707 I SoundAliveApplication: mConcertHallSupport : false
05-25 18:07:48.047  5707  5707 I SoundAliveApplication: reset setting-value for Concert-Hall
05-25 18:07:48.047  5707  5707 I SoundAliveApplication: reset setting-value for Surround
05-25 18:07:48.047  5707  5707 I SoundAliveApplication: reset setting-value for Tube-Amp
05-25 18:07:48.051  5707  5707 I SoundAliveApplication: sound assistant, NOT installed
05-25 18:07:48.051  5707  5707 I SoundAliveApplication: setConcertHallSupport : false
05-25 18:07:48.051  5707  5707 I SoundAliveApplication: mConcertHallSupport : false
05-25 18:07:48.051  5707  5707 I SoundAliveApplication: reset setting-value for Concert-Hall
05-25 18:07:48.051  5707  5707 I SoundAliveApplication: reset setting-value for Surround
05-25 18:07:48.052  5418  5751 I [SC][AUTH]AccountSupplier: isValidSamsungAccount: name: 0 email: 0
05-25 18:07:48.052  5707  5707 I SoundAliveApplication: reset setting-value for Tube-Amp
05-25 18:07:48.053  5707  5707 I SoundAliveApplication: sound assistant, NOT installed
05-25 18:07:48.054  5707  5707 I SoundAliveApplication: setConcertHallSupport : false
05-25 18:07:48.054  5707  5707 I SoundAliveApplication: mConcertHallSupport : false
05-25 18:07:48.054  5707  5707 I SoundAliveApplication: reset setting-value for Concert-Hall
05-25 18:07:48.054  5707  5707 I SoundAliveApplication: reset setting-value for Surround
05-25 18:07:48.054  5707  5707 I SoundAliveApplication: reset setting-value for Tube-Amp
05-25 18:07:48.054  5482  5521 I SamsungAccount: [AIDLInterfaceBinder] [InAIDL] registerCallback start
05-25 18:07:48.055  4944  5763 I PLSyncIncident: Beginning incident sync
05-25 18:07:48.055  5707  5707 I SoundAliveApplication: sound assistant, NOT installed
05-25 18:07:48.055  5707  5707 I SoundAliveApplication: setConcertHallSupport : false
05-25 18:07:48.055  5707  5707 I SoundAliveApplication: mConcertHallSupport : false
05-25 18:07:48.055  5707  5707 I SoundAliveApplication: reset setting-value for Concert-Hall
05-25 18:07:48.056  5707  5707 I SoundAliveApplication: reset setting-value for Surround
05-25 18:07:48.056  5707  5707 I SoundAliveApplication: loadDolbyAtmosGaming
05-25 18:07:48.056  5707  5707 I SoundAliveApplication: reset setting-value for Dolby Gaming for Audio path SPK__
05-25 18:07:48.056  5707  5707 I SoundAliveApplication: reset setting-value for Dolby Gaming for Audio path EAR__
05-25 18:07:48.056  5707  5707 I SoundAliveApplication: reset setting-value for Dolby Gaming for Audio path BT__
05-25 18:07:48.056  5707  5707 I SoundAliveApplication: reset setting-value for Dolby Gaming for Audio path LineOut__
05-25 18:07:48.056  5707  5707 I SoundAliveApplication: reset setting-value for Dolby Gaming for Audio path HDMI__
05-25 18:07:48.057  5707  5707 I SoundAliveApplication: reset setting-value for Dolby Gaming for Audio path SUBMIX__
05-25 18:07:48.057  5707  5707 I SoundAliveApplication: reset setting-value for Dolby Gaming for Audio path USB__
05-25 18:07:48.057  5707  5707 I SoundAliveApplication: reset setting-value for Dolby Gaming for Audio path UNKNOWN__
05-25 18:07:48.058  5482  5521 I SamsungAccount: [AIDLInterfaceBinder] [InAIDL] REG_CALLING_PACKAGE : android.scloud.
05-25 18:07:48.058  5482  5521 I SamsungAccount: [AIDLInterfaceBinder] [InAIDL] registerCallback start. Package = android.scloud.
05-25 18:07:48.058  5482  5521 I SamsungAccount: [CBM] CallbackManager
05-25 18:07:48.058  5482  5521 I SamsungAccount: [CBM] [InAIDL-CallbackManager] registerCallback
05-25 18:07:48.058  5482  5521 I SamsungAccount: [CBM] [InAIDL-CallbackManager] checkRegisterCallbackCondition
05-25 18:07:48.058  5482  5521 I SamsungAccount: [CBM] [InAIDL-CallbackManager]getRegistrationCodeIfAlreadyRegistered
05-25 18:07:48.059  5482  5521 I SamsungAccount: [CBM] [InAIDL-CallbackManager]Success registerCallback
05-25 18:07:48.059  5482  5521 I SamsungAccount: [AIDLInterfaceBinder] [InAIDL] registerCallback end. registrationCode :Y29tLnNhbXN1bmcuYW5kcm9pZC5zY2xvdWQx Package = android.scloud.
05-25 18:07:48.059  5418  5751 I [SC][AUTH]SamsungAccountService: ServiceConnection: onServiceConnected. Y29tLnNhbXN1bmcuYW5kcm9pZC5zY2xvdWQx
05-25 18:07:48.059  5418  5751 I [SC][AUTH]SamsungAccountService: ServiceConnection: onServiceConnected. request.
05-25 18:07:48.060  5482  5521 I SamsungAccount: [AIDLInterfaceBinder] [InAIDL] requestAccesstoken
05-25 18:07:48.061  5482  5521 I SamsungAccount: [AIDLInterfaceBinder] [InAIDL] BundleInfo = [ additional:user_id,cc,api_server_url,auth_server_url,login_id, scope:galaxystore.openapi]
05-25 18:07:48.061  5482  5521 I SamsungAccount: [AIDLInterfaceBinder] [InAIDL] checkRequestCondition
05-25 18:07:48.061  5482  5521 I SamsungAccount: [CBM] [InAIDL-CallbackManager]getCallbackInfo
05-25 18:07:48.061  5482  5521 I SamsungAccount: [CBM] [InAIDL-CallbackManager]getCallbackInfo
05-25 18:07:48.061  5482  5521 I SamsungAccount: [AIDLInterfaceBinder] [InAIDL]Start AccessTokenRunnable Thread. package = android.scloud.
05-25 18:07:48.062  5482  5521 I SamsungAccount: [PermissionsUtils] checkPrivilegedPhonePermissionOfCallingPackage
05-25 18:07:48.068  5482  5521 I SamsungAccount: [PermissionsUtils] hasPrivilegedPhonePermission : true
05-25 18:07:48.069  5482  5521 I SamsungAccount: [CBM] [InAIDL-CallbackManager]getCallbackInfo
05-25 18:07:48.069  5482  5521 I SamsungAccount: [CBM] setCurrentRequestType :1
05-25 18:07:48.072  5482  5765 I SamsungAccount: [AbstractProcessRunnable] [InAIDL-AbstractProcessRunnable]isAvailableRunningProcess start Package = android.scloud.
05-25 18:07:48.073  5482  5765 I SamsungAccount: [NetworkStateUtil] == networkStateCheck == true
05-25 18:07:48.074  5482  5765 I SamsungAccount: [AccountManagerUtil] isSamsungAccountSignedIn : true
05-25 18:07:48.074  4742 19667 V APM_AudioPolicyManager: listAudioPorts() role 0 type 0 num_ports 0 ports 0x751043f4c0
05-25 18:07:48.074  4742 19667 V APM_AudioPolicyManager: listAudioPorts() got 0 ports needed 10
05-25 18:07:48.075  4742 19667 V APM_AudioPolicyManager: listAudioPorts() role 0 type 0 num_ports 10 ports 0x7510489800
05-25 18:07:48.075  4742 19667 V APM_AudioPolicyManager: listAudioPorts() got 10 ports needed 10
05-25 18:07:48.077  5707  5707 I AudioDeviceCallback: registerAudioDeviceCallback
05-25 18:07:48.079  5707  5707 I SAControlPanelReceiver: action is android.intent.action.PACKAGE_FULLY_REMOVED
05-25 18:07:48.079  5707  5707 I SAControlPanelReceiver: user id is 0
05-25 18:07:48.080  5707  5707 E DeXUtil : DesktopModeManager is null, so it can't be decided.
05-25 18:07:48.080  5707  5707 I SAControlPanelReceiver: dex mode is false
05-25 18:07:48.080  5707  5707 E SAControlPanelReceiver: Received : android.intent.action.PACKAGE_FULLY_REMOVED
05-25 18:07:48.085  4742  5083 D NativeSemDvfsManager: acquire:: timeout = -999 mIsAcquired = 0  mTagName : AudioFlinger
05-25 18:07:48.086  4867  4867 I keystore: !@ reading blob user_0/10100_USRPKEY_com+^osp+^app+^signin_samsung_account_key
05-25 18:07:48.086  4742  5083 E NativeCustomFrequencyManager: [NativeCFMS] BpCustomFrequencyManager::acquire()
05-25 18:07:48.086  4722  4794 I HYPER-HAL: [RequestManager.cpp]acquire(): Acquired ID : 16489153  [4742 / 1000]    HINT :      list : [CPUMinFreq / 149500]
05-25 18:07:48.087  4722  4794 I HYPER-HAL: [ResourceManager.cpp]updateResource(): [CPUMinFreq] UpdateResource Request ID : 16489153    Value : 149500
05-25 18:07:48.088  5120  9383 I system_server: oneway function results will be dropped but finished with status OK and parcel size 4
05-25 18:07:48.088  4867  4867 I keystore: !@ reading blob user_0/10100_USRPKEY_com+^osp+^app+^signin_samsung_account_key
05-25 18:07:48.089  4944  5763 I PLSyncFeedback: Beginning feedback sync
05-25 18:07:48.090  5120  9383 I system_server: oneway function results will be dropped but finished with status OK and parcel size 4
05-25 18:07:48.091  5120  9383 I system_server: oneway function results will be dropped but finished with status OK and parcel size 4
05-25 18:07:48.092  5120  9383 I system_server: oneway function results will be dropped but finished with status OK and parcel size 4
05-25 18:07:48.093  4867  4867 I keystore: !@ Start - USRPKEY_com.osp.app.signin_samsung_account_key from uid 10100 for uid 10100, isKnoxKey(0)
05-25 18:07:48.094  4867  4867 I keystore: !@ reading blob user_0/10100_USRPKEY_com+^osp+^app+^signin_samsung_account_key
05-25 18:07:48.095  4411  4411 W keymaster_tee: [WRN]begin req PARAMS: A32 B2 P64
05-25 18:07:48.103  5482  5765 I SamsungAccount: [DbManagerV2] getDataState : VALID
05-25 18:07:48.103  5482  5765 I SamsungAccount: [SignatureCheckUtil] runCheckSignatureAsync
05-25 18:07:48.103  5482  5765 I SamsungAccount: [SignaturePreconditionChecker] getSignatureResult - fromSesSdk : false
05-25 18:07:48.104  5482  5765 I SamsungAccount: [SignatureInfoDbHelper] getSignatureResult - [10/c27bh][android.scloud.]
05-25 18:07:48.104  5482  5765 I SamsungAccount: [SignatureInfoDbHelper] searchOnUser
05-25 18:07:48.108  5482  5765 I SamsungAccount: [SignatureInfoDbHelper] searchOnUser - [10/c27bh][android.scloud.][64/d000f] => matched
05-25 18:07:48.108  5482  5765 I SamsungAccount: [SignatureInfoDbHelper] search - matched
05-25 18:07:48.109  5482  5765 I SamsungAccount: [SignatureCheckUtil] runCheckSignatureAsync(fromDb) - matched
05-25 18:07:48.109  5482  5765 I SamsungAccount: [AbstractProcessRunnable] [InAIDL-AbstractProcessRunnable]isAvailableRunningProcess end. Package = android.scloud.
05-25 18:07:48.109  5482  5765 I SamsungAccount: [AccessTokenRunnable] [InAIDL-AccessTokenRunnable]runProcess start. Package = android.scloud.
05-25 18:07:48.109  5482  5765 I SamsungAccount: [StateCheckUtil] isGoogleLinked = true
05-25 18:07:48.109  5482  5765 I SamsungAccount: [AccessTokenRunnable] check_basic_profile = false needToCheckServer = false
05-25 18:07:48.111  5707  5707 I SAEffectManager: SoundAlive instance has created successfully. AUDIOSESSION_ID = -3
05-25 18:07:48.112  5482  5765 I SamsungAccount: [DeviceManager] salesCode : SER
05-25 18:07:48.112  5482  5765 I SamsungAccount: [DeviceManager] isNewLduProdCode : false
05-25 18:07:48.113  4944  5763 I PLSyncFeedback: No queued feedbacks
05-25 18:07:48.116  5482  5765 I SamsungAccount: [AccessTokenRunnable] [InAIDL-AccessTokenRunnable]isAccessTokenReusable. Package = android.scloud.
05-25 18:07:48.117  5482  5765 I SamsungAccount: [StateCheckUtil] isOverIntervalTime, renewTimeStamp = false
05-25 18:07:48.117  5707  5707 I SAEffectManager: SAEffectManager : mDolby = getNewDolbyInstance. AUDIOSESSION_ID = -3
05-25 18:07:48.117  5482  5765 I SamsungAccount: [AccessTokenRunnable] [InAIDL-AccessTokenRunnable]checkAndSetAccessToken. Package = android.scloud.
05-25 18:07:48.117  5707  5707 I SAEffectManager: getNewDolbyInstance() : _dolbyType is 1
05-25 18:07:48.117  5482  5765 I SamsungAccount: [AccessToken] getAccessTokenInfo
05-25 18:07:48.123  5707  5707 I SAEffectManager: Dolby effect instance has created successfully. AUDIOSESSION_ID = -3
05-25 18:07:48.123  5707  5707 I SAEffectManager: SAEffectManager : mDolbyGame = getNewDolbyInstance. AUDIOSESSION_ID = -3
05-25 18:07:48.123  5707  5707 I SAEffectManager: getNewDolbyInstance() : _dolbyType is 2
05-25 18:07:48.126  5707  5707 I SAEffectManager: Dolby Game Instance has created successfully.
05-25 18:07:48.126  5120  5131 I system_server: Background young concurrent copying GC freed 283114(17MB) AllocSpace objects, 203(7192KB) LOS objects, 23% free, 80MB/104MB, paused 549us total 123.119ms
05-25 18:07:48.126  5707  5707 I AudioDeviceCallback: isExternalDevice... device.getType() = 1
05-25 18:07:48.126  5707  5707 I AudioDeviceCallback: isExternalDevice... device.getType() = 2
05-25 18:07:48.127  5707  5707 I AudioDeviceCallback: isExternalDevice... device.getType() = 15
05-25 18:07:48.127  5707  5707 I AudioDeviceCallback: isExternalDevice... device.getType() = 15
05-25 18:07:48.127  5707  5707 I AudioDeviceCallback: isExternalDevice... device.getType() = 18
05-25 18:07:48.127  5707  5707 I AudioDeviceCallback: isExternalDevice... device.getType() = 25
05-25 18:07:48.129  4944  5763 I PLSyncFile: Beginning log uploads
05-25 18:07:48.131 17312 17312 E SPPClientService: [PackageInfoChangeReceiver] android.intent.action.PACKAGE_FULLY_REMOVED
05-25 18:07:48.132 17312 17312 E SPPClientService: [PackageInfoChangeReceiver] [handlePkgRemovedEvent] PackageName : com.nassdk.careeriest
05-25 18:07:48.149  4944  5763 I PLSyncFile: No queued uploads
05-25 18:07:48.153  5482  5765 I SamsungAccount: [RBIVO] getStringFormAdditionalBundleKey : expired_access_token
05-25 18:07:48.153  5482  5765 I SamsungAccount: [AccessTokenRunnable] expiredAccessToken is Empty. curTimeSec=1653491268, TimeGap=25568
05-25 18:07:48.153  5482  5765 I SamsungAccount: [AccessTokenRunnable] IsTokenReusable : true
05-25 18:07:48.154  5482  5765 I SamsungAccount: [AccessTokenRunnable] Accesstoken is reusable and isNeedToCheckServer is false
05-25 18:07:48.154  5482  5765 I SamsungAccount: [DbManagerV2] getMccFromDB
05-25 18:07:48.154  4944  5763 V SyncEngine: Sync iteration finished; result=SUCCESS
05-25 18:07:48.154  5482  5765 I SamsungAccount: [DbManagerV2] getDataV02ForItems : MCC from Cache
05-25 18:07:48.154  5482  5765 I SamsungAccount: [DataUtil] Not Skip Name Validation by accountMCC
05-25 18:07:48.154  5482  5765 I SamsungAccount: [LocalBusinessException] Not Skip Name Validation by AppId
05-25 18:07:48.155  5482  5765 I SamsungAccount: [OpenDBManager] getCheckListFromOpenDB
05-25 18:07:48.155  5482  5765 I SamsungAccount: [OpenDBManager] getTncResult
05-25 18:07:48.155  5482  5765 I SamsungAccount: [OpenDBManager] getTncCursor
05-25 18:07:48.155  5482  5765 I SamsungAccount: [OpenContentProvider]  URI : content://com.msc.openprovider.openContentProvider/tncRequest
05-25 18:07:48.155  5482  5765 I SamsungAccount: [AccountManagerUtil] isSamsungAccountSignedIn : true
05-25 18:07:48.156  5482  5765 I SamsungAccount: [SignatureCheckUtil] runCheckSignatureWithEmptyId
05-25 18:07:48.156  5482  5765 I SamsungAccount: [SignatureCheckUtil] runCheckSignatureAsync
05-25 18:07:48.156  5482  5765 I SamsungAccount: [SignaturePreconditionChecker] getSignatureResult - fromSesSdk : true
05-25 18:07:48.156  5482  5765 I SamsungAccount: [SignatureInfoDbHelper] getSignatureResult - [][app.signin.]
05-25 18:07:48.158 17312 17312 E SPPClientService: [PackageInfoChangeReceiver] [handlePkgRemovedEvent] User : Owner, appId : null
05-25 18:07:48.165  5482  5765 I SamsungAccount: [SignatureInfoDbHelper] searchOnUser
05-25 18:07:48.170  4695  4695 D Zygote  : Forked child process 5769
05-25 18:07:48.174  5482  5765 I SamsungAccount: [SignatureInfoDbHelper] searchOnUser - [][app.signin.][64/d000f] => matched
05-25 18:07:48.174  5482  5765 I SamsungAccount: [SignatureInfoDbHelper] search - matched
05-25 18:07:48.174  5482  5765 I SamsungAccount: [SignatureCheckUtil] runCheckSignatureAsync(fromDb) - matched
05-25 18:07:48.180  5482  5765 I SamsungAccount: [DbManagerV2] getMccFromDB
05-25 18:07:48.180  5482  5765 I SamsungAccount: [DbManagerV2] getDataV02ForItems : MCC from Cache
05-25 18:07:48.180  5482  5765 I SamsungAccount: [DataUtil] Not Skip Name Validation by accountMCC
05-25 18:07:48.185  5482  5765 I SamsungAccount: [OpenDBManager] isRequireField
05-25 18:07:48.186  5482  5765 I SamsungAccount: [OpenDBManager] getFieldCursor
05-25 18:07:48.186  5482  5765 I SamsungAccount: [OpenContentProvider]  URI : content://com.msc.openprovider.openContentProvider/mandatoryField
05-25 18:07:48.186  5482  5765 I SamsungAccount: [AccountManagerUtil] isSamsungAccountSignedIn : true
05-25 18:07:48.189  4867  4867 I keystore: !@ reading blob user_0/10100_USRPKEY_com+^osp+^app+^signin_samsung_account_key
05-25 18:07:48.193  4867  4867 I keystore: !@ reading blob user_0/10100_USRPKEY_com+^osp+^app+^signin_samsung_account_key
05-25 18:07:48.196  4867  4867 I keystore: !@ Start - USRPKEY_com.osp.app.signin_samsung_account_key from uid 10100 for uid 10100, isKnoxKey(0)
05-25 18:07:48.197  4867  4867 I keystore: !@ reading blob user_0/10100_USRPKEY_com+^osp+^app+^signin_samsung_account_key
05-25 18:07:48.197  4411  4411 W keymaster_tee: [WRN]begin req PARAMS: A32 B2 P64
05-25 18:07:48.213  5482  5765 I SamsungAccount: [StateCheckUtil] Validation Process is completed true
05-25 18:07:48.213  5482  5765 I SamsungAccount: [AccessTokenRunnable] [InAIDL-AccessTokenRunnable]AccessToken reuse. runProcess end. Package = android.scloud.
05-25 18:07:48.213  5482  5765 I SamsungAccount: [CBM] [InAIDL-CallbackManager]getCallbackInfo
05-25 18:07:48.213  5482  5765 I SamsungAccount: [CBM] setCurrentRequestType :0
05-25 18:07:48.213  5482  5765 I SamsungAccount: [AccountManagerUtil] isSamsungAccountSignedIn : true
05-25 18:07:48.213  5482  5765 I SamsungAccount: [AccessTokenRunnable] [InAIDL-AccessTokenRunnable]onProcessFinished. Package = android.scloud.
05-25 18:07:48.214  5482  5765 I SamsungAccount: [DeviceManager] salesCode : SER
05-25 18:07:48.214  5482  5765 I SamsungAccount: [DeviceManager] isNewLduProdCode : false
05-25 18:07:48.218  5482  5765 I SamsungAccount: [AccessTokenRunnable] [InAIDL-AccessTokenRunnable]checkAccessTokenAndRefreshToken. Package = android.scloud.
05-25 18:07:48.218  5482  5765 I SamsungAccount: [AccessTokenRunnable] [InAIDL-AccessTokenRunnable]handleProcessSuccessResult start. Package = android.scloud.
05-25 18:07:48.218  5482  5765 I SamsungAccount: [RBIVO] getStringArrFromAdditionalBundleKey : additional
05-25 18:07:48.218  5482  5765 I SamsungAccount: [AccessTokenRunnable] [InAIDL-AccessTokenRunnable]setAdditionalInfo start. Package = android.scloud.
05-25 18:07:48.218  5482  5765 I SamsungAccount: [AccessTokenRunnable] [InAIDL-AccessTokenRunnable]set user_id
05-25 18:07:48.218  5482  5765 I SamsungAccount: [DbManagerV2] getUserID
05-25 18:07:48.218  5482  5765 I SamsungAccount: [DbManagerV2] getDataV02ForItems : USER_ID from Cache
05-25 18:07:48.218  5482  5765 I SamsungAccount: [AccessTokenRunnable] [InAIDL-AccessTokenRunnable]set cc
05-25 18:07:48.218  5482  5765 I SamsungAccount: [DbManagerV2] getCountryCodeFromDB
05-25 18:07:48.218  5482  5765 I SamsungAccount: [DbManagerV2] getDataV02ForItems : COUNTRY_CODE from Db
05-25 18:07:48.218  5769  5769 E .sec.unifiedwf: Not starting debugger since process cannot load the jdwp agent.
05-25 18:07:48.224  4867  4867 I keystore: !@ reading blob user_0/10100_USRPKEY_com+^osp+^app+^signin_samsung_account_key
05-25 18:07:48.226  4867  4867 I keystore: !@ reading blob user_0/10100_USRPKEY_com+^osp+^app+^signin_samsung_account_key
05-25 18:07:48.226  5769  5769 D ActivityThread: setConscryptValidator
05-25 18:07:48.227  5769  5769 D ActivityThread: setConscryptValidator - put
05-25 18:07:48.229  4867  4867 I keystore: !@ Start - USRPKEY_com.osp.app.signin_samsung_account_key from uid 10100 for uid 10100, isKnoxKey(0)
05-25 18:07:48.230  4867  4867 I keystore: !@ reading blob user_0/10100_USRPKEY_com+^osp+^app+^signin_samsung_account_key
05-25 18:07:48.231  4411  4411 W keymaster_tee: [WRN]begin req PARAMS: A32 B2 P64
05-25 18:07:48.239  5120 10517 D MotionRecognitionService: values = 30.0
05-25 18:07:48.239  5120 10517 D MotionRecognitionService: onReceive lux: 30.0  action:
05-25 18:07:48.239  5120 10517 D MotionRecognitionService: Inject brightness form Cam 30.0
05-25 18:07:48.239  5120 10517 D MotionRecognitionService: Inject calibrated lux
05-25 18:07:48.240  4717  4717 I SensorsHub: AutoBrightnessSensor::inject_sensor_data: cam_lux 30
05-25 18:07:48.245  5482  5765 I SamsungAccount: [AccessTokenRunnable] [InAIDL-AccessTokenRunnable]set api_server_url
05-25 18:07:48.248  5482  5765 I SamsungAccount: [UrlManagerAuth] api_server_url for region
05-25 18:07:48.249  5482  5765 I SamsungAccount: [UrlManagerAuth] return region server url
05-25 18:07:48.249  5482  5765 I SamsungAccount: [AccessTokenRunnable] [InAIDL-AccessTokenRunnable]set auth_server_url
05-25 18:07:48.249  5482  5765 I SamsungAccount: [UrlManagerAuth] auth_server_url for region
05-25 18:07:48.249  5482  5765 I SamsungAccount: [UrlManagerAuth] return region server url
05-25 18:07:48.249  5482  5765 I SamsungAccount: [AccessTokenRunnable] [InAIDL-AccessTokenRunnable]set login_id
05-25 18:07:48.249  5482  5765 I SamsungAccount: [AccessTokenRunnable] [InAIDL-AccessTokenRunnable]setAdditionalInfo finish. Package = android.scloud.
05-25 18:07:48.250  5418  5456 I [SC][AUTH]SamsungAccountService: onReceiveAccessToken: true
05-25 18:07:48.250  5418  5456 I [SC][AUTH]AuthDataManager: setAccessToken
05-25 18:07:48.250  5418  5456 I [SC][AUTH]AuthDataManager: countDown: 0
05-25 18:07:48.251  5418  5464 I [SC][AUTH]AuthDataManager: Await countDownLatch: 0
05-25 18:07:48.251  5418  5464 I [SCSDK][C][2.0.05]: [SamsungCloudFactory]initialize
05-25 18:07:48.253  5482  5765 I SamsungAccount: [AIDLInterfaceBinder] [InAIDL] unregisterCallback start
05-25 18:07:48.253  5482  5765 I SamsungAccount: [CBM] [InAIDL-CallbackManager]getCallbackInfo
05-25 18:07:48.253  5482  5765 I SamsungAccount: [RequestHistoryManager] ==AIDL ACCTOKEN HISTORY== android.scloud. => 05/25-18:07:48
05-25 18:07:48.253  5482  5765 I SamsungAccount: [CBM] [InAIDL-CallbackManager]unRegisterCallback
05-25 18:07:48.253  5482  5765 I SamsungAccount: [CBM] [InAIDL-CallbackManager]checkUnregisterCallbackCondition
05-25 18:07:48.253  5482  5765 I SamsungAccount: [CBM] [InAIDL-CallbackManager]getCallbackInfo
05-25 18:07:48.253  5482  5765 I SamsungAccount: [CBM] [InAIDL-CallbackManager] Unregister SuccessPackage = android.scloud.
05-25 18:07:48.253  5482  5765 I SamsungAccount: [AIDLInterfaceBinder] [InAIDL] unregisterCallback end
05-25 18:07:48.256  5482  5482 I SamsungAccount: [AIDLRequestService] OnDestroy Service
05-25 18:07:48.261  5482  5765 I SamsungAccount: [AccessTokenRunnable] [InAIDL-AccessTokenRunnable]handleProcessSuccessResult finish. Package = android.scloud.
05-25 18:07:48.266  5769  5769 I .sec.unifiedwf: The ClassLoaderContext is a special shared library.
05-25 18:07:48.279  5418  5799 W .android.sclou: Unsupported class loader
05-25 18:07:48.284  5418  5799 W .android.sclou: Skipping duplicate class check due to unsupported classloader
05-25 18:07:48.286  5418  5799 W .android.sclou: Unsupported class loader
05-25 18:07:48.288  5120 10904 E system_server: Invalid class loader spec: =UnsupportedClassLoaderContext=
05-25 18:07:48.289  5418  5799 I DynamiteModule: Considering local module com.google.android.gms.cronet_dynamite:0 and remote module com.google.android.gms.cronet_dynamite:1411
05-25 18:07:48.289  5418  5799 I DynamiteModule: Selected remote version of com.google.android.gms.cronet_dynamite, version >= 1411
05-25 18:07:48.335  5120 11347 D PackageManager: setEnabledSetting : userId = 0 packageName = com.sec.unifiedwfc cmp = androidx.work.impl.background.systemjob.SystemJobService newState = 1 callingPackage = 10160/com.sec.unifiedwfc
05-25 18:07:48.342  5769  5769 I TetheringManager: registerTetheringEventCallback:com.sec.unifiedwfc
05-25 18:07:48.348  5769  5769 W [UNWFC]-- : secQueryGetFingerprint :
05-25 18:07:48.385  9548  9633 D NetworkController.SecMobileSignalController(0/2147483647): onSignalStrengthsChanged level=3
05-25 18:07:48.385  9548  9633 D NetworkController.SecMobileSignalController(0/2147483647): Display signal bar by emergency only[true][true]
05-25 18:07:48.386  9548  9633 D MobileSignalIconsSelector: getDataIconGroup(): 0
05-25 18:07:48.387  5769  5769 I [UNWFC]-- WfcSetConnProv: onCreateData
05-25 18:07:48.389  9548  9633 D MobileSignalIconsSelector: getDataIconGroup(): connected=true,enabled=true,level=3,inetCondition=1,dataIconGroup=DataIconGroup(UNKNOWN),activityIn=false,activityOut=false,lastModified=05-25 18:07:48.386,dataSim=false,networkName=Ð¢Ð¾Ð»ÑŒÐºÐ¾ ÑÐºÑÑ‚Ñ€ÐµÐ½Ð½Ñ‹Ðµ Ð²Ñ‹Ð·Ð¾Ð²Ñ‹,networkNameData=Ð¢Ð¾Ð»ÑŒÐºÐ¾ ÑÐºÑÑ‚Ñ€ÐµÐ½Ð½Ñ‹Ðµ Ð²Ñ‹Ð·Ð¾Ð²Ñ‹,dataConnected=false,roaming=false,isDefault=false,isEmergency=true,airplaneMode=false,carrierNetworkChangeMode=false,userSetup=true,defaultDataOff=false,cdmaEriIconIndex=-1,cdmaEriIconMode=-1,callState=0,voWifiConnected=false,shouldShowDisabledDataIcon=false,bluetoothTethered=false,isLTEFemtoCell=false,cardOperator=OTHERS,optionalRadioTech=0,isCAIndicator=false,isLimitedStateForCTCSlaveVoLTE=false,isSWRoaming=false,isMobileDataSettingEnabled=false,nwBoosterRilEnabled=false,nwBoosterSettingEnabled=false,emergencyModeActivated=false,ismmW5G=false,slotId=0,simState=ABSENT,isDefaultDataSlot=false, iconSet = null
05-25 18:07:48.390  9548  9548 D StatusbarSignalPolicy: setMobileDataIndicators state = MobileIconState(subId=2147483647, strengthId=2131233578, roaming=false, typeId=0, visible=true, activityId=0, roamingId=0, slotId=0)
05-25 18:07:48.397  5769  5769 I UNWFC-VoWifiApplication: onCreate
05-25 18:07:48.417  5769  5769 I UNWFC-VoWifiApplication: onCreate
05-25 18:07:48.431  5418  5464 I cr_CronetLibraryLoader: Cronet version: 101.0.4951.15, arch: aarch64
05-25 18:07:48.435  5769  5769 I [UNWFC]-- : WfcEpdgMgr : com.sec.unifiedwfc.VoWifiApplication@d7f2165
05-25 18:07:48.436  5120  9476 D Ethernet: got request NetworkRequest [ TRACK_DEFAULT id=12621, [ Capabilities: INTERNET&NOT_RESTRICTED&TRUSTED Uid: 5009 AdministratorUids: [] RequestorUid: 5009 RequestorPackageName: com.samsung.android.scloud] ] with score 101 and providerId -2
05-25 18:07:48.437  5120  9402 D WifiNetworkFactory: got request NetworkRequest [ TRACK_DEFAULT id=12621, [ Capabilities: INTERNET&NOT_RESTRICTED&TRUSTED Uid: 5009 AdministratorUids: [] RequestorUid: 5009 RequestorPackageName: com.samsung.android.scloud] ] with score 101 and providerId -2
05-25 18:07:48.437  5120  9402 D UntrustedWifiNetworkFactory: got request NetworkRequest [ TRACK_DEFAULT id=12621, [ Capabilities: INTERNET&NOT_RESTRICTED&TRUSTED Uid: 5009 AdministratorUids: [] RequestorUid: 5009 RequestorPackageName: com.samsung.android.scloud] ] with score 101 and providerId -2
05-25 18:07:48.437  9988  9988 D PhoneSwitcherNetworkRequstListener: got request NetworkRequest [ TRACK_DEFAULT id=12621, [ Capabilities: INTERNET&NOT_RESTRICTED&TRUSTED Uid: 5009 AdministratorUids: [] RequestorUid: 5009 RequestorPackageName: com.samsung.android.scloud] ] with score 101 and providerId -2
05-25 18:07:48.439  5769  5769 I [UNWFC]-- Util: getVoWifiMenuEnabled:0
05-25 18:07:48.440  5120 10517 D MotionRecognitionService: values = 30.0
05-25 18:07:48.440  5120 10517 D MotionRecognitionService: onReceive lux: 30.0  action:
05-25 18:07:48.440  5120 10517 D MotionRecognitionService: Inject brightness form Cam 30.0
05-25 18:07:48.440  5120 10517 D MotionRecognitionService: Inject calibrated lux
05-25 18:07:48.441  4717  4717 I SensorsHub: AutoBrightnessSensor::inject_sensor_data: cam_lux 30
05-25 18:07:48.450  5769  5769 I [UNWFC]-- Util: getSimOperator() converted mccmnc:
05-25 18:07:48.455  5418  5464 I [SCSDK][C][2.0.05]: [SamsungCloudActivate]No expire
05-25 18:07:48.458  5418  5464 I [SCSPSDK][1.0.02]: [ScspFactory]Count down constructor lock for bridge.
05-25 18:07:48.466  5769  5769 I [UNWFC]-- Util: getSimOperator() converted mccmnc:
05-25 18:07:48.466  5769  5769 I [UNWFC]-- Appl: Bixby not supported
05-25 18:07:48.467  5482  5510 I SamsungAccount: [OpenContentProvider]  URI : content://com.msc.openprovider.openContentProvider/tncRequest
05-25 18:07:48.468  5482  5510 I SamsungAccount: [AccountManagerUtil] isSamsungAccountSignedIn : true
05-25 18:07:48.468  5482  5510 I SamsungAccount: [SignatureCheckUtil] runCheckSignatureWithEmptyId
05-25 18:07:48.468  5482  5510 I SamsungAccount: [SignatureCheckUtil] runCheckSignatureAsync
05-25 18:07:48.468  5482  5510 I SamsungAccount: [SignaturePreconditionChecker] getSignatureResult - fromSesSdk : true
05-25 18:07:48.469  5482  5510 I SamsungAccount: [SignatureInfoDbHelper] getSignatureResult - [][android.scloud.]
05-25 18:07:48.469  5482  5510 I SamsungAccount: [SignatureInfoHelper] getClientIdFromMetaData : [10/c27bh]
05-25 18:07:48.469  5482  5510 I SamsungAccount: [SignatureInfoDbHelper] searchOnUser
05-25 18:07:48.488  5482  5510 I SamsungAccount: [SignatureInfoDbHelper] searchOnUser - [10/c27bh][android.scloud.][64/d000f] => matched
05-25 18:07:48.489  5482  5510 I SamsungAccount: [SignatureInfoDbHelper] search - matched
05-25 18:07:48.489  5482  5510 I SamsungAccount: [SignatureCheckUtil] runCheckSignatureAsync(fromDb) - matched
05-25 18:07:48.500  5120  9383 D ActivityManager: The following uid has registered to recieve broadcast for proxy related updates 5009
05-25 18:07:48.507  5418  5464 I [SC][AUTH]AccountSupplier: isValidSamsungAccount: name: 0 email: 0
05-25 18:07:48.510  5418  5464 I [SC][AUTH]RequestSmp: PushPreference exist.
05-25 18:07:48.510  5418  5464 I [SCSDK][C][2.0.05]: [SamsungCloud]getCloudToken
05-25 18:07:48.511  5418  5464 I [SCSDK][C][2.0.05]: [SamsungCloudCertificate]version : 2.0.05
05-25 18:07:48.511  5418  5576 W .android.sclou: Long monitor contention with owner Thread-2 (5464) at com.samsung.android.scloud.auth.f com.samsung.android.scloud.auth.g.a(android.content.Context)(AuthDataManager.java:98) waiters=0 in com.samsung.android.scloud.auth.f com.samsung.android.scloud.auth.g.a(android.content.Context) for 1.204s
05-25 18:07:48.511  5418  5464 I [SCSDK][C][2.0.05]: [SamsungCloudCertificate]keyChainID : KC01
05-25 18:07:48.512  5418  5576 I [SC]DeviceUtil: hasSepLiteSpec: true
05-25 18:07:48.513  5418  5576 I [SC]DeviceUtil: hasSepLiteSpec: true
05-25 18:07:48.514  5418  5576 I [SC]LinkContextManager: loadLinkContext: linkContext=LinkContext{contextType=CACHED, linkType=OneDrive, linkStatusInfo=LinkStatusInfo{linkState=None, isNewUser=true}, isTriggeredDevice=false, linkPolicy=LinkPolicy{policyData=Bundle[{IS_LINK_START_SUPPORTED=false, IsChinaDevice=false, IS_SEP_LITE_DEVICE=true, IsChinaAccount=false}]}}
05-25 18:07:48.516  5418  5576 I [SC]LinkContextMonitor: notifyContextReceived: linkContext=LinkContext{contextType=CACHED, linkType=OneDrive, linkStatusInfo=LinkStatusInfo{linkState=None, isNewUser=true}, isTriggeredDevice=false, linkPolicy=LinkPolicy{policyData=Bundle[{IS_LINK_START_SUPPORTED=false, IsChinaDevice=false, IS_SEP_LITE_DEVICE=true, IsChinaAccount=false}]}}, linkResponse=null, stateUpdateEvent=APP_CREATED
05-25 18:07:48.516  5418  5616 W .android.sclou: Long monitor contention with owner Thread-2 (5464) at com.samsung.android.scloud.auth.f com.samsung.android.scloud.auth.g.a(android.content.Context)(AuthDataManager.java:98) waiters=1 in java.lang.String com.samsung.android.scloud.auth.k.b(android.content.Context) for 1.012s
05-25 18:07:48.517  5418  5616 I [SCSDK][C][2.0.05]: [SamsungCloud]getCloudToken
05-25 18:07:48.517  5418  5616 I [SCSDK][C][2.0.05]: [SamsungCloudDevice]version : 2.0.05
05-25 18:07:48.521  5418  5576 I [SC]DeviceUtil: hasSepLiteSpec: true
05-25 18:07:48.521  5418  5576 I [SC]DeviceUtil: getSalesCode: SER
05-25 18:07:48.522  5418  5576 I [SC]LinkContextProvider: call : CLOUD_SETTING
05-25 18:07:48.523  5418  5576 I [SC]CloudSettingCommandResolverImpl: Execute getPartnerQuota with : true, false
05-25 18:07:48.525  5418  5464 I [SCSDK][C][2.0.05]: [SamsungCloudCertificate]retrieveCertificate
05-25 18:07:48.526  5418  5464 I [SCSDK][C][2.0.05]: [CronetNetworkImpl]get
05-25 18:07:48.533 13911 13911 D EdgeLightingReceiver: com.samsung.android.app.edgelighting.PACKAGE_REMOVED com.nassdk.careeriest
05-25 18:07:48.536 13911 13911 D EdgeLightingSettingManager: removeSilentInstalledPackage : on, packageName = com.nassdk.careeriest AllApplication = false
05-25 18:07:48.538  5120  9383 D SecContentProvider: query(), uri = 17 selection = isSettingsChangesAllowed
05-25 18:07:48.540 13911 13911 I ELPolicyManager:  update Policy : 18
05-25 18:07:48.542  5418  5464 I [SCSDK][C][2.0.05]: [CronetNetworkImpl][CERTIFICATE_RETRIEVE][218478895][53893948]
05-25 18:07:48.543  5120  9383 D SecContentProvider: query(), uri = 17 selection = isSettingsChangesAllowed
05-25 18:07:48.545 13911 13911 I ELPolicyManager:  update Policy : 18
05-25 18:07:48.551  4694  4806 E Netd    : getNetworkForDns: getNetId from enterpriseCtrl is netid 0
05-25 18:07:48.556 13983 13983 I FILP/PackageIntentReceiver: action : com.samsung.android.provider.filterprovider.INTENT_PACKAGE_REMOVED
05-25 18:07:48.556 13983 13983 I FILP/PackageIntentReceiver: pkgName : com.nassdk.careeriest
05-25 18:07:48.558  4694  4801 E Netd    : getNetworkForDns: getNetId from enterpriseCtrl is netid 0
05-25 18:07:48.561  5418  5538 I [SC]DataMigrationEventOperator: type  DATA_MIGRATION STATUS = NONE, RESULT = SUCCESS
