05-25 18:07:47.144 10519  5792 I CameraManagerGlobal: Camera 1 facing CAMERA_FACING_FRONT state now CAMERA_STATE_IDLE for client com.samsung.adaptivebrightnessgo API Level 2
05-25 18:07:47.144  9548 10628 D onCameraDeviceStateChanged: onCameraDeviceStateChanged1 1 2 com.samsung.adaptivebrightnessgo
05-25 18:07:47.147 10866 14457 I CameraManagerGlobal: Camera 1 facing CAMERA_FACING_FRONT state now CAMERA_STATE_IDLE for client com.samsung.adaptivebrightnessgo API Level 2
05-25 18:07:47.147 10866 14457 I CameraManagerGlobal: onCameraDeviceStateChangedLocked: post device state update
05-25 18:07:47.147 10866 14457 I CameraManagerGlobal: onCameraDeviceStateChangedLocked: post device state update
05-25 18:07:47.147  5418  5418 I [SC]SamsungCloudApp: time elapsed to initialize ContextInitializer: 14
05-25 18:07:47.159  5482  5482 D NetworkSecurityConfig: No Network Security Config specified, using platform default
05-25 18:07:47.162  5482  5482 D NetworkSecurityConfig: No Network Security Config specified, using platform default
05-25 18:07:47.166  4725  1491 I ExynosCameraInterface: INFO(HAL3_camera_device_flush[503]):out =====
05-25 18:07:47.166  4725  1491 I ExynosCameraInterface: DEBUG:duration time(  136 msec):(HAL3_camera_device_flush)
05-25 18:07:47.166  4944  5242 V FA      : Processing queued up service tasks: 3
05-25 18:07:47.166  4840 26174 D Camera3-Device: CameraPerf: flush X (136ms)
05-25 18:07:47.166  4840 26174 D Camera3-Device: flush: mInterfaceLock.unlock()
05-25 18:07:47.167  4840  5789 E CameraDeviceClient: Disconnect from CameraDeviceClient
05-25 18:07:47.167  4840  5789 D CameraDeviceClient: disconnect:stop IT Policy checking thread
05-25 18:07:47.168  4840  5789 E Camera2-FrameProcessorBase: removeListener:
05-25 18:07:47.172  4840  5789 D Camera3-Device: flush: mInterfaceLock.lock()
05-25 18:07:47.172  4840  5789 I Camera3-Device: startWatching : Start watching status = mRequestThread->flush();
05-25 18:07:47.172  4840  5789 D Camera3-Device: CameraPerf: flush E
05-25 18:07:47.172  4725  1491 I ExynosCameraInterface: INFO(HAL3_camera_device_flush[493]):in =====
05-25 18:07:47.184  4725  1491 I ExynosCameraInterface: INFO(HAL3_camera_device_flush[503]):out =====
05-25 18:07:47.184  4725  1491 I ExynosCameraInterface: DEBUG:duration time(   12 msec):(HAL3_camera_device_flush)
05-25 18:07:47.185  4840  5789 D Camera3-Device: CameraPerf: flush X (12ms)
05-25 18:07:47.185  4840  5789 D Camera3-Device: flush: mInterfaceLock.unlock()
05-25 18:07:47.185  4840  5789 D Camera3-Device: waitUntilDrainedLocked: Camera 1: Waiting until idle (5000000000ns)
05-25 18:07:47.185  4840  5789 D Camera3-Device: waitUntilDrained: mInterfaceLock.unlock()
05-25 18:07:47.185  4840  5789 I Camera3-Device: disconnectImpl: E
05-25 18:07:47.185  4840  5789 I CameraLatencyHistogram: ProcessCaptureRequest latency histogram (12) samples:
05-25 18:07:47.185  4840  5789 I CameraLatencyHistogram:        40     80    120    160    200    240    280    320    360    inf (max ms)
05-25 18:07:47.185  4840  5789 I CameraLatencyHistogram:      83.33   0.00   8.33   0.00   0.00   0.00   0.00   8.33   0.00   0.00 (%)
05-25 18:07:47.185  4840  5789 I Camera3-Device: startWatching : Start watching interface->close();
05-25 18:07:47.185  4840  5789 D Camera3-Device: CameraPerf: close E
05-25 18:07:47.186  4725  1491 I ExynosCameraInterface: INFO(HAL3_camera_device_close[298]):in =====
05-25 18:07:47.186  4725  1491 I ExynosCameraInterface: [m_resetMultiDeviceCamId : 797] camera (1) is closed at idx (0, 1)
05-25 18:07:47.193  5482  5482 W .osp.app.signi: Opening an oat file without a class loader. Are you using the deprecated DexFile APIs?
05-25 18:07:47.195  4725  5184 I ExynosCameraFrameManager: [CAM(1)][RUNNING FRAME WORKER]-(workerMain[983]): wait and pop fail, ret(-110)
05-25 18:07:47.195  4725  1491 I ExynosCamera: [CAM(1)][Front_0]-(m_deinit[870]):-IN-
05-25 18:07:47.195  4725  1491 I ExynosCameraSec: [CAM(1)][Front_0]-(m_vendorSpecificPreDestructor[134]):-IN-
05-25 18:07:47.195  4725  1491 I SecCameraUtil: INFO(isEEprom[225]): SAMSUNG_EEPROM_FRONT is not defined
05-25 18:07:47.195  4725  1491 I ExynosCameraSec: [CAM(1)][Front_0]-(m_vendorSpecificPreDestructor[138]):-OUT-
05-25 18:07:47.196  4725  1491 I ExynosCamera: [CAM(1)][Front_0]-(m_deinitFrameFactory[3495]):-IN-
05-25 18:07:47.196  4725  1491 I ExynosCameraFrameFactoryBase: [CAM(1)][Front_0]-(destroy[139]):
05-25 18:07:47.196  4725  1491 I ExynosCameraMCPipe: [CAM(1)][PIPE_FLITE]-(destroy[103]):
05-25 18:07:47.196  4725  1491 I ExynosCameraMCPipe: [CAM(1)][PIPE_FLITE]-(destroy[174]):destroy() is succeed, Pipe(0)
05-25 18:07:47.196  4725  1491 I ExynosCameraMCPipe: [CAM(1)][PIPE_FLITE]-(destroy[103]):
05-25 18:07:47.196  4725  1491 I ExynosCameraMCPipe: [CAM(1)][PIPE_FLITE]-(destroy[174]):destroy() is succeed, Pipe(0)
05-25 18:07:47.196  4725  1491 I ExynosCameraPipeFlite: [CAM(1)][PIPE_FLITE]-(destroy[138]):destroy() is succeed (0)
05-25 18:07:47.196  4725  1491 I ExynosCameraMCPipe: [CAM(1)][PIPE_3AA]-(destroy[103]):
05-25 18:07:47.196  4725  5552 I ExynosCameraSec: [CAM(1)][Front_0]-(m_sensorListenerUnloadThreadFunc[27413]):-IN-
05-25 18:07:47.196  4725  5552 I SensorListener: disableSensor : numSensors=33/33, sen_list = 0xea100320/0xea100320
05-25 18:07:47.197  5120  5322 D SensorService: [SO] 0.053 4.319 8.823
05-25 18:07:47.198  5120  5435 D SensorService: removeConnection, index : 0, size : 1
05-25 18:07:47.198  5120  5435 D SensorService: # removeConnection, index : 0, size : 0
05-25 18:07:47.198  5120  5435 D SensorService: Calling activate off 1600221811
05-25 18:07:47.198  5120  5435 D SensorService: [SO] activate (ident=0x73b8654b40, enabled=0)
05-25 18:07:47.198  5120  5435 D SensorService: [SO] AR_init
05-25 18:07:47.198  5120  5435 D SensorService: [SO] Reset Rotation oldrotation [100]
05-25 18:07:47.199  4717  4717 I SensorsHub: activate: handle 1 enable 0
05-25 18:07:47.199  4717  4717 I SensorsHub: type : 1, enable : 0
05-25 18:07:47.200  5482  5482 I FirebaseApp: Device unlocked: initializing all Firebase APIs for app [DEFAULT]
05-25 18:07:47.201  4725  5551 I ExynosCameraBufferManager: DEBUG:duration time(    3 msec):(m_free)
05-25 18:07:47.202  4725  5551 I ExynosCameraBufferManager: [CAM(1)][PREVIEW_STREAM_BUF]-(deinit[115]):OUT.. Buffer is not allocated
05-25 18:07:47.202  4725  5551 I ExynosCameraBufferManager: DEBUG:duration time(    0 msec):(m_free)
05-25 18:07:47.202  4725  5551 I ExynosCameraBufferManager: [CAM(1)][FLITE_BUF]-(deinit[115]):OUT.. Buffer is not allocated
05-25 18:07:47.202  4725  5552 W RefBase : CallStack::getCurrentInternal not linked, returning null
05-25 18:07:47.202  4725  5552 W RefBase : CallStack::logStackInternal not linked
05-25 18:07:47.202  4725  5552 I ExynosCameraSec: [CAM(1)][Front_0]-(m_sensorListenerUnloadThreadFunc[27481]):-OUT-
05-25 18:07:47.202  4725  5551 I ExynosCameraBufferManager: DEBUG:duration time(    0 msec):(m_free)
05-25 18:07:47.202  4725  5551 I ExynosCameraBufferManager: [CAM(1)][3AA_IN_BUF]-(deinit[115]):OUT.. Buffer is not allocated
05-25 18:07:47.204  4725  5551 I ExynosCameraBufferManager: DEBUG:duration time(    1 msec):(m_free)
05-25 18:07:47.204  4725  5551 I ExynosCameraBufferManager: [CAM(1)][ISP_BUF]-(deinit[115]):OUT.. Buffer is not allocated
05-25 18:07:47.204  4725  5551 I ExynosCameraBufferManager: DEBUG:duration time(    0 msec):(m_free)
05-25 18:07:47.206  4725  5551 I ExynosCameraBufferManager: [CAM(1)][VRA_BUF]-(deinit[115]):OUT.. Buffer is not allocated
05-25 18:07:47.206  4725  5551 I ExynosCameraBufferManager: [CAM(1)][SKIP_BUF]-(deinit[115]):OUT.. Buffer is not allocated
05-25 18:07:47.206  4725  5551 I ExynosCameraBufferManager: [CAM(1)][SKIP_BUF]-(deinit[115]):OUT.. Buffer is not allocated
05-25 18:07:47.206  4725  5551 I ExynosCameraBufferSupplier: [CAM(1)][BufferSupplier]-(~ExynosCameraBufferSupplier[85]):~ExynosCameraBufferSupplier: m_grallocMapper is freed
05-25 18:07:47.207  4671  4671 E audit   : type=1400 audit(1653491267.201:209596): avc:  denied  { getattr } for  pid=522 comm="DetectPable" path="/proc/fb" dev="proc" ino=4026532038 scontext=u:r:shell:s0 tcontext=u:object_r:proc_fb:s0 tclass=file permissive=0 SEPF_SM-M317F_11_0010 audit_filtered
05-25 18:07:47.207  4671  4671 E audit   : type=1300 audit(1653491267.201:209596): arch=c00000b7 syscall=79 success=no exit=-13 a0=9 a1=7d853f5438 a2=7d853f5440 a3=100 items=0 ppid=520 pid=522 auid=4294967295 uid=2000 gid=2000 euid=2000 suid=2000 fsuid=2000 egid=2000 sgid=2000 fsgid=2000 tty=pts1 ses=4294967295 comm="DetectPable" exe="/data/local/tmp/perfd/transport" subj=u:r:shell:s0 key=(null)
05-25 18:07:47.207  4671  4671 E audit   : type=1327 audit(1653491267.201:209596): proctitle=2F646174612F6C6F63616C2F746D702F70657266642F7472616E73706F7274002D636F6E6669675F66696C653D2F646174612F6C6F63616C2F746D702F70657266642F6461656D6F6E2E636F6E666967
05-25 18:07:47.208  4725  1491 I ExynosCameraMCPipe: [CAM(1)][PIPE_3AA]-(destroy[174]):destroy() is succeed, Pipe(6)
05-25 18:07:47.208  4725  1491 I ExynosCameraMCPipe: [CAM(1)][PIPE_3AA]-(destroy[103]):
05-25 18:07:47.208  4671  4671 E audit   : type=1400 audit(1653491267.201:209597): avc:  denied  { getattr } for  pid=522 comm="DetectPable" path="/proc/keys" dev="proc" ino=4026532571 scontext=u:r:shell:s0 tcontext=u:object_r:proc_keys:s0 tclass=file permissive=0 SEPF_SM-M317F_11_0010 audit_filtered
05-25 18:07:47.208  4725  1491 I ExynosCameraMCPipe: [CAM(1)][PIPE_3AA]-(destroy[174]):destroy() is succeed, Pipe(6)
05-25 18:07:47.208  4725  1491 I ExynosCameraPipeFlite: [CAM(1)][PIPE_3AA]-(destroy[138]):destroy() is succeed (6)
05-25 18:07:47.208  4725  1491 I ExynosCameraMCPipe: [CAM(1)][PIPE_ISP]-(destroy[103]):
05-25 18:07:47.209  4725  1491 I ExynosCameraMCPipe: [CAM(1)][PIPE_ISP]-(destroy[174]):destroy() is succeed, Pipe(11)
05-25 18:07:47.209  4725  1491 I ExynosCameraMCPipe: [CAM(1)][PIPE_ISP]-(destroy[103]):
05-25 18:07:47.209  4725  1491 I ExynosCameraMCPipe: [CAM(1)][PIPE_ISP]-(destroy[174]):destroy() is succeed, Pipe(11)
05-25 18:07:47.209  4725  1491 I ExynosCameraPipeFlite: [CAM(1)][PIPE_ISP]-(destroy[138]):destroy() is succeed (11)
05-25 18:07:47.209  5418  5545 I [SC]DeviceUtil: hasSepLiteSignature: true
05-25 18:07:47.209  4725  1491 I ExynosCameraMCPipe: [CAM(1)][PIPE_MCSC]-(destroy[103]):
05-25 18:07:47.209  4725  1491 I ExynosCameraMCPipe: [CAM(1)][PIPE_MCSC]-(destroy[174]):destroy() is succeed, Pipe(26)
05-25 18:07:47.209  4725  1491 I ExynosCameraMCPipe: [CAM(1)][PIPE_MCSC]-(destroy[103]):
05-25 18:07:47.209  4725  1491 I ExynosCameraMCPipe: [CAM(1)][PIPE_MCSC]-(destroy[174]):destroy() is succeed, Pipe(26)
05-25 18:07:47.209  4725  1491 I ExynosCameraPipeFlite: [CAM(1)][PIPE_MCSC]-(destroy[138]):destroy() is succeed (26)
05-25 18:07:47.210  5482  5482 I FirebaseInitProvider: FirebaseApp initialization successful
05-25 18:07:47.210  5482  5482 I CapsuleProvider_1.0.20: onCreate
05-25 18:07:47.212  5482  5482 D WM-WrkMgrInitializer: Initializing WorkManager with default configuration.
05-25 18:07:47.216  4725  1491 I ExynosCameraPipe: [CAM(1)][PIPE_VRA]-(destroy[121]):destroy() is succeed (33)
05-25 18:07:47.216  4725  1491 I ExynosCameraPipe: [CAM(1)][PIPE_VRA]-(destroy[121]):destroy() is succeed (33)
05-25 18:07:47.216  4725  1491 E libcsc  : csc_deinit:: unsupported csc_hw_type
05-25 18:07:47.216  4725  1491 I ExynosCameraSWPipe: [CAM(1)][PIPE_GSC]-(m_destroy[119]):destroy() is succeed (41)
05-25 18:07:47.216  4725  1491 E libcsc  : csc_deinit:: unsupported csc_hw_type
05-25 18:07:47.216  4725  1491 I ExynosCameraSWPipe: [CAM(1)][PIPE_GSC_VIDEO]-(m_destroy[119]):destroy() is succeed (42)
05-25 18:07:47.216  4725  1491 E libcsc  : csc_deinit:: unsupported csc_hw_type
05-25 18:07:47.216  4725  1491 I ExynosCameraSWPipe: [CAM(1)][PIPE_GSC_PICTURE]-(m_destroy[119]):destroy() is succeed (43)
05-25 18:07:47.216  4725  1491 I ExynosCameraSWPipe: [CAM(1)][PIPE_JPEG]-(m_destroy[119]):destroy() is succeed (44)
05-25 18:07:47.216  5120  9383 D PackageManager: setEnabledSetting : userId = 0 packageName = com.osp.app.signin cmp = androidx.work.impl.background.systemjob.SystemJobService newState = 1 callingPackage = 10100/com.osp.app.signin
05-25 18:07:47.216  4725  1491 I ExynosCameraPipe: [CAM(1)][PIPE_PP_UNI0]-(destroy[121]):destroy() is succeed (54)
05-25 18:07:47.216  4725  1491 I ExynosCameraPipePPSec: [CAM(1)][PIPE_PP_UNI0]-(m_destroy[112]):destroy() is succeed (54)
05-25 18:07:47.216  4725  1491 I ExynosCameraPipe: [CAM(1)][PIPE_PP_UNI1]-(destroy[121]):destroy() is succeed (55)
05-25 18:07:47.217  4725  1491 I ExynosCameraPipePPSec: [CAM(1)][PIPE_PP_UNI1]-(m_destroy[112]):destroy() is succeed (55)
05-25 18:07:47.217  4725  1491 I ExynosCameraPipe: [CAM(1)][PIPE_PP_UNI2]-(destroy[121]):destroy() is succeed (56)
05-25 18:07:47.217  4725  1491 I ExynosCameraPipePPSec: [CAM(1)][PIPE_PP_UNI2]-(m_destroy[112]):destroy() is succeed (56)
05-25 18:07:47.217  4725  1491 I ExynosCameraPipe: [CAM(1)][PIPE_PP_SINGLE0]-(destroy[121]):destroy() is succeed (57)
05-25 18:07:47.217  4725  1491 I ExynosCameraPipePPSec: [CAM(1)][PIPE_PP_SINGLE0]-(m_destroy[112]):destroy() is succeed (57)
05-25 18:07:47.217  4725  1491 I ExynosCameraFrameFactoryBase: [CAM(1)][Front_0]-(destroy[139]):
05-25 18:07:47.217  4725  1491 I ExynosCameraFrameFactoryBase: [CAM(1)][Front_0]-(m_transitState[767]):Skip state transition. curState 0
05-25 18:07:47.217  4725  1491 I ExynosCameraFrameFactoryBase: [CAM(1)][Front_0]-(destroy[139]):
05-25 18:07:47.217  4725  1491 I ExynosCameraFrameFactoryBase: [CAM(1)][Front_0]-(m_transitState[767]):Skip state transition. curState 0
05-25 18:07:47.217  4725  1491 I ExynosCamera: [CAM(1)][Front_0]-(m_deinitFrameFactory[3532]):-OUT-
05-25 18:07:47.217  4725  1491 I ExynosCamera: DEBUG:duration time(   21 msec):(m_deinitFrameFactory)
05-25 18:07:47.217  4725  1491 W RefBase : CallStack::getCurrentInternal not linked, returning null
05-25 18:07:47.217  4725  1491 W RefBase : CallStack::logStackInternal not linked
05-25 18:07:47.217  4725  1491 W RefBase : CallStack::getCurrentInternal not linked, returning null
05-25 18:07:47.217  4725  1491 W RefBase : CallStack::logStackInternal not linked
05-25 18:07:47.217  4725  1491 W RefBase : CallStack::getCurrentInternal not linked, returning null
05-25 18:07:47.217  4725  1491 W RefBase : CallStack::logStackInternal not linked
05-25 18:07:47.217  4725  1491 W RefBase : CallStack::getCurrentInternal not linked, returning null
05-25 18:07:47.217  4725  1491 W RefBase : CallStack::logStackInternal not linked
05-25 18:07:47.217  4725  1491 I ExynosCameraSec: [CAM(1)][Front_0]-(m_vendorSpecificDestructor[145]):-IN-
05-25 18:07:47.217  4725  1491 I ExynosCameraSec: [CAM(1)][Front_0]-(m_vendorSpecificDestructor[173]):-OUT-
05-25 18:07:47.217  4725  1491 I ExynosCamera: [CAM(1)][Front_0]-(m_deinit[1072]):-OUT-
05-25 18:07:47.217  4725  1491 I ExynosCamera: [CAM(1)][Front_0]-(m_deinitMultiCam[1078]):-IN-
05-25 18:07:47.217  4725  1491 I ExynosCamera: [CAM(1)][Front_0]-(m_deinitMultiCam[1133]):-OUT-
05-25 18:07:47.218  4725  1491 I ExynosCameraInterface: INFO(HAL3_camera_device_close[358]):close camera(1)
05-25 18:07:47.218  4725  1491 I ExynosCameraInterface: INFO(HAL3_camera_device_close[373]):out =====
05-25 18:07:47.218  4725  1491 I ExynosCameraInterface: DEBUG:duration time(   32 msec):(HAL3_camera_device_close)
05-25 18:07:47.219  4840  5789 D Camera3-Device: CameraPerf: close X (33ms)
05-25 18:07:47.219  4840  5789 D Camera3-OutputStream: disconnectLocked: disconnecting stream 0 from native window
05-25 18:07:47.219  5482  5482 I TetheringManager: registerTetheringEventCallback:com.osp.app.signin
05-25 18:07:47.219  5482  5482 D ConnectivityManager: ConnectivityManager() mContext=com.osp.app.signin.SamsungService@95e5abd getOpPackageName()=com.osp.app.signin getBasePackageName()=com.osp.app.signin getPackageName()=com.osp.app.signin
05-25 18:07:47.224  4840  5789 I CameraLatencyHistogram: Stream 0 dequeueBuffer latency histogram (12) samples:
05-25 18:07:47.224  4840  5789 I CameraLatencyHistogram:         5     10     15     20     25     30     35     40     45    inf (max ms)
05-25 18:07:47.224  4840  5789 I CameraLatencyHistogram:      83.33   16.67   0.00   0.00   0.00   0.00   0.00   0.00   0.00   0.00 (%)
05-25 18:07:47.225  4840  5789 I CameraLatencyHistogram: Stream 0 enqueueBuffer latency histogram (5) samples:
05-25 18:07:47.225  4840  5789 I CameraLatencyHistogram:         5     10     15     20     25     30     35     40     45    inf (max ms)
05-25 18:07:47.225  4840  5789 I CameraLatencyHistogram:      100.00   0.00   0.00   0.00   0.00   0.00   0.00   0.00   0.00   0.00 (%)
05-25 18:07:47.225  5482  5482 D DIAGMON_SDK[605045]: setDeviceId :
05-25 18:07:47.226  4840  5789 I Camera3-Device: disconnectImpl: X
05-25 18:07:47.226  4840  5789 D CameraService: BasicClient::disconnect E
05-25 18:07:47.227  5482  5564 I DynamiteModule: Considering local module com.google.android.gms.measurement.dynamite:55 and remote module com.google.android.gms.measurement.dynamite:72
05-25 18:07:47.227  5482  5564 I DynamiteModule: Selected remote version of com.google.android.gms.measurement.dynamite, version >= 72
05-25 18:07:47.227  5482  5564 V DynamiteModule: Dynamite loader version >= 2, using loadModule2NoCrashUtils
05-25 18:07:47.232  4840  5789 I CameraService: this is a adaptive brightness service.
05-25 18:07:47.233  4840  5789 I CameraService: finishCameraOps: Finish camera ops, package name = com.samsung.adaptivebrightnessgo, client UID = 5021
05-25 18:07:47.233  4840  5789 I CameraService: this is a adaptive brightness service.
05-25 18:07:47.234  4840  5789 I CameraService: Drop updateStatus callbak for package com.samsung.adaptivebrightnessgo(pid 10519)
05-25 18:07:47.234  4840  5789 I CameraService: updateProxyDeviceState: notifyCameraState for Camera ID 1,  newState 3, facing 1, clientName com.samsung.adaptivebrightnessgo, apiLevel 2
05-25 18:07:47.235  5120  9383 I CameraManagerGlobal: Camera 1 facing CAMERA_FACING_FRONT state now CAMERA_STATE_CLOSED for client com.samsung.adaptivebrightnessgo API Level 2
05-25 18:07:47.235  9548 11639 I CameraManagerGlobal: Camera 1 facing CAMERA_FACING_FRONT state now CAMERA_STATE_CLOSED for client com.samsung.adaptivebrightnessgo API Level 2
05-25 18:07:47.236 10519  5792 I CameraManagerGlobal: Camera 1 facing CAMERA_FACING_FRONT state now CAMERA_STATE_CLOSED for client com.samsung.adaptivebrightnessgo API Level 2
05-25 18:07:47.236  5515  5515 I oid.app.myfile: The ClassLoaderContext is a special shared library.
05-25 18:07:47.236  5120 10517 D MotionRecognitionService: values = 30.0
05-25 18:07:47.236  5120 10517 D MotionRecognitionService: onReceive lux: 30.0  action:
05-25 18:07:47.237  5120 10517 D MotionRecognitionService: Inject brightness form Cam 30.0
05-25 18:07:47.237  5120 10517 D MotionRecognitionService: Inject calibrated lux
05-25 18:07:47.237 10866 14457 I CameraManagerGlobal: Camera 1 facing CAMERA_FACING_FRONT state now CAMERA_STATE_CLOSED for client com.samsung.adaptivebrightnessgo API Level 2
05-25 18:07:47.237 10866 14457 I CameraManagerGlobal: onCameraDeviceStateChangedLocked: post device state update
05-25 18:07:47.237 10866 14457 I CameraManagerGlobal: onCameraDeviceStateChangedLocked: post device state update
05-25 18:07:47.238  9548 10628 D onCameraDeviceStateChanged: onCameraDeviceStateChanged1 1 3 com.samsung.adaptivebrightnessgo
05-25 18:07:47.238  4717  4717 I SensorsHub: AutoBrightnessSensor::inject_sensor_data: cam_lux 30
05-25 18:07:47.241  4840  5789 I CameraFlashlight: deviceClosed: device 1 is closed
05-25 18:07:47.241  4840  5789 I CameraService: disconnect: Disconnected client for camera 1 for PID 10519
05-25 18:07:47.241  4840  5789 D CameraService: BasicClient::disconnect X
05-25 18:07:47.241 10519 10554 I CameraLightSensor_Service: Camera released, time taken= 934 cameraLock= true
05-25 18:07:47.241 10519 10554 I CameraLightSensor_Service: stopBackgroundThread : mBackgroundHandler is set to null
05-25 18:07:47.243  5482  5482 I SamsungAccount: [GlobalSearchProvider] secQueryGetFingerprint : 1320000006ru_RU
05-25 18:07:47.253  5482  5482 I SamsungAccount: [SamsungService(Application)] onCreate START
05-25 18:07:47.255   522   534 D StudioTransport: Running '/system/bin/cmd activity profile start --sampling 1 com.samsung.android.mapsagent /data/local/tmp/profileable_reporter.tmp 2>/dev/null'
05-25 18:07:47.257  5418  5570 I [SC]CommonNotiUtil: hideProgress: GALLERY_EXT_UPLOAD_PROGRESSING
05-25 18:07:47.260  5482  5482 D SamsungAccount$SALogger: init Log Path : /data/user/0/com.osp.app.signin/Log/
05-25 18:07:47.265  5418  5418 I [SC]SyncAccountRecoveryManager: onAppCreated
05-25 18:07:47.267  5418  5418 I [SC]SamsungCloudApp: time elapsed to initialize OperatorInitializer: 120
05-25 18:07:47.267  5418  5418 I [SC]SamsungCloudApp: time elapsed to initialize BixbyInitializer: 0
05-25 18:07:47.273  5482  5482 D SamsungAccount$SALogger: init success
05-25 18:07:47.276  5482  5482 I SamsungAccount: [TestPropertyManager] setPropStagingMode, server: NONE
05-25 18:07:47.276  5482  5482 I SamsungAccount: [TestPropertyManager] HiddenModeValueIsSet? false [hiddenModeServerName: NONE, hiddenModeMcc: NONE, isMarketingAgreementToastMode: false, isAgreementHistoryWriteMode: false]
05-25 18:07:47.279  5482  5482 I SamsungAccount: [DeviceManager] init START
05-25 18:07:47.282  5418  5576 I [SC]LinkContextProvider: call : LOAD_CONTEXT
05-25 18:07:47.286  5482  5482 I SamsungAccount: [DeviceManager] init END
05-25 18:07:47.286  5482  5482 I SamsungAccount: [OpenDBManager] saveOpenData(Support_SamsungPass_Integration, true)
05-25 18:07:47.286  5482  5482 I SamsungAccount: [OpenContentProvider]  URI : content://com.msc.openprovider.openContentProvider/openData
05-25 18:07:47.289  5482  5482 I SamsungAccount: [OpenContentProvider] update openData : true
05-25 18:07:47.290  5482  5482 I SamsungAccount: [PushUtil] enable firebase auto init by RU
05-25 18:07:47.292  5482  5482 I SamsungAccount: [AccountManagerUtil] isSamsungAccountSignedIn : true
05-25 18:07:47.292  5482  5482 I SamsungAccount: [PushUtil] requestSmpInit
05-25 18:07:47.293  5482  5482 I SmpLog  : [SMP] init. S:true, P:FCM_PRIMARY_MODE
05-25 18:07:47.294  5482  5482 I SamsungAccount: [SamsungService] PUSH_STATE_CHECK registerId = not empty
05-25 18:07:47.295  5482  5482 I SamsungAccount: [StateCheckUtil] getLogPushRegistrationResult result = REGISTRATION_SUCCESS
05-25 18:07:47.295  5482  5482 I SamsungAccount: [SamsungService] PUSH_STATE_CHECK resultState = REGISTRATION_SUCCESS
05-25 18:07:47.295  5482  5482 I SamsungAccount: [SamsungService] check push token updates
05-25 18:07:47.295  5482  5482 I SamsungAccount: [PushUtil] checkTokenUpdates
05-25 18:07:47.296 17733  4369 V FA-SVC  : Saving default event parameters, appId, data size: com.microsoft.skydrive, 2
05-25 18:07:47.297  5482  5482 I SmpLog  : [SMP] get push type : fcm
05-25 18:07:47.297  5482  5482 I SmpLog  : [SMP] get token : ...iS (152)
05-25 18:07:47.297  5482  5482 I SamsungAccount: [AccountManagerUtil] makeSamsungAccountVisible
05-25 18:07:47.297  5418  5456 I [SC]LinkContextProvider: call : GET_MIGRATION_STATE
05-25 18:07:47.298  5482  5596 I SmpLog  : [SMP] Test mode: false, v:3.2.6, com.osp.app.signin
05-25 18:07:47.298  5482  5596 I SmpLog  : [SMP] ptype:fcm, token:...iS (152), D:null, U:null, S:false, M:null, P:FCM_PRIMARY_MODE
05-25 18:07:47.300  5418  5576 I [SC][AUTH]AuthUtil: getAuthData
05-25 18:07:47.306  5482  5482 I SamsungAccount: [DbManagerV2] getEmailID
05-25 18:07:47.306  5482  5482 I SamsungAccount: [DbManagerV2] getDataV02ForItems : EMAIL_ID from Db
05-25 18:07:47.310  5482  5590 I FA      : App measurement disabled via the manifest
05-25 18:07:47.312  5482  5590 I FA      : App measurement initialized, version: 63020
05-25 18:07:47.312  5482  5590 I FA      : To enable debug logging run: adb shell setprop log.tag.FA VERBOSE
05-25 18:07:47.312  5482  5590 I FA      : To enable faster debug mode event logging run:
05-25 18:07:47.312  5482  5590 I FA      :   adb shell setprop debug.firebase.analytics.app com.osp.app.signin
05-25 18:07:47.312  5482  5590 D FA      : Debug-level message logging enabled
05-25 18:07:47.318  4867  4867 I keystore: !@ reading blob user_0/10100_USRPKEY_com+^osp+^app+^signin_samsung_account_key
05-25 18:07:47.321  4867  4867 I keystore: !@ reading blob user_0/10100_USRPKEY_com+^osp+^app+^signin_samsung_account_key
05-25 18:07:47.324  5418  5601 I [SC]DeviceObservers: start
05-25 18:07:47.325  4867  4867 I keystore: !@ Start - USRPKEY_com.osp.app.signin_samsung_account_key from uid 10100 for uid 10100, isKnoxKey(0)
05-25 18:07:47.325  4867  4867 I keystore: !@ reading blob user_0/10100_USRPKEY_com+^osp+^app+^signin_samsung_account_key
05-25 18:07:47.328  4411  4411 W keymaster_tee: [WRN]begin req PARAMS: A32 B2 P64
05-25 18:07:47.333  5418  5563 I [SC]SyncRunnerFactory: createSyncRunner: authority: com.android.calendar
05-25 18:07:47.335  5418  5588 I [SC]MediaMigration: existCloudFile : false
05-25 18:07:47.337  5482  5590 V FA      : Connecting to remote service
05-25 18:07:47.337  5482  5482 I SamsungAccount: [AccountManagerUtil] isSamsungAccountSignedIn : true
05-25 18:07:47.337  5482  5482 I SamsungAccount: [DeviceManager] SEP Platform version : 12.1
05-25 18:07:47.338  5482  5606 I SamsungAccount: [ConsentWorkManager] startWorkerAfterCheckCondition
05-25 18:07:47.339  5482  5482 D SamsungAnalytics605045: [Utils] dma pkg:700901000
05-25 18:07:47.340  5418  5563 I [SC]SyncRunnerFactory: createSyncRunner: authority: com.android.contacts
05-25 18:07:47.348  5418  5563 I [SC]DeviceUtil: hasSepLiteSpec: true
05-25 18:07:47.349  5418  5418 I [SC]SamsungCloudApp: time elapsed to initialize ComponentInitializer: 81
05-25 18:07:47.349  5418  5418 I [SC]SamsungCloudApp: time elapsed to initialize DesignCodeConsumerInitializer: 50
05-25 18:07:47.350  5482  5590 V FA      : Connection attempt already in progress
05-25 18:07:47.351  5482  5482 D SamsungAnalytics605045: AppVersion = 13.2.00.6, prefAppVersion = 13.2.00.6, beforeSendCommonTime = 1653021503134, success = true
05-25 18:07:47.351  5482  5482 D SamsungAnalytics605045: newThread on Executor
05-25 18:07:47.352  5482  5482 D SamsungAnalytics605045: [Tracker] Tracker start:6.05.045 , senderType : 3
05-25 18:07:47.352  5418  5456 I [SC]LinkContextProvider: getMigrationState
05-25 18:07:47.354   522   534 D StudioTransport: Running '/system/bin/cmd activity profile start --sampling 1 com.samsung.gpuwatchapp /data/local/tmp/profileable_reporter.tmp 2>/dev/null'
05-25 18:07:47.355  5907 16715 D BluetoothSettingsProvider: query
05-25 18:07:47.355  5907 16715 D BluetoothSettingsProvider: Created cursor android.database.sqlite.SQLiteCursor@92a7bf9
05-25 18:07:47.358  5482  5606 I SamsungAccount: [DeviceManager] isHeadlessDevice = false
05-25 18:07:47.358  5482  5606 I SamsungAccount: [ConsentWorkManager] checkWorkerIsRunning
05-25 18:07:47.358  5482  5482 I SamsungAccount: [AnalyticsPref] setSaVersionStatus : 13.2.00.6
05-25 18:07:47.360  5482  5482 I SamsungAccount: [AccountManagerUtil] isSamsungAccountSignedIn : true
05-25 18:07:47.360  5482  5482 I SamsungAccount: [AnalyticsPref] setSignedInStatus : 1
05-25 18:07:47.361  5482  5610 D SamsungAnalytics605045: do not send setting < 1day
05-25 18:07:47.361  5482  5482 I SamsungAccount: [AccountDiagmonLogger] Diagmon Logger Init
05-25 18:07:47.361  5482  5610 D SamsungAnalytics605045: do not send setting < 1day
05-25 18:07:47.362  5482  5482 I DIAGMON_SDK[605045]: DiagMonAgent type: 2
05-25 18:07:47.363  5482  5482 D DIAGMON_SDK[605045][773-399-565755] : setConfiguration type : CUSTOM
05-25 18:07:47.363  5482  5482 I DIAGMON_SDK[605045][773-399-565755] : generated SR object
05-25 18:07:47.365  5482  5482 I SamsungAccount: [DclPolicyJobService] polling job service was already scheduled (from:86400000 to:86400000)
05-25 18:07:47.365  5482  5482 I SamsungAccount: [SamsungAccount] initBixby2()
05-25 18:07:47.365  5482  5482 I CapsuleProvider_1.0.20: releasing initialize wait lock.
05-25 18:07:47.365  5482  5482 I SamsungAccount: [MobileServiceStateProxy] registerServiceStateForSesSdk : false
05-25 18:07:47.365  5482  5482 I SamsungAccount: [MobileServiceStateImpl] serviceName : AuthService
05-25 18:07:47.365  5482  5482 I SamsungAccount: [MobileServiceStateProxy] registerServiceState, AuthService is added
05-25 18:07:47.365  5482  5482 I SamsungAccount: [MobileServiceStateImpl] serviceName : ProfileService
05-25 18:07:47.365  5482  5482 I SamsungAccount: [MobileServiceStateProxy] registerServiceState, ProfileService is added
05-25 18:07:47.365  5482  5482 I SamsungAccount: [MobileServiceStateImpl] serviceName : PlaceService
05-25 18:07:47.365  5482  5482 I SamsungAccount: [MobileServiceStateProxy] registerServiceState, PlaceService is added
05-25 18:07:47.366  5482  5620 I SamsungAccount: [DclPolicyManager] 3.1.2 GET SERVICE POLICY
05-25 18:07:47.366  5482  5620 I SamsungAccount: [AccountManagerUtil] isSamsungAccountSignedIn : true
05-25 18:07:47.368  5418  5563 I [SC]DevicePropertyUtil: isExistProvider()  true
05-25 18:07:47.368  5482  5620 I SamsungAccount: [DclPolicyManager] Dcl policy : last server request time is not expired.
05-25 18:07:47.368  5482  5620 I SamsungAccount: [DclPolicyManager] Dcl policy : last server request time : 20220525004822
05-25 18:07:47.369  5418  5563 I [SC]DevicePropertyUtil: isExistMeta() true
05-25 18:07:47.369  5482  5482 I SamsungAccount: [Migration]  startMigrationService : Migration was completed in the past! status - 2
05-25 18:07:47.369  5482  5482 I SamsungAccount: [EasySignUpMappingManager] requestMappingIfNeeded
05-25 18:07:47.369  5482  5606 I SamsungAccount: [AccountManagerUtil] isSamsungAccountSignedIn : true
05-25 18:07:47.369  5482  5482 I SamsungAccount: [OpenDBManager] isRequireEmailVerify
05-25 18:07:47.369  5482  5606 I SamsungAccount: [ConsentWorkManager] startWorkerAfterCheckCondition, isHeadlessDevice: false, isRunning : true, isSignOut : false
05-25 18:07:47.369  5482  5482 I SamsungAccount: [OpenDBManager] getTncCursor
05-25 18:07:47.370  5482  5482 I SamsungAccount: [OpenContentProvider]  URI : content://com.msc.openprovider.openContentProvider/tncRequest
05-25 18:07:47.370  5482  5482 I SamsungAccount: [AccountManagerUtil] isSamsungAccountSignedIn : true
05-25 18:07:47.370  5482  5482 I SamsungAccount: [SignatureCheckUtil] runCheckSignatureWithEmptyId
05-25 18:07:47.370  5482  5482 I SamsungAccount: [SignatureCheckUtil] runCheckSignatureAsync
05-25 18:07:47.370  5482  5482 I SamsungAccount: [SignaturePreconditionChecker] getSignatureResult - fromSesSdk : true
05-25 18:07:47.370  5482  5482 E SamsungAccount: [SignaturePreconditionChecker] running on main thread. Plz check your running thread.
05-25 18:07:47.371  5418  5563 I [SC]SyncRunnerFactory: createSyncRunner: authority: com.samsung.android.scloud.deviceproperty
05-25 18:07:47.373  5418  5563 I [SC]BaseSyncUtil: isSupported: com.android.settings: false
05-25 18:07:47.374  5418  5563 I [SC]BaseSyncUtil: isSupported: com.samsung.android.aremoji: false
05-25 18:07:47.375  5418  5563 I [SC]ConnectionEstablisherImpl: WhiteList package is not found - com.samsung.android.app.reminder
05-25 18:07:47.375  5418  5563 I [SC]SyncSettingOperationHandler: unBindExternalSyncItem. but isBound is false. so not unbind..
05-25 18:07:47.375  5418  5577 I [SC]DeviceControlOperator: handled: REQUEST_REFRESH_APP_ICON
05-25 18:07:47.375  5418  5563 I [SC]SyncSettingOperator: handled: REQUEST_UNBIND_EXTERNAL_SYNC_ITEM
05-25 18:07:47.386  5418  5456 I [SC]LinkContextProvider: : is waiting migration status
05-25 18:07:47.386  5418  5456 I [SC]LinkContextProvider: use cache during initialization: MigrationStatus{linkState=None, isNewCloudUser=true, isMigrationSupported=false, isTriggeredDevice=false, isPartnersSyncEnabled=false, eofStage=Disabled, allowedOperations=[]}
05-25 18:07:47.386  5418  5456 I [SC]LinkContextProvider: getMigrationState: Bundle[{IsPartnersSyncEnabled=false, IsNewCloudUser=true, IsTriggeredDevice=false, EOFStage=Disabled, AllowedOperations=[MeridianInterfaceSupport], LinkState=None, IsMigrationSupported=false}]
05-25 18:07:47.390  5418  5614 I [SC][AUTH]SmpUtil: Firebase init
05-25 18:07:47.391  5482  5482 I SamsungAccount: [SignatureInfoDbHelper] getSignatureResult - [][app.signin.]
05-25 18:07:47.392  5482  5482 I SamsungAccount: [SignatureInfoDbHelper] searchOnUser
05-25 18:07:47.401   522   534 D StudioTransport: Running '/system/bin/cmd activity profile start --sampling 1 com.samsung.android.scloud /data/local/tmp/profileable_reporter.tmp 2>/dev/null'
05-25 18:07:47.408  5482  5482 I SamsungAccount: [SignatureInfoDbHelper] searchOnUser - [][app.signin.][64/d000f] => matched
05-25 18:07:47.408  5482  5482 I SamsungAccount: [SignatureInfoDbHelper] search - matched
05-25 18:07:47.408  5482  5482 I SamsungAccount: [SignatureCheckUtil] runCheckSignatureAsync(fromDb) - matched
05-25 18:07:47.409  5418  5418 I [SC]SamsungCloudApp: time elapsed to initialize BackupInitializer: 93
05-25 18:07:47.409  5418  5418 I [SC]SamsungCloudApp: time elapsed to initialize DeviceDependentInitializer: 90
05-25 18:07:47.411  5482  5482 I SamsungAccount: [OpenDBManager] isRequireNameValid
05-25 18:07:47.411  5482  5482 I SamsungAccount: [OpenDBManager] getTncCursor
05-25 18:07:47.411  5482  5482 I SamsungAccount: [OpenContentProvider]  URI : content://com.msc.openprovider.openContentProvider/tncRequest
05-25 18:07:47.411  5482  5482 I SamsungAccount: [AccountManagerUtil] isSamsungAccountSignedIn : true
05-25 18:07:47.412  5482  5482 I SamsungAccount: [SignatureCheckUtil] runCheckSignatureWithEmptyId
05-25 18:07:47.412  5482  5482 I SamsungAccount: [SignatureCheckUtil] runCheckSignatureAsync
05-25 18:07:47.412  5482  5482 I SamsungAccount: [SignaturePreconditionChecker] getSignatureResult - fromSesSdk : true
05-25 18:07:47.412  5482  5482 E SamsungAccount: [SignaturePreconditionChecker] running on main thread. Plz check your running thread.
05-25 18:07:47.412  5482  5482 I SamsungAccount: [SignatureInfoDbHelper] getSignatureResult - [][app.signin.]
05-25 18:07:47.412  5482  5482 I SamsungAccount: [SignatureInfoDbHelper] searchOnUser
05-25 18:07:47.416  5482  5482 I SamsungAccount: [SignatureInfoDbHelper] searchOnUser - [][app.signin.][64/d000f] => matched
05-25 18:07:47.416  5482  5482 I SamsungAccount: [SignatureInfoDbHelper] search - matched
05-25 18:07:47.416  5482  5482 I SamsungAccount: [SignatureCheckUtil] runCheckSignatureAsync(fromDb) - matched
05-25 18:07:47.417  5482  5482 I SamsungAccount: [DbManagerV2] getMccFromDB
05-25 18:07:47.418  5482  5482 I SamsungAccount: [DbManagerV2] getDataV02ForItems : MCC from Db
05-25 18:07:47.420  4867  4867 I keystore: !@ reading blob user_0/10100_USRPKEY_com+^osp+^app+^signin_samsung_account_key
05-25 18:07:47.422  4867  4867 I keystore: !@ reading blob user_0/10100_USRPKEY_com+^osp+^app+^signin_samsung_account_key
05-25 18:07:47.423  4867  4867 I keystore: !@ Start - USRPKEY_com.osp.app.signin_samsung_account_key from uid 10100 for uid 10100, isKnoxKey(0)
05-25 18:07:47.424  4867  4867 I keystore: !@ reading blob user_0/10100_USRPKEY_com+^osp+^app+^signin_samsung_account_key
05-25 18:07:47.424  4411  4411 W keymaster_tee: [WRN]begin req PARAMS: A32 B2 P64
05-25 18:07:47.435  5418  5618 I BluetoothAdapter: STATE_ON
05-25 18:07:47.437  5120 10517 D MotionRecognitionService: values = 30.0
05-25 18:07:47.437  5120 10517 D MotionRecognitionService: onReceive lux: 30.0  action:
05-25 18:07:47.437  5120 10517 D MotionRecognitionService: Inject brightness form Cam 30.0
05-25 18:07:47.437  5120 10517 D MotionRecognitionService: Inject calibrated lux
05-25 18:07:47.438  4717  4717 I SensorsHub: AutoBrightnessSensor::inject_sensor_data: cam_lux 30
05-25 18:07:47.448  5418  5418 I [SC]SamsungCloudApp: time elapsed to initialize SyncInitializer: 126
05-25 18:07:47.449  5418  5418 I [SC]SamsungCloudApp: time elapsed to initialize AccountDependentInitializer: 122
05-25 18:07:47.453  5418  5418 I [SC]SamsungCloudApp: onCreate: completed.
05-25 18:07:47.465  5482  5482 I SamsungAccount: [DataUtil] Not Skip Name Validation by accountMCC
05-25 18:07:47.466  5418  5418 I CapsuleProvider_1.0.21: releasing initialize wait lock.
05-25 18:07:47.467   522   534 D StudioTransport: Running '/system/bin/cmd activity profile start --sampling 1 com.osp.app.signin /data/local/tmp/profileable_reporter.tmp 2>/dev/null'
05-25 18:07:47.467  5418  5418 I [SC]SbixbyProxy: Bixby 2.0 was activiated
05-25 18:07:47.468  5482  5482 I SamsungAccount: [OpenDBManager] requireEmailOrNameVerification : false
05-25 18:07:47.470  5418  5418 I [SC]SiopLevelMonitorReceiverImpl: onReceive: com.samsung.intent.action.CHECK_SIOP_LEVEL
05-25 18:07:47.471  5418  5418 I [SC]BatteryMonitorReceiverImpl: onReceive: android.intent.action.BATTERY_CHANGED
05-25 18:07:47.479  5418  5639 I DIAGMON_SDK[605036][026-399-529756] : Report AppPerf: application_initializing(f06aa5e0-0716-4838-9000-02b9e5264406)
05-25 18:07:47.480  5418  5627 I [SC]SecMediaChangeMonitor: onStartMonitoring
05-25 18:07:47.488 10848 10894 E Parcel  : Class not found when unmarshalling: com.sec.android.diagmonagent.dma.aperf.Operation
05-25 18:07:47.488 10848 10894 E Parcel  : java.lang.ClassNotFoundException: com.sec.android.diagmonagent.dma.aperf.Operation
05-25 18:07:47.488 10848 10894 E Parcel  : 	at java.lang.Class.classForName(Native Method)
05-25 18:07:47.488 10848 10894 E Parcel  : 	at java.lang.Class.forName(Class.java:454)
05-25 18:07:47.488 10848 10894 E Parcel  : 	at android.os.Parcel.readParcelableCreator(Parcel.java:3350)
05-25 18:07:47.488 10848 10894 E Parcel  : 	at android.os.Parcel.readParcelable(Parcel.java:3284)
05-25 18:07:47.488 10848 10894 E Parcel  : 	at android.os.Parcel.readValue(Parcel.java:3186)
05-25 18:07:47.488 10848 10894 E Parcel  : 	at android.os.Parcel.readArrayMapInternal(Parcel.java:3579)
05-25 18:07:47.488 10848 10894 E Parcel  : 	at android.os.BaseBundle.initializeFromParcelLocked(BaseBundle.java:292)
05-25 18:07:47.488 10848 10894 E Parcel  : 	at android.os.BaseBundle.unparcel(BaseBundle.java:236)
05-25 18:07:47.488 10848 10894 E Parcel  : 	at android.os.BaseBundle.getString(BaseBundle.java:1196)
05-25 18:07:47.488 10848 10894 E Parcel  : 	at com.sec.android.diagmonagent.dma.DiagmonProvider.call(DiagmonProvider.java:69)
05-25 18:07:47.488 10848 10894 E Parcel  : 	at android.content.ContentProvider.call(ContentProvider.java:2489)
05-25 18:07:47.488 10848 10894 E Parcel  : 	at android.content.ContentProvider$Transport.call(ContentProvider.java:517)
05-25 18:07:47.488 10848 10894 E Parcel  : 	at android.content.ContentProviderNative.onTransact(ContentProviderNative.java:295)
05-25 18:07:47.488 10848 10894 E Parcel  : 	at android.os.Binder.execTransactInternal(Binder.java:1190)
05-25 18:07:47.488 10848 10894 E Parcel  : 	at android.os.Binder.execTransact(Binder.java:1159)
05-25 18:07:47.488 10848 10894 E Parcel  : Caused by: java.lang.ClassNotFoundException: com.sec.android.diagmonagent.dma.aperf.Operation
05-25 18:07:47.488 10848 10894 E Parcel  : 	... 15 more
05-25 18:07:47.490 10848 10894 E DatabaseUtils: Writing exception to parcel
05-25 18:07:47.490 10848 10894 E DatabaseUtils: android.os.BadParcelableException: ClassNotFoundException when unmarshalling: com.sec.android.diagmonagent.dma.aperf.Operation
05-25 18:07:47.490 10848 10894 E DatabaseUtils: 	at android.os.Parcel.readParcelableCreator(Parcel.java:3376)
05-25 18:07:47.490 10848 10894 E DatabaseUtils: 	at android.os.Parcel.readParcelable(Parcel.java:3284)
05-25 18:07:47.490 10848 10894 E DatabaseUtils: 	at android.os.Parcel.readValue(Parcel.java:3186)
05-25 18:07:47.490 10848 10894 E DatabaseUtils: 	at android.os.Parcel.readArrayMapInternal(Parcel.java:3579)
05-25 18:07:47.490 10848 10894 E DatabaseUtils: 	at android.os.BaseBundle.initializeFromParcelLocked(BaseBundle.java:292)
05-25 18:07:47.490 10848 10894 E DatabaseUtils: 	at android.os.BaseBundle.unparcel(BaseBundle.java:236)
05-25 18:07:47.490 10848 10894 E DatabaseUtils: 	at android.os.BaseBundle.getString(BaseBundle.java:1196)
05-25 18:07:47.490 10848 10894 E DatabaseUtils: 	at com.sec.android.diagmonagent.dma.DiagmonProvider.call(DiagmonProvider.java:69)
05-25 18:07:47.490 10848 10894 E DatabaseUtils: 	at android.content.ContentProvider.call(ContentProvider.java:2489)
05-25 18:07:47.490 10848 10894 E DatabaseUtils: 	at android.content.ContentProvider$Transport.call(ContentProvider.java:517)
05-25 18:07:47.490 10848 10894 E DatabaseUtils: 	at android.content.ContentProviderNative.onTransact(ContentProviderNative.java:295)
05-25 18:07:47.490 10848 10894 E DatabaseUtils: 	at android.os.Binder.execTransactInternal(Binder.java:1190)
05-25 18:07:47.490 10848 10894 E DatabaseUtils: 	at android.os.Binder.execTransact(Binder.java:1159)
05-25 18:07:47.493  5418  5639 W DIAGMON_SDK[605036][026-399-529756] : Fail to app perf Data
05-25 18:07:47.503  5418  5614 I SmpLog  : [SMP] init. S:true, P:SPP_ONLY_MODE
05-25 18:07:47.509  4695  4695 D Zygote  : Forked child process 5653
05-25 18:07:47.520  5648  5655 I cmd     : oneway function results will be dropped but finished with status OK and parcel size 4
05-25 18:07:47.523   522   534 D StudioTransport: Running '/system/bin/cmd activity profile start --sampling 1 com.sec.android.app.myfiles /data/local/tmp/profileable_reporter.tmp 2>/dev/null'
05-25 18:07:47.531  5418  5614 I [SC][AUTH]SmpUtil: initializeSmp
05-25 18:07:47.548  5653  5653 E d.mobileservic: Not starting debugger since process cannot load the jdwp agent.
05-25 18:07:47.560  5653  5653 D ActivityThread: setConscryptValidator
05-25 18:07:47.561  5653  5653 D ActivityThread: setConscryptValidator - put
05-25 18:07:47.577  5418  5614 I [SC]AllowListBuilder: setDefaultAllowList
05-25 18:07:47.600  5653  5653 I d.mobileservic: The ClassLoaderContext is a special shared library.
05-25 18:07:47.605  5653  5653 I d.mobileservic: The ClassLoaderContext is a special shared library.
05-25 18:07:47.617  5515  5515 I MyFiles : [0001/PackageCheckUtils   ] getVersionName : com.sec.android.app.myfiles 12.2.07.71
05-25 18:07:47.617  5418  5664 I SmpLog  : [SMP] get token : ...k8 (152)
05-25 18:07:47.628  5515  5515 I CapsuleProvider_1.0.21: onCreate
05-25 18:07:47.637  5418  5662 I SmpLog  : [SMP] Test mode: false, v:3.2.6, com.samsung.android.scloud
05-25 18:07:47.637  5120 10517 D MotionRecognitionService: values = 30.0
05-25 18:07:47.637  5120 10517 D MotionRecognitionService: onReceive lux: 30.0  action:
05-25 18:07:47.638  5120 10517 D MotionRecognitionService: Inject brightness form Cam 30.0
05-25 18:07:47.638  5120 10517 D MotionRecognitionService: Inject calibrated lux
05-25 18:07:47.639  4717  4717 I SensorsHub: AutoBrightnessSensor::inject_sensor_data: cam_lux 30
05-25 18:07:47.675  5418  5662 I SmpLog  : [SMP] ptype:fcm, token:...k8 (152), D:null, U:null, S:false, M:null, P:SPP_ONLY_MODE
05-25 18:07:47.697  5515  5515 I MyFiles : [0002/MyFilesReceiver     ] onReceive() ] action : android.intent.action.PACKAGE_FULLY_REMOVED
05-25 18:07:47.701  5653  5653 I FirebaseInitProvider: FirebaseApp initialization successful
05-25 18:07:47.706  5653  5653 I SEMS:SamsungAccount: [Auth/SSP] onCreated
05-25 18:07:47.706  5515  5695 I MyFiles : [0003/DiagMonLogger       ] DiagMon init
05-25 18:07:47.708  5515  5695 I DIAGMON_SDK[605045]: DiagMonAgent type: 2
05-25 18:07:47.711  5653  5653 E SEMS:DataAdapter_13.0.4.16: [SemsLog][main][b] Instance null
05-25 18:07:47.711  5515  5695 I DIAGMON_SDK[605045][mf3km12ugy] : generated SR object
05-25 18:07:47.719  5515  5693 I MyFiles : [0004/EnvManager          ] checkUnder3GBRam() ] Ram : 5574
05-25 18:07:47.738  5653  5653 I SEMS:Registration_13.0.4.16: [AuthLog][main][EsuAgentProvider] onCreate
05-25 18:07:47.739  5653  5653 I SEMS:Registration_13.0.4.16: [AuthLog][main][EsuAgentDBHelper] getInstance start null
05-25 18:07:47.739  5653  5653 I SEMS:Registration_13.0.4.16: [AuthLog][main][EsuAgentDBHelper] getInstance end
05-25 18:07:47.739  4695  4695 D Zygote  : Forked child process 5707
05-25 18:07:47.760  5653  5653 I MobileServiceApplication: onCreate
05-25 18:07:47.761  5653  5679 I SEMS:Registration_13.0.4.16: [AuthLog][Binder:5653_2][EsuAgentProvider] uri : content://com.samsung.android.coreapps.easysignup.public/is_auth
05-25 18:07:47.765  5653  5653 I DIAGMON_SDK[605050]: DiagMonAgent type: 2
05-25 18:07:47.765  5653  5653 I DIAGMON_SDK[605050][sebzp6l7wd] : generated SR object
05-25 18:07:47.771  5653  5653 I SEMS:Common_13.0.4.16: [CommonLog][main][MobileServiceCommon] init
05-25 18:07:47.771  5653  5653 I SEMS:Common_13.0.4.16: [CommonLog][main][SALogger] Init SamsungAnalytics Start
05-25 18:07:47.776  5653  5653 I SEMS:Common_13.0.4.16: [CommonLog][main][SALogger] Init SamsungAnalytics Completed
05-25 18:07:47.777  5653  5653 I SEMS:DataAdapter_13.0.4.16: [][main][MobileServiceDataAdapter] init
05-25 18:07:47.779  5653  5653 I SEMS:SupportedService_13.0.4.16: [][main][MobileServiceSupportedService] init
05-25 18:07:47.779  5653  5653 I SEMS:SupportedService_13.0.4.16: [][main][MobileServiceState] init
05-25 18:07:47.779  5653  5653 I SEMS:SupportedService_13.0.4.16: [][main][MobileServiceState] registerServiceState done
05-25 18:07:47.780  5707  5707 E .app.soundaliv: Not starting debugger since process cannot load the jdwp agent.
05-25 18:07:47.784  4867  4867 I keystore: !@ reading blob user_0/10103_USRPKEY_com+^samsung+^android+^mobileservice_commonprefkey
05-25 18:07:47.786  5707  5707 D ActivityThread: setConscryptValidator
05-25 18:07:47.786  5707  5707 D ActivityThread: setConscryptValidator - put
05-25 18:07:47.788  4222  4222 I lmkd    : cached 0, sandbox(not0) 0
05-25 18:07:47.793  4867  4867 I keystore: !@ Start - USRPKEY_com.samsung.android.mobileservice_commonprefkey from uid 10103 for uid 10103, isKnoxKey(0)
05-25 18:07:47.794  4867  4867 I keystore: !@ reading blob user_0/10103_USRPKEY_com+^samsung+^android+^mobileservice_commonprefkey
05-25 18:07:47.795  4411  4411 W keymaster_tee: [WRN]begin req PARAMS: A32 B2 P64
05-25 18:07:47.801  4222  4222 I lmkd    : Reclaim 'com.google.android.youtube' (17627), uid 10207, oom_adj 999, state 19 to free 220272kB
05-25 18:07:47.801  4222  4222 I lmkd    : Reclaimed 220272kB at oom_adj 0
05-25 18:07:47.809  5653  5653 I SEMS:Common_13.0.4.16: [CommonLog][main][SaServiceUtil] guid : w4*****fp*, at : JN*****hl*, issuedTime : 16*****22****
05-25 18:07:47.811  5653  5653 I SEMS:Common_13.0.4.16: [CommonLog][main][NumberUtils] getIso3CCFromMCC : mcc = 250 / countryCode = RUS
05-25 18:07:47.811  5653  5653 I SEMS:Common_13.0.4.16: [CommonLog][main][DeviceUtils] isShipBinary :true
05-25 18:07:47.812  5653  5653 I SEMS:SupportedService_13.0.4.16: [][main][MobileServiceSocialPolicy] MobileServiceSocialPolicy created
05-25 18:07:47.814  5653  5653 I SEMS:Common_13.0.4.16: [CommonLog][main][DeviceUtils] isSamsungAccountSignedIn : true
05-25 18:07:47.822  5653  5653 I SEMS:SupportedService_13.0.4.16: [][main][ServerDomainPolicy] updateServerDomain
05-25 18:07:47.822  5653  5653 I SEMS:SupportedService_13.0.4.16: [][main][SettingPolicy] loadSetting
05-25 18:07:47.823  5653  5653 I SEMS:Registration_13.0.4.16: [AgreementLog][main][MobileServiceAgreement] init.
05-25 18:07:47.826  5653  5739 I SEMS:SupportedService_13.0.4.16: [][RxCachedThreadScheduler-2][ServerDomainPolicy] updateServerInterface: SocialServerDomainAddress  empty server domain
05-25 18:07:47.826  5653  5653 I SEMS:Common_13.0.4.16: [CommonLog][main][DeviceUtils] isSamsungAccountSignedIn : true
05-25 18:07:47.826  5653  5653 I SEMS:Registration_13.0.4.16: [AgreementLog][main][MobileServiceAgreement] cancelTermsCheckJobService
05-25 18:07:47.826  5653  5739 I SEMS:Common_13.0.4.16: [CommonLog][RxCachedThreadScheduler-2][DeviceUtils] isShipBinary :true
05-25 18:07:47.826  5653  5739 I SEMS:DataAdapter_13.0.4.16: [][RxCachedThreadScheduler-2][NetworkManager] removeAllSsfClient
05-25 18:07:47.827  5653  5739 I SEMS:SupportedService_13.0.4.16: [][RxCachedThreadScheduler-2][ServerDomainPolicy] updateServerInterface: ConsentServerDomainAddress  empty server domain
05-25 18:07:47.827  5653  5739 I SEMS:Common_13.0.4.16: [CommonLog][RxCachedThreadScheduler-2][DeviceUtils] isShipBinary :true
05-25 18:07:47.829  5653  5653 I SEMS:Registration_13.0.4.16: [AuthLog][main][MobileServiceDeviceAuth] init
05-25 18:07:47.833  5653  5653 I SEMS:Registration_13.0.4.16: [AuthLog][main][CoreAppsFeature] CoreAppsFeature init start init flag : false, invalidate : false
05-25 18:07:47.833  5653  5653 I SEMS:Registration_13.0.4.16: [AuthLog][main][CoreAppsFeature] device check : true, false
05-25 18:07:47.834  5653  5653 I SEMS:Registration_13.0.4.16: [AuthLog][main][CoreAppsFeature] supportServiceMap : {4=true, 3=false, 2=true, 1=false, 0=true}
05-25 18:07:47.834  5653  5653 I SEMS:Common_13.0.4.16: [CommonLog][main][CommonPref] getBoolean - key : push_migration_done , value : true
05-25 18:07:47.834  5653  5679 I SEMS:Common_13.0.4.16: [CommonLog][Binder:5653_2][SimUtil] All sim status is absent. return authenticated imsi
05-25 18:07:47.834  5653  5653 I SEMS:Registration_13.0.4.16: [PushLog][main][SmpManager] Instance created
05-25 18:07:47.835  5653  5653 I SEMS:Registration_13.0.4.16: [PushLog][main][SmpManager] registerMessageCallback - 0
05-25 18:07:47.835  5653  5653 I SEMS:Registration_13.0.4.16: [PushLog][main][SmpManager] registerTokenCallback
05-25 18:07:47.835  5653  5738 I Policy_12.2.07: [RxCachedThreadScheduler-1][MobileServicePolicy] scheduleJob success : 86400000
05-25 18:07:47.835  5653  5653 I SEMS:Registration_13.0.4.16: [AuthLog][main][MobileServiceDeviceAuth] VERSION : 13.0.04.16
05-25 18:07:47.835  5653  5741 I SEMS:SupportedService_13.0.4.16: [][RxCachedThreadScheduler-3][SettingPolicy] updateSettingValues: {GlobalGroupSharingEos=null, CalendarCleanDuplicateInterval=null}
